05-17 17:03:02.295 E/EventLogger(16713): 	at java.util.concurrent.ThreadPoolExecutor$Worker.run(ThreadPoolExecutor.java:607)
05-17 17:03:02.295 E/EventLogger(16713): 	at java.lang.Thread.run(Thread.java:761)
05-17 17:03:02.306 D/EventLogger(16713): state [28.75, true, I]
05-17 17:03:02.757 D/EventLogger(16713): state [29.20, true, B]
05-17 17:03:02.968 E/EventLogger(16713): internalError [29.41, loadError]
05-17 17:03:02.968 E/EventLogger(16713): com.google.android.exoplayer2.ParserException: Invalid date/time format: 2017-05-17T03:01:24.293-6:00
05-17 17:03:02.968 E/EventLogger(16713): 	at com.google.android.exoplayer2.util.Util.parseXsDateTime(Util.java:519)
05-17 17:03:02.968 E/EventLogger(16713): 	at com.google.android.exoplayer2.source.hls.playlist.HlsPlaylistParser.parseMediaPlaylist(HlsPlaylistParser.java:343)
05-17 17:03:02.968 E/EventLogger(16713): 	at com.google.android.exoplayer2.source.hls.playlist.HlsPlaylistParser.parse(HlsPlaylistParser.java:129)
05-17 17:03:02.968 E/EventLogger(16713): 	at com.google.android.exoplayer2.source.hls.playlist.HlsPlaylistParser.parse(HlsPlaylistParser.java:41)
05-17 17:03:02.968 E/EventLogger(16713): 	at com.google.android.exoplayer2.upstream.ParsingLoadable.load(ParsingLoadable.java:115)
05-17 17:03:02.968 E/EventLogger(16713): 	at com.google.android.exoplayer2.upstream.Loader$LoadTask.run(Loader.java:295)
05-17 17:03:02.968 E/EventLogger(16713): 	at java.util.concurrent.ThreadPoolExecutor.runWorker(ThreadPoolExecutor.java:1133)
05-17 17:03:02.968 E/EventLogger(16713): 	at java.util.concurrent.ThreadPoolExecutor$Worker.run(ThreadPoolExecutor.java:607)
05-17 17:03:02.968 E/EventLogger(16713): 	at java.lang.Thread.run(Thread.java:761)
05-17 17:03:02.975 E/ExoPlayerImplInternal(16713): Source error.
05-17 17:03:02.975 E/ExoPlayerImplInternal(16713): com.google.android.exoplayer2.ParserException: Invalid date/time format: 2017-05-17T03:01:24.293-6:00
05-17 17:03:02.975 E/ExoPlayerImplInternal(16713): 	at com.google.android.exoplayer2.util.Util.parseXsDateTime(Util.java:519)
05-17 17:03:02.975 E/ExoPlayerImplInternal(16713): 	at com.google.android.exoplayer2.source.hls.playlist.HlsPlaylistParser.parseMediaPlaylist(HlsPlaylistParser.java:343)
05-17 17:03:02.975 E/ExoPlayerImplInternal(16713): 	at com.google.android.exoplayer2.source.hls.playlist.HlsPlaylistParser.parse(HlsPlaylistParser.java:129)
05-17 17:03:02.975 E/ExoPlayerImplInternal(16713): 	at com.google.android.exoplayer2.source.hls.playlist.HlsPlaylistParser.parse(HlsPlaylistParser.java:41)
05-17 17:03:02.975 E/ExoPlayerImplInternal(16713): 	at com.google.android.exoplayer2.upstream.ParsingLoadable.load(ParsingLoadable.java:115)
05-17 17:03:02.975 E/ExoPlayerImplInternal(16713): 	at com.google.android.exoplayer2.upstream.Loader$LoadTask.run(Loader.java:295)
05-17 17:03:02.975 E/ExoPlayerImplInternal(16713): 	at java.util.concurrent.ThreadPoolExecutor.runWorker(ThreadPoolExecutor.java:1133)
05-17 17:03:02.975 E/ExoPlayerImplInternal(16713): 	at java.util.concurrent.ThreadPoolExecutor$Worker.run(ThreadPoolExecutor.java:607)
05-17 17:03:02.975 E/ExoPlayerImplInternal(16713): 	at java.lang.Thread.run(Thread.java:761)
05-17 17:03:02.977 E/EventLogger(16713): playerFailed [29.42]
05-17 17:03:02.977 E/EventLogger(16713): com.google.android.exoplayer2.ExoPlaybackException
05-17 17:03:02.977 E/EventLogger(16713): 	at com.google.android.exoplayer2.ExoPlayerImplInternal.handleMessage(ExoPlayerImplInternal.java:345)
05-17 17:03:02.977 E/EventLogger(16713): 	at android.os.Handler.dispatchMessage(Handler.java:98)
05-17 17:03:02.977 E/EventLogger(16713): 	at android.os.Looper.loop(Looper.java:154)
05-17 17:03:02.977 E/EventLogger(16713): 	at android.os.HandlerThread.run(HandlerThread.java:61)
05-17 17:03:02.977 E/EventLogger(16713): 	at com.google.android.exoplayer2.util.PriorityHandlerThread.run(PriorityHandlerThread.java:40)
05-17 17:03:02.977 E/EventLogger(16713): Caused by: com.google.android.exoplayer2.ParserException: Invalid date/time format: 2017-05-17T03:01:24.293-6:00
05-17 17:03:02.977 E/EventLogger(16713): 	at com.google.android.exoplayer2.util.Util.parseXsDateTime(Util.java:519)
05-17 17:03:02.977 E/EventLogger(16713): 	at com.google.android.exoplayer2.source.hls.playlist.HlsPlaylistParser.parseMediaPlaylist(HlsPlaylistParser.java:343)
05-17 17:03:02.977 E/EventLogger(16713): 	at com.google.android.exoplayer2.source.hls.playlist.HlsPlaylistParser.parse(HlsPlaylistParser.java:129)
05-17 17:03:02.977 E/EventLogger(16713): 	at com.google.android.exoplayer2.source.hls.playlist.HlsPlaylistParser.parse(HlsPlaylistParser.java:41)
05-17 17:03:02.977 E/EventLogger(16713): 	at com.google.android.exoplayer2.upstream.ParsingLoadable.load(ParsingLoadable.java:115)
05-17 17:03:02.977 E/EventLogger(16713): 	at com.google.android.exoplayer2.upstream.Loader$LoadTask.run(Loader.java:295)
05-17 17:03:02.977 E/EventLogger(16713): 	at java.util.concurrent.ThreadPoolExecutor.runWorker(ThreadPoolExecutor.java:1133)
05-17 17:03:02.977 E/EventLogger(16713): 	at java.util.concurrent.ThreadPoolExecutor$Worker.run(ThreadPoolExecutor.java:607)
05-17 17:03:02.977 E/EventLogger(16713): 	at java.lang.Thread.run(Thread.java:761)
05-17 17:03:02.991 D/EventLogger(16713): state [29.43, true, I]
05-17 17:03:05.775 D/ConnectivityService(  602): NetworkAgentInfo [WIFI () - 129] validation failed
05-17 17:03:05.776 I/chatty  (  602): uid=1000(system) WifiStateMachin expire 2 lines
05-17 17:03:05.779 I/chatty  (  602): uid=1000 system_server expire 32 lines
05-17 17:03:14.155 I/chatty  (25589): uid=10268(com.suretech.playerF) Timer-84 expire 1 line
05-17 17:03:14.249 I/chatty  (25589): uid=10268(com.suretech.playerF) expire 3 lines
05-17 17:03:25.060 I/PlayCommon(16083): [1145] PlayEventLogger.uploadEventsImpl: Preparing logs for uploading
05-17 17:03:25.061 I/PlayCommon(16083): [1145] PlayEventLogger.uploadEventsImpl: No file ready to send
05-17 17:03:25.957 I/chatty  (25589): uid=10268(com.suretech.playerF) Timer-48 expire 434 lines
05-17 17:04:29.927 E/BatteryStatsService(  602): no controller energy info supplied
05-17 17:04:29.928 E/PhoneInterfaceManager(  789): [PhoneIntfMgr] queryModemActivityInfo: Empty response
05-17 17:04:29.935 E/BatteryStatsService(  602): modem info is invalid: ModemActivityInfo{ mTimestamp=0 mSleepTimeMs=0 mIdleTimeMs=0 mTxTimeMs[]=[0, 0, 0, 0, 0] mRxTimeMs=0 mEnergyUsed=0}
05-17 17:04:30.417 I/chatty  (25589): uid=10268(com.suretech.playerF) Timer-48 expire 315 lines
05-17 17:05:16.977 I/PlayCommon(10159): [1099] com.google.android.play.a.g.e(202): Preparing logs for uploading
05-17 17:05:16.977 I/PlayCommon(10159): [1099] com.google.android.play.a.g.e(206): No file ready to send
05-17 17:05:17.150 I/chatty  (25589): uid=10268(com.suretech.playerF) Timer-48 expire 112 lines
05-17 17:05:33.218 D/EventLogger(16713): state [179.66, true, B]
05-17 17:05:33.639 E/EventLogger(16713): internalError [180.08, loadError]
05-17 17:05:33.639 E/EventLogger(16713): com.google.android.exoplayer2.ParserException: Invalid date/time format: 2017-05-17T03:03:45.308-6:00
05-17 17:05:33.639 E/EventLogger(16713): 	at com.google.android.exoplayer2.util.Util.parseXsDateTime(Util.java:519)
05-17 17:05:33.639 E/EventLogger(16713): 	at com.google.android.exoplayer2.source.hls.playlist.HlsPlaylistParser.parseMediaPlaylist(HlsPlaylistParser.java:343)
05-17 17:05:33.639 E/EventLogger(16713): 	at com.google.android.exoplayer2.source.hls.playlist.HlsPlaylistParser.parse(HlsPlaylistParser.java:129)
05-17 17:05:33.639 E/EventLogger(16713): 	at com.google.android.exoplayer2.source.hls.playlist.HlsPlaylistParser.parse(HlsPlaylistParser.java:41)
05-17 17:05:33.639 E/EventLogger(16713): 	at com.google.android.exoplayer2.upstream.ParsingLoadable.load(ParsingLoadable.java:115)
05-17 17:05:33.639 E/EventLogger(16713): 	at com.google.android.exoplayer2.upstream.Loader$LoadTask.run(Loader.java:295)
05-17 17:05:33.639 E/EventLogger(16713): 	at java.util.concurrent.ThreadPoolExecutor.runWorker(ThreadPoolExecutor.java:1133)
05-17 17:05:33.639 E/EventLogger(16713): 	at java.util.concurrent.ThreadPoolExecutor$Worker.run(ThreadPoolExecutor.java:607)
05-17 17:05:33.639 E/EventLogger(16713): 	at java.lang.Thread.run(Thread.java:761)
05-17 17:05:33.642 E/ExoPlayerImplInternal(16713): Source error.
05-17 17:05:33.642 E/ExoPlayerImplInternal(16713): com.google.android.exoplayer2.ParserException: Invalid date/time format: 2017-05-17T03:03:45.308-6:00
05-17 17:05:33.642 E/ExoPlayerImplInternal(16713): 	at com.google.android.exoplayer2.util.Util.parseXsDateTime(Util.java:519)
05-17 17:05:33.642 E/ExoPlayerImplInternal(16713): 	at com.google.android.exoplayer2.source.hls.playlist.HlsPlaylistParser.parseMediaPlaylist(HlsPlaylistParser.java:343)
05-17 17:05:33.642 E/ExoPlayerImplInternal(16713): 	at com.google.android.exoplayer2.source.hls.playlist.HlsPlaylistParser.parse(HlsPlaylistParser.java:129)
05-17 17:05:33.642 E/ExoPlayerImplInternal(16713): 	at com.google.android.exoplayer2.source.hls.playlist.HlsPlaylistParser.parse(HlsPlaylistParser.java:41)
05-17 17:05:33.642 E/ExoPlayerImplInternal(16713): 	at com.google.android.exoplayer2.upstream.ParsingLoadable.load(ParsingLoadable.java:115)
05-17 17:05:33.642 E/ExoPlayerImplInternal(16713): 	at com.google.android.exoplayer2.upstream.Loader$LoadTask.run(Loader.java:295)
05-17 17:05:33.642 E/ExoPlayerImplInternal(16713): 	at java.util.concurrent.ThreadPoolExecutor.runWorker(ThreadPoolExecutor.java:1133)
05-17 17:05:33.642 E/ExoPlayerImplInternal(16713): 	at java.util.concurrent.ThreadPoolExecutor$Worker.run(ThreadPoolExecutor.java:607)
05-17 17:05:33.642 E/ExoPlayerImplInternal(16713): 	at java.lang.Thread.run(Thread.java:761)
05-17 17:05:33.644 E/EventLogger(16713): playerFailed [180.09]
05-17 17:05:33.644 E/EventLogger(16713): com.google.android.exoplayer2.ExoPlaybackException
05-17 17:05:33.644 E/EventLogger(16713): 	at com.google.android.exoplayer2.ExoPlayerImplInternal.handleMessage(ExoPlayerImplInternal.java:345)
05-17 17:05:33.644 E/EventLogger(16713): 	at android.os.Handler.dispatchMessage(Handler.java:98)
05-17 17:05:33.644 E/EventLogger(16713): 	at android.os.Looper.loop(Looper.java:154)
05-17 17:05:33.644 E/EventLogger(16713): 	at android.os.HandlerThread.run(HandlerThread.java:61)
05-17 17:05:33.644 E/EventLogger(16713): 	at com.google.android.exoplayer2.util.PriorityHandlerThread.run(PriorityHandlerThread.java:40)
05-17 17:05:33.644 E/EventLogger(16713): Caused by: com.google.android.exoplayer2.ParserException: Invalid date/time format: 2017-05-17T03:03:45.308-6:00
05-17 17:05:33.644 E/EventLogger(16713): 	at com.google.android.exoplayer2.util.Util.parseXsDateTime(Util.java:519)
05-17 17:05:33.644 E/EventLogger(16713): 	at com.google.android.exoplayer2.source.hls.playlist.HlsPlaylistParser.parseMediaPlaylist(HlsPlaylistParser.java:343)
05-17 17:05:33.644 E/EventLogger(16713): 	at com.google.android.exoplayer2.source.hls.playlist.HlsPlaylistParser.parse(HlsPlaylistParser.java:129)
05-17 17:05:33.644 E/EventLogger(16713): 	at com.google.android.exoplayer2.source.hls.playlist.HlsPlaylistParser.parse(HlsPlaylistParser.java:41)
05-17 17:05:33.644 E/EventLogger(16713): 	at com.google.android.exoplayer2.upstream.ParsingLoadable.load(ParsingLoadable.java:115)
05-17 17:05:33.644 E/EventLogger(16713): 	at com.google.android.exoplayer2.upstream.Loader$LoadTask.run(Loader.java:295)
05-17 17:05:33.644 E/EventLogger(16713): 	at java.util.concurrent.ThreadPoolExecutor.runWorker(ThreadPoolExecutor.java:1133)
05-17 17:05:33.644 E/EventLogger(16713): 	at java.util.concurrent.ThreadPoolExecutor$Worker.run(ThreadPoolExecutor.java:607)
05-17 17:05:33.644 E/EventLogger(16713): 	at java.lang.Thread.run(Thread.java:761)
05-17 17:05:33.651 D/EventLogger(16713): state [180.09, true, I]
05-17 17:05:33.740 I/chatty  (25589): uid=10268(com.suretech.playerF) Timer-48 expire 133 lines
05-17 17:05:34.403 D/EventLogger(16713): state [180.85, true, B]
05-17 17:05:34.607 E/EventLogger(16713): internalError [181.05, loadError]
05-17 17:05:34.607 E/EventLogger(16713): com.google.android.exoplayer2.ParserException: Invalid date/time format: 2017-05-17T03:03:51.300-6:00
05-17 17:05:34.607 E/EventLogger(16713): 	at com.google.android.exoplayer2.util.Util.parseXsDateTime(Util.java:519)
05-17 17:05:34.607 E/EventLogger(16713): 	at com.google.android.exoplayer2.source.hls.playlist.HlsPlaylistParser.parseMediaPlaylist(HlsPlaylistParser.java:343)
05-17 17:05:34.607 E/EventLogger(16713): 	at com.google.android.exoplayer2.source.hls.playlist.HlsPlaylistParser.parse(HlsPlaylistParser.java:129)
05-17 17:05:34.607 E/EventLogger(16713): 	at com.google.android.exoplayer2.source.hls.playlist.HlsPlaylistParser.parse(HlsPlaylistParser.java:41)
05-17 17:05:34.607 E/EventLogger(16713): 	at com.google.android.exoplayer2.upstream.ParsingLoadable.load(ParsingLoadable.java:115)
05-17 17:05:34.607 E/EventLogger(16713): 	at com.google.android.exoplayer2.upstream.Loader$LoadTask.run(Loader.java:295)
05-17 17:05:34.607 E/EventLogger(16713): 	at java.util.concurrent.ThreadPoolExecutor.runWorker(ThreadPoolExecutor.java:1133)
05-17 17:05:34.607 E/EventLogger(16713): 	at java.util.concurrent.ThreadPoolExecutor$Worker.run(ThreadPoolExecutor.java:607)
05-17 17:05:34.607 E/EventLogger(16713): 	at java.lang.Thread.run(Thread.java:761)
05-17 17:05:34.616 E/ExoPlayerImplInternal(16713): Source error.
05-17 17:05:34.616 E/ExoPlayerImplInternal(16713): com.google.android.exoplayer2.ParserException: Invalid date/time format: 2017-05-17T03:03:51.300-6:00
05-17 17:05:34.616 E/ExoPlayerImplInternal(16713): 	at com.google.android.exoplayer2.util.Util.parseXsDateTime(Util.java:519)
05-17 17:05:34.616 E/ExoPlayerImplInternal(16713): 	at com.google.android.exoplayer2.source.hls.playlist.HlsPlaylistParser.parseMediaPlaylist(HlsPlaylistParser.java:343)
05-17 17:05:34.616 E/ExoPlayerImplInternal(16713): 	at com.google.android.exoplayer2.source.hls.playlist.HlsPlaylistParser.parse(HlsPlaylistParser.java:129)
05-17 17:05:34.616 E/ExoPlayerImplInternal(16713): 	at com.google.android.exoplayer2.source.hls.playlist.HlsPlaylistParser.parse(HlsPlaylistParser.java:41)
05-17 17:05:34.616 E/ExoPlayerImplInternal(16713): 	at com.google.android.exoplayer2.upstream.ParsingLoadable.load(ParsingLoadable.java:115)
05-17 17:05:34.616 E/ExoPlayerImplInternal(16713): 	at com.google.android.exoplayer2.upstream.Loader$LoadTask.run(Loader.java:295)
05-17 17:05:34.616 E/ExoPlayerImplInternal(16713): 	at java.util.concurrent.ThreadPoolExecutor.runWorker(ThreadPoolExecutor.java:1133)
05-17 17:05:34.616 E/ExoPlayerImplInternal(16713): 	at java.util.concurrent.ThreadPoolExecutor$Worker.run(ThreadPoolExecutor.java:607)
05-17 17:05:34.616 E/ExoPlayerImplInternal(16713): 	at java.lang.Thread.run(Thread.java:761)
05-17 17:05:34.617 E/EventLogger(16713): playerFailed [181.06]
05-17 17:05:34.617 E/EventLogger(16713): com.google.android.exoplayer2.ExoPlaybackException
05-17 17:05:34.617 E/EventLogger(16713): 	at com.google.android.exoplayer2.ExoPlayerImplInternal.handleMessage(ExoPlayerImplInternal.java:345)
05-17 17:05:34.617 E/EventLogger(16713): 	at android.os.Handler.dispatchMessage(Handler.java:98)
05-17 17:05:34.617 E/EventLogger(16713): 	at android.os.Looper.loop(Looper.java:154)
05-17 17:05:34.617 E/EventLogger(16713): 	at android.os.HandlerThread.run(HandlerThread.java:61)
05-17 17:05:34.617 E/EventLogger(16713): 	at com.google.android.exoplayer2.util.PriorityHandlerThread.run(PriorityHandlerThread.java:40)
05-17 17:05:34.617 E/EventLogger(16713): Caused by: com.google.android.exoplayer2.ParserException: Invalid date/time format: 2017-05-17T03:03:51.300-6:00
05-17 17:05:34.617 E/EventLogger(16713): 	at com.google.android.exoplayer2.util.Util.parseXsDateTime(Util.java:519)
05-17 17:05:34.617 E/EventLogger(16713): 	at com.google.android.exoplayer2.source.hls.playlist.HlsPlaylistParser.parseMediaPlaylist(HlsPlaylistParser.java:343)
05-17 17:05:34.617 E/EventLogger(16713): 	at com.google.android.exoplayer2.source.hls.playlist.HlsPlaylistParser.parse(HlsPlaylistParser.java:129)
05-17 17:05:34.617 E/EventLogger(16713): 	at com.google.android.exoplayer2.source.hls.playlist.HlsPlaylistParser.parse(HlsPlaylistParser.java:41)
05-17 17:05:34.617 E/EventLogger(16713): 	at com.google.android.exoplayer2.upstream.ParsingLoadable.load(ParsingLoadable.java:115)
05-17 17:05:34.617 E/EventLogger(16713): 	at com.google.android.exoplayer2.upstream.Loader$LoadTask.run(Loader.java:295)
05-17 17:05:34.617 E/EventLogger(16713): 	at java.util.concurrent.ThreadPoolExecutor.runWorker(ThreadPoolExecutor.java:1133)
05-17 17:05:34.617 E/EventLogger(16713): 	at java.util.concurrent.ThreadPoolExecutor$Worker.run(ThreadPoolExecutor.java:607)
05-17 17:05:34.617 E/EventLogger(16713): 	at java.lang.Thread.run(Thread.java:761)
05-17 17:05:34.638 D/EventLogger(16713): state [181.08, true, I]
05-17 17:05:41.508 I/art     (16713): Debugger is no longer active
05-17 17:05:41.508 I/art     (16713): Starting a blocking GC Instrumentation
05-17 17:05:41.510 I/chatty  (25589): uid=10268(com.suretech.playerF) JDWP expire 2 lines
05-17 17:05:41.719 I/PowerUI.Notification(20769): show low battery warning: level=4 [-2] playSound=true
05-17 17:05:41.735 E/BatteryStatsService(  602): no controller energy info supplied
05-17 17:05:41.736 E/PhoneInterfaceManager(  789): [PhoneIntfMgr] queryModemActivityInfo: Empty response
05-17 17:05:41.747 E/BatteryStatsService(  602): modem info is invalid: ModemActivityInfo{ mTimestamp=0 mSleepTimeMs=0 mIdleTimeMs=0 mTxTimeMs[]=[0, 0, 0, 0, 0] mRxTimeMs=0 mEnergyUsed=0}
05-17 17:05:41.799 D/NuPlayerDriver(  246): notifyListener_l(0xe9fa0b40), (1, 0, 0), loop setting(0, 0)
05-17 17:05:41.799 D/MediaPlayer(20769): setSubtitleAnchor in MediaPlayer
05-17 17:05:41.809 I/chatty  (  602): uid=1000(system) Binder:602_E expire 2 lines
05-17 17:05:41.810 D/NuPlayerDriver(  246): start(0xe9fa0b40), state is 4, eos is 0
05-17 17:05:41.810 I/GenericSource(  246): start
05-17 17:05:41.818 D/NuPlayerDriver(  246): stop(0xe9fa0b40)
05-17 17:05:41.818 D/NuPlayerDriver(  246): notifyListener_l(0xe9fa0b40), (8, 0, 0), loop setting(0, 0)
05-17 17:05:41.819 D/NuPlayerDriver(  246): reset(0xe9fa0b40) at state 8
05-17 17:05:41.824 I/MediaPlayerService(  246): MediaPlayerService::getOMX
05-17 17:05:41.825 I/OMXClient(  246): MuxOMX ctor
05-17 17:05:41.825 I/OMXMaster(  243): makeComponentInstance(OMX.google.vorbis.decoder) in mediacodec process
05-17 17:05:41.827 I/WearableService(  999): Wear is not allowed to run on this device. Not starting Wear service.
05-17 17:05:41.828 D/WearableService(  999): callingUid 10011, callindPid: 999
05-17 17:05:41.829 E/OMXNodeInstance(  243): setConfig(f30059:google.vorbis.decoder, ConfigPriority(0x6f800002)) ERROR: Undefined(0x80001001)
05-17 17:05:41.829 I/ACodec  (  246): codec does not support config priority (err -2147483648)
05-17 17:05:41.830 I/MediaCodec(  246): MediaCodec will operate in async mode
05-17 17:05:41.842 W/AMessage(  246): failed to post message as target looper for handler 0 is gone.
05-17 17:05:41.843 D/NuPlayerDriver(  246): notifyResetComplete(0xe9fa0b40)
05-17 17:05:41.855 D/MusicLifecycle(16083): com.google.android.music.wear.WearDataTransferConnectionService generated event: Service created
05-17 17:05:41.881 E/ConnectionService(16083): Failed to connect to GoogleApiClient: ConnectionResult{statusCode=API_UNAVAILABLE, resolution=null, message=null}
05-17 17:05:41.886 I/ActivityManager(  602): Setting hasTopUi=true for pid=20769
05-17 17:05:41.887 D/PhoneStatusBar(20769): disable: < expand ICONS* alerts SYSTEM_INFO* back home recent clock search quick_settings >
05-17 17:05:41.888 I/ActivityManager(  602): Setting hasTopUi=false for pid=20769
05-17 17:05:41.924 E/DefaultPeerProvider(16083): Failed to connect to GoogleApiClient: error code=16
05-17 17:05:41.925 I/ActivityManager(  602): Setting hasTopUi=true for pid=20769
05-17 17:05:44.178 I/ActivityManager(  602): Setting hasTopUi=false for pid=20769
05-17 17:05:44.179 D/PhoneStatusBar(20769): disable: < expand icons* alerts system_info* back home recent clock search quick_settings >
05-17 17:05:51.967 W/SharedBatteryStatusUpdater(16083): Failed to get battery status data items: Status{statusCode=TIMEOUT, resolution=null}
05-17 17:05:53.445 I/EntropyMixer(  602): Writing entropy...
05-17 17:05:53.446 I/PowerUI.Notification(20769): dismissing low battery notification
05-17 17:05:53.456 E/BatteryStatsService(  602): no controller energy info supplied
05-17 17:05:53.457 E/PhoneInterfaceManager(  789): [PhoneIntfMgr] queryModemActivityInfo: Empty response
05-17 17:05:53.466 E/BatteryStatsService(  602): modem info is invalid: ModemActivityInfo{ mTimestamp=0 mSleepTimeMs=0 mIdleTimeMs=0 mTxTimeMs[]=[0, 0, 0, 0, 0] mRxTimeMs=0 mEnergyUsed=0}
05-17 17:05:53.499 E/NetworkScheduler.SR(  999): Invalid parameter app
05-17 17:05:53.499 E/NetworkScheduler.SR(  999): Invalid package name : Perhaps you didn't include a PendingIntent in the extras?
05-17 17:05:53.511 E/DatabaseUtils(23373): Writing exception to parcel
05-17 17:05:53.511 E/DatabaseUtils(23373): java.lang.SecurityException: Permission Denial: reading com.android.providers.media.MediaProvider uri content://media/external/images/media from pid=5657, uid=10073 requires android.permission.READ_EXTERNAL_STORAGE, or grantUriPermission()
05-17 17:05:53.511 E/DatabaseUtils(23373): 	at android.content.ContentProvider.enforceReadPermissionInner(ContentProvider.java:608)
05-17 17:05:53.511 E/DatabaseUtils(23373): 	at android.content.ContentProvider$Transport.enforceReadPermission(ContentProvider.java:483)
05-17 17:05:53.511 E/DatabaseUtils(23373): 	at android.content.ContentProvider$Transport.query(ContentProvider.java:212)
05-17 17:05:53.511 E/DatabaseUtils(23373): 	at android.content.ContentProviderNative.onTransact(ContentProviderNative.java:112)
05-17 17:05:53.511 E/DatabaseUtils(23373): 	at android.os.Binder.execTransact(Binder.java:565)
05-17 17:05:53.514 E/iu.UploadsManager( 5657): Insufficient permissions to process media
05-17 17:05:53.514 E/iu.UploadsManager( 5657): java.lang.SecurityException: Permission Denial: reading com.android.providers.media.MediaProvider uri content://media/external/images/media from pid=5657, uid=10073 requires android.permission.READ_EXTERNAL_STORAGE, or grantUriPermission()
05-17 17:05:53.514 E/iu.UploadsManager( 5657): 	at android.os.Parcel.readException(Parcel.java:1684)
05-17 17:05:53.514 E/iu.UploadsManager( 5657): 	at android.database.DatabaseUtils.readExceptionFromParcel(DatabaseUtils.java:183)
05-17 17:05:53.514 E/iu.UploadsManager( 5657): 	at android.database.DatabaseUtils.readExceptionFromParcel(DatabaseUtils.java:135)
05-17 17:05:53.514 E/iu.UploadsManager( 5657): 	at android.content.ContentProviderProxy.query(ContentProviderNative.java:421)
05-17 17:05:53.514 E/iu.UploadsManager( 5657): 	at android.content.ContentResolver.query(ContentResolver.java:532)
05-17 17:05:53.514 E/iu.UploadsManager( 5657): 	at android.content.ContentResolver.query(ContentResolver.java:474)
05-17 17:05:53.514 E/iu.UploadsManager( 5657): 	at iaz.a(PG:19)
05-17 17:05:53.514 E/iu.UploadsManager( 5657): 	at com.google.android.libraries.social.autobackup.FingerprintScannerIntentService.onHandleIntent(PG:24)
05-17 17:05:53.514 E/iu.UploadsManager( 5657): 	at android.app.IntentService$ServiceHandler.handleMessage(IntentService.java:68)
05-17 17:05:53.514 E/iu.UploadsManager( 5657): 	at android.os.Handler.dispatchMessage(Handler.java:102)
05-17 17:05:53.514 E/iu.UploadsManager( 5657): 	at android.os.Looper.loop(Looper.java:154)
05-17 17:05:53.514 E/iu.UploadsManager( 5657): 	at android.os.HandlerThread.run(HandlerThread.java:61)
05-17 17:05:53.561 I/chatty  (25589): uid=10268(com.suretech.playerF) Timer-48 expire 686 lines
05-17 17:05:53.606 I/chatty  (  602): uid=1000(system) Binder:602_1 expire 1 line
05-17 17:05:56.803 I/ActivityManager(  602): Waited long enough for: ServiceRecord{df8f5fa u0 com.google.android.music/com.google.android.wearable.datatransfer.DataSyncService}
05-17 17:06:02.007 W/SharedBatteryStatusUpdater(16083): Failed to publish battery status: Status{statusCode=TIMEOUT, resolution=null}
05-17 17:06:02.012 D/MusicLifecycle(16083): com.google.android.music.wear.WearDataTransferConnectionService generated event: Service destroyed
05-17 17:06:02.140 I/PlayCommon(10159): [1062] com.google.android.play.a.g.e(202): Preparing logs for uploading
05-17 17:06:02.200 I/PlayCommon(10159): [1062] com.google.android.play.a.g.a(311): Connecting to server: https://play.googleapis.com/play/log?format=raw&proto_v2=true
05-17 17:06:02.569 I/PlayCommon(10159): [1062] com.google.android.play.a.g.a(368): Successfully uploaded logs.
05-17 17:06:17.232 I/ActivityManager(  602): Killing 15643:com.google.android.gms.ui/u0a11 (adj 906): empty #17
05-17 17:06:17.264 D/ActivityManager(  602): cleanUpApplicationRecord -- 15643
05-17 17:07:34.894 D/ConnectivityService(  602): NetworkAgentInfo [WIFI () - 129] validation failed
05-17 17:07:34.896 I/chatty  (  602): uid=1000 system_server expire 27 lines
05-17 17:07:34.901 V/WifiNetworkHistory(  602): writeKnownNetworkHistory write config "Suretech-QA"NONE
05-17 17:07:34.901 D/WifiNetworkHistory(  602): saving network history: "NETGEAR-robin"WPA_PSK gw: null Network Selection-status: NETWORK_SELECTION_ENABLED ephemeral=false choice:null link:0 status:1 nid:7 hasEverConnected: true
05-17 17:07:34.901 V/WifiNetworkHistory(  602): writeKnownNetworkHistory write config "NETGEAR-robin"WPA_PSK
05-17 17:07:34.902 D/WifiNetworkHistory(  602): saving network history: "Chromecast8588.b"NONE gw: null Network Selection-status: NETWORK_SELECTION_ENABLED ephemeral=false choice:null link:0 status:1 nid:2 hasEverConnected: true
05-17 17:07:34.902 V/WifiNetworkHistory(  602): writeKnownNetworkHistory write config "Chromecast8588.b"NONE
05-17 17:07:35.280 I/chatty  (25589): uid=10268(com.suretech.playerF) Timer-48 expire 343 lines
05-17 17:07:35.396 E/WifiScanningService(  602): Got invalid work source request: WorkSource{} from ClientInfo[uid=10011,android.os.Messenger@c160628]
05-17 17:07:35.401 I/WifiHAL (  602): Got channel list with 13 channels
05-17 17:07:35.402 I/WifiHAL (  602): Got channel list with 9 channels
05-17 17:07:35.403 I/WifiHAL (  602): Got channel list with 16 channels
05-17 17:07:35.405 W/ctxmgr  (  999): [AclManager]No 2 for (accnt=account#-75706295#, com.google.android.gms(10011):UserLocationProducer, vrsn=10298000, 0, 3pPkg = null ,  3pMdlId = null). Was: 2 for 1, account#-75706295#
05-17 17:07:44.121 I/WifiHAL (  602): Got channel list with 13 channels
05-17 17:07:44.122 I/WifiHAL (  602): Got channel list with 9 channels
05-17 17:07:44.125 I/WifiHAL (  602): Got channel list with 16 channels
05-17 17:08:14.195 I/chatty  (25589): uid=10268(com.suretech.playerF) Timer-84 expire 1 line
05-17 17:08:14.267 I/chatty  (25589): uid=10268(com.suretech.playerF) expire 3 lines
05-17 17:08:25.160 I/PlayCommon(16083): [1145] PlayEventLogger.uploadEventsImpl: Preparing logs for uploading
05-17 17:08:25.161 I/PlayCommon(16083): [1145] PlayEventLogger.uploadEventsImpl: No file ready to send
05-17 17:08:26.120 I/chatty  (25589): uid=10268(com.suretech.playerF) Timer-48 expire 749 lines
05-17 17:10:16.246 I/ActivityManager(  602): START u0 {act=com.google.android.exoplayer.demo.action.VIEW dat=http://192.168.22.128:8554/... cmp=com.google.android.exoplayer2.demo/.PlayerActivity (has extras)} from uid 10276 on display 0
05-17 17:10:16.289 I/ExoPlayerImpl(16713): Init 2.3.1 [flounder, Nexus 9, htc, 25]
05-17 17:10:16.292 D/EventLogger(16713): state [0.00, true, I]
05-17 17:10:16.335 D/EventLogger(16713): state [0.04, true, B]
05-17 17:10:16.399 I/ActivityManager(  602): Displayed com.google.android.exoplayer2.demo/.PlayerActivity: +141ms
05-17 17:10:16.450 D/OpenGLRenderer(16713): endAllActiveAnimators on 0x7d2a7f3000 (ExpandableListView) with handle 0x7d2a75a140
05-17 17:10:16.770 W/SurfaceFlinger(  199): couldn't log to binary event log: overflow.
05-17 17:10:17.077 I/PlayCommon(10159): [1099] com.google.android.play.a.g.e(202): Preparing logs for uploading
05-17 17:10:17.078 I/PlayCommon(10159): [1099] com.google.android.play.a.g.e(206): No file ready to send
05-17 17:10:17.254 I/chatty  (25589): uid=10268(com.suretech.playerF) Timer-48 expire 119 lines
05-17 17:10:18.129 E/java.net.CookieManager(16713): Invalid cookie for http://192.168.22.128:8554/test4kidr/test4kidr.m3u8: 
05-17 17:10:18.157 E/java.net.CookieManager(16713): Invalid cookie for http://192.168.22.128:8554/test4kidr/stream-1-200000/index.m3u8: 
05-17 17:10:18.179 D/EventLogger(16713): sourceInfo [periodCount=1, windowCount=1
05-17 17:10:18.180 D/EventLogger(16713):   period [1079.00]
05-17 17:10:18.180 D/EventLogger(16713):   window [1079.00, true, false]
05-17 17:10:18.180 D/EventLogger(16713): ]
05-17 17:10:18.213 D/EventLogger(16713): loading [true]
05-17 17:10:18.216 E/java.net.CookieManager(16713): Invalid cookie for http://192.168.22.128:8554/test4kidr/stream-1-200000/frag-1.ts: 
05-17 17:10:18.412 W/VideoCapabilities(16713): Unrecognized level 0 for video/x-vnd.on2.vp8
05-17 17:10:18.454 I/VideoCapabilities(16713): Unsupported profile 4 for video/mp4v-es
05-17 17:10:18.475 D/MediaCodecInfo(16713): NoSupport [codec.profileLevel, avc1.640033, video/avc] [OMX.Nvidia.h264.decode, video/avc] [flounder, Nexus 9, htc, 25]
05-17 17:10:18.484 D/EventLogger(16713): Tracks [
05-17 17:10:18.484 D/EventLogger(16713):   Renderer:0 [
05-17 17:10:18.484 D/EventLogger(16713):     Group:0, adaptive_supported=YES [
05-17 17:10:18.484 D/EventLogger(16713):       [X] Track:0, id=0, mimeType=video/avc, bitrate=264000, res=320x240, supported=YES
05-17 17:10:18.484 D/EventLogger(16713):       [X] Track:1, id=1, mimeType=video/avc, bitrate=424000, res=480x320, supported=YES
05-17 17:10:18.484 D/EventLogger(16713):       [X] Track:2, id=2, mimeType=video/avc, bitrate=832000, res=640x360, supported=YES
05-17 17:10:18.484 D/EventLogger(16713):       [X] Track:3, id=3, mimeType=video/avc, bitrate=1064000, res=720x480, supported=YES
05-17 17:10:18.485 D/EventLogger(16713):       [X] Track:4, id=4, mimeType=video/avc, bitrate=1664000, res=1280x720, supported=YES
05-17 17:10:18.485 D/EventLogger(16713):       [X] Track:5, id=5, mimeType=video/avc, bitrate=2064000, res=1440x960, supported=YES
05-17 17:10:18.485 D/EventLogger(16713):       [X] Track:6, id=6, mimeType=video/avc, bitrate=4064000, res=1920x1080, supported=YES
05-17 17:10:18.485 D/EventLogger(16713):       [ ] Track:7, id=7, mimeType=video/avc, bitrate=5064000, res=4096x2304, supported=NO_EXCEEDS_CAPABILITIES
05-17 17:10:18.485 D/EventLogger(16713):     ]
05-17 17:10:18.485 D/EventLogger(16713):   ]
05-17 17:10:18.485 D/EventLogger(16713):   Renderer:1 [
05-17 17:10:18.485 D/EventLogger(16713):     Group:0, adaptive_supported=N/A [
05-17 17:10:18.485 D/EventLogger(16713):       [X] Track:0, id=1/15, mimeType=audio/mp4a-latm, channels=2, sample_rate=44100, supported=YES
05-17 17:10:18.485 D/EventLogger(16713):     ]
05-17 17:10:18.485 D/EventLogger(16713):   ]
05-17 17:10:18.485 D/EventLogger(16713):   Renderer:2 [
05-17 17:10:18.485 D/EventLogger(16713):     Group:0, adaptive_supported=N/A [
05-17 17:10:18.485 D/EventLogger(16713):       [ ] Track:0, id=1/8219, mimeType=application/cea-608, supported=YES
05-17 17:10:18.485 D/EventLogger(16713):     ]
05-17 17:10:18.485 D/EventLogger(16713):   ]
05-17 17:10:18.485 D/EventLogger(16713):   Renderer:3 [
05-17 17:10:18.485 D/EventLogger(16713):     Group:0, adaptive_supported=N/A [
05-17 17:10:18.485 D/EventLogger(16713):       [X] Track:0, id=1/21, mimeType=application/id3, supported=YES
05-17 17:10:18.485 D/EventLogger(16713):     ]
05-17 17:10:18.485 D/EventLogger(16713):   ]
05-17 17:10:18.485 D/EventLogger(16713): ]
05-17 17:10:18.499 D/EventLogger(16713): videoEnabled [2.21]
05-17 17:10:18.499 D/EventLogger(16713): audioEnabled [2.21]
05-17 17:10:18.552 I/art     (16713): Do partial code cache collection, code=30KB, data=29KB
05-17 17:10:18.552 I/art     (16713): After code cache collection, code=30KB, data=29KB
05-17 17:10:18.552 I/art     (16713): Increasing code cache capacity to 128KB
05-17 17:10:18.562 E/java.net.CookieManager(16713): Invalid cookie for http://192.168.22.128:8554/test4kidr/stream-2-360000/index.m3u8: 
05-17 17:10:18.595 I/MediaPlayerService(  246): MediaPlayerService::getOMX
05-17 17:10:18.596 I/OMXClient(16713): MuxOMX ctor
05-17 17:10:18.597 I/OMXMaster(  243): makeComponentInstance(OMX.Nvidia.h264.decode) in mediacodec process
05-17 17:10:18.598 E/java.net.CookieManager(16713): Invalid cookie for http://192.168.22.128:8554/test4kidr/stream-2-360000/frag-1.ts: 
05-17 17:10:18.602 I/MediaCodec(16713): [OMX.Nvidia.h264.decode] setting surface generation to 17114113
05-17 17:10:18.607 E/OMXNodeInstance(  243): getConfig(f3005a:Nvidia.h264.decode, ConfigCommonOutputCrop(0x700000f)) ERROR: BadParameter(0x80001005)
05-17 17:10:18.619 D/SurfaceUtils(16713): set up nativeWindow 0x7d1a964610 for 320x240, color 0x106, rotation 0, usage 0x2b00
05-17 17:10:18.622 D/NvOsDebugPrintf(  243): NvMMLiteOpen : Block : BlockType = 261 
05-17 17:10:18.623 D/NvOsDebugPrintf(  243): TVMR: NvMMLiteTVMRDecBlockOpen: 5008: NvMMLiteBlockOpen 
05-17 17:10:18.625 D/EventLogger(16713): videoDecoderInitialized [2.33, OMX.Nvidia.h264.decode]
05-17 17:10:18.625 D/EventLogger(16713): videoFormatChanged [2.34, id=1/27, mimeType=video/avc, res=320x240]
05-17 17:10:18.628 I/MediaPlayerService(  246): MediaPlayerService::getOMX
05-17 17:10:18.629 I/OMXClient(16713): MuxOMX ctor
05-17 17:10:18.629 D/NvOsDebugPrintf(  243): NvMMLiteBlockCreate : Block : BlockType = 261 
05-17 17:10:18.630 I/OMXMaster(  243): makeComponentInstance(OMX.google.aac.decoder) in mediacodec process
05-17 17:10:18.651 D/EventLogger(16713): audioDecoderInitialized [2.36, OMX.google.aac.decoder]
05-17 17:10:18.652 D/EventLogger(16713): audioFormatChanged [2.36, id=1/15, mimeType=audio/mp4a-latm, channels=2, sample_rate=44100]
05-17 17:10:18.654 D/EventLogger(16713): videoFormatChanged [2.36, id=1/27, mimeType=video/avc, res=480x320]
05-17 17:10:18.667 D/NvOsDebugPrintf(  243): TVMR: cbBeginSequence: 655: BeginSequence  480x320, bVPR = 0
05-17 17:10:18.667 D/NvOsDebugPrintf(  243): TVMR: cbBeginSequence: 918: DecodeBuffers = 4 
05-17 17:10:18.671 I/SoftAAC2(  243): Reconfiguring decoder: 0->44100 Hz, 0->2 channels
05-17 17:10:18.672 D/NvOsDebugPrintf(  243): TVMR: cbBeginSequence: 938: Display Resolution : (480x320) 
05-17 17:10:18.672 D/NvOsDebugPrintf(  243): TVMR: cbBeginSequence: 939: Display Aspect Ratio : (480x320) 
05-17 17:10:18.673 D/NvOsDebugPrintf(  243): TVMR: cbBeginSequence: 1041: SurfaceLayout = 3
05-17 17:10:18.673 D/NvOsDebugPrintf(  243): TVMR: cbBeginSequence: 1071: NumOfSurfaces = 8, InteraceStream = 0, InterlaceEnabled = 0, bSecure = 0, MVC = 0 Semiplanar = 1, bReinit = 1 
05-17 17:10:18.673 D/NvOsDebugPrintf(  243): Allocating new output: 480x320 (x 10), ThumbnailMode = 0
05-17 17:10:18.678 D/SurfaceUtils(16713): set up nativeWindow 0x7d1a964610 for 480x320, color 0x106, rotation 0, usage 0x2b00
05-17 17:10:18.679 E/OMXNodeInstance(  243): setParameter(f3005a:Nvidia.h264.decode, ParamPortDefinition(0x2000001)) ERROR: UnsupportedSetting(0x80001019)
05-17 17:10:18.679 W/ACodec  (16713): [OMX.Nvidia.h264.decode] setting nBufferCountActual to 14 failed: -1010
05-17 17:10:18.679 E/OMXNodeInstance(  243): setParameter(f3005a:Nvidia.h264.decode, ParamPortDefinition(0x2000001)) ERROR: UnsupportedSetting(0x80001019)
05-17 17:10:18.679 W/ACodec  (16713): [OMX.Nvidia.h264.decode] setting nBufferCountActual to 13 failed: -1010
05-17 17:10:18.743 D/AudioTrack(16713): Client defaulted notificationFrames to 3675 for frameCount 11025
05-17 17:10:18.746 D/EventLogger(16713): audioSessionId [377]
05-17 17:10:18.823 D/EventLogger(16713): state [2.53, true, R]
05-17 17:10:18.940 E/java.net.CookieManager(16713): Invalid cookie for http://192.168.22.128:8554/test4kidr/stream-2-360000/frag-2.ts: 
05-17 17:10:19.170 E/java.net.CookieManager(16713): Invalid cookie for http://192.168.22.128:8554/test4kidr/stream-2-360000/frag-3.ts: 
05-17 17:10:19.390 I/art     (16713): Do partial code cache collection, code=62KB, data=59KB
05-17 17:10:19.390 I/art     (16713): After code cache collection, code=62KB, data=59KB
05-17 17:10:19.390 I/art     (16713): Increasing code cache capacity to 256KB
05-17 17:10:19.398 E/java.net.CookieManager(16713): Invalid cookie for http://192.168.22.128:8554/test4kidr/stream-7-4000000/index.m3u8: 
05-17 17:10:19.442 E/java.net.CookieManager(16713): Invalid cookie for http://192.168.22.128:8554/test4kidr/stream-7-4000000/frag-3.ts: 
05-17 17:10:20.537 E/java.net.CookieManager(16713): Invalid cookie for http://192.168.22.128:8554/test4kidr/stream-7-4000000/frag-4.ts: 
05-17 17:10:21.630 E/java.net.CookieManager(16713): Invalid cookie for http://192.168.22.128:8554/test4kidr/stream-7-4000000/frag-5.ts: 
05-17 17:10:22.861 D/EventLogger(16713): loading [false]
05-17 17:10:24.122 I/WifiHAL (  602): Got channel list with 13 channels
05-17 17:10:24.124 I/WifiHAL (  602): Got channel list with 9 channels
05-17 17:10:24.125 I/WifiHAL (  602): Got channel list with 16 channels
05-17 17:10:33.991 D/EventLogger(16713): videoFormatChanged [17.70, id=1/27, mimeType=video/avc, res=1920x1080]
05-17 17:10:34.349 D/NvOsDebugPrintf(  243): TVMR: cbBeginSequence: 655: BeginSequence  1920x1088, bVPR = 0
05-17 17:10:34.352 D/NvOsDebugPrintf(  243): TVMR: cbBeginSequence: 918: DecodeBuffers = 4 
05-17 17:10:34.357 D/NvOsDebugPrintf(  243): TVMR: cbBeginSequence: 938: Display Resolution : (1920x1080) 
05-17 17:10:34.357 D/NvOsDebugPrintf(  243): TVMR: cbBeginSequence: 939: Display Aspect Ratio : (1920x1080) 
05-17 17:10:34.357 D/NvOsDebugPrintf(  243): TVMR: cbBeginSequence: 1041: SurfaceLayout = 3
05-17 17:10:34.357 D/NvOsDebugPrintf(  243): TVMR: cbBeginSequence: 1071: NumOfSurfaces = 8, InteraceStream = 0, InterlaceEnabled = 0, bSecure = 0, MVC = 0 Semiplanar = 1, bReinit = 1 
05-17 17:10:34.357 D/NvOsDebugPrintf(  243): Allocating new output: 1920x1088 (x 10), ThumbnailMode = 0
05-17 17:10:34.713 D/SurfaceUtils(16713): set up nativeWindow 0x7d1a964610 for 1920x1088, color 0x106, rotation 0, usage 0x2b00
05-17 17:10:34.713 E/OMXNodeInstance(  243): setParameter(f3005a:Nvidia.h264.decode, ParamPortDefinition(0x2000001)) ERROR: UnsupportedSetting(0x80001019)
05-17 17:10:34.714 W/ACodec  (16713): [OMX.Nvidia.h264.decode] setting nBufferCountActual to 14 failed: -1010
05-17 17:10:34.714 E/OMXNodeInstance(  243): setParameter(f3005a:Nvidia.h264.decode, ParamPortDefinition(0x2000001)) ERROR: UnsupportedSetting(0x80001019)
05-17 17:10:34.714 W/ACodec  (16713): [OMX.Nvidia.h264.decode] setting nBufferCountActual to 13 failed: -1010
05-17 17:10:34.984 I/chatty  (25589): uid=10268(com.suretech.playerF) Timer-48 expire 77 lines
05-17 17:10:43.835 D/EventLogger(16713): loading [true]
05-17 17:10:43.862 E/java.net.CookieManager(16713): Invalid cookie for http://192.168.22.128:8554/test4kidr/stream-7-4000000/frag-6.ts: 
05-17 17:10:44.796 E/java.net.CookieManager(16713): Invalid cookie for http://192.168.22.128:8554/test4kidr/stream-7-4000000/frag-7.ts: 
05-17 17:10:46.010 E/java.net.CookieManager(16713): Invalid cookie for http://192.168.22.128:8554/test4kidr/stream-7-4000000/frag-8.ts: 
05-17 17:10:46.416 I/chatty  (25589): uid=10268(com.suretech.playerF) Timer-48 expire 147 lines
05-17 17:10:47.089 D/EventLogger(16713): loading [false]
05-17 17:11:07.834 D/EventLogger(16713): loading [true]
05-17 17:11:07.860 E/java.net.CookieManager(16713): Invalid cookie for http://192.168.22.128:8554/test4kidr/stream-7-4000000/frag-9.ts: 
05-17 17:11:08.231 I/chatty  (25589): uid=10268(com.suretech.playerF) Timer-48 expire 98 lines
05-17 17:11:08.892 E/java.net.CookieManager(16713): Invalid cookie for http://192.168.22.128:8554/test4kidr/stream-7-4000000/frag-10.ts: 
05-17 17:11:09.917 E/java.net.CookieManager(16713): Invalid cookie for http://192.168.22.128:8554/test4kidr/stream-7-4000000/frag-11.ts: 
05-17 17:11:11.117 D/EventLogger(16713): loading [false]
05-17 17:11:22.320 I/PowerManagerService(  602): Going to sleep due to power button (uid 1000)...
05-17 17:11:22.321 I/PowerManagerService(  602): Sleeping (uid 1000)...
05-17 17:11:22.325 W/AudioPolicyIntefaceImpl(  238): getOutputForAttr uid 10026 tried to pass itself off as 1000
05-17 17:11:22.325 W/AudioFlinger(  238): virtual sp<android::IAudioTrack> android::AudioFlinger::createTrack(audio_stream_type_t, uint32_t, audio_format_t, audio_channel_mask_t, size_t *, audio_output_flags_t *, const sp<android::IMemory> &, audio_io_handle_t, pid_t, pid_t, audio_session_t *, int, status_t *) uid 10026 pid 20769 tried to pass itself off as pid 0
05-17 17:11:22.326 W/AudioFlinger(  238): TrackBase uid 10026 tried to pass itself off as 1000
05-17 17:11:22.407 W/FingerprintManager(20769): isFingerprintHardwareDetected(): Service not connected!
05-17 17:11:22.431 D/NvOsDebugPrintf(  243): TVMR: TVMRFrameDelivery: 3741: Closing TVMR Frame Delivery Thread -------------
05-17 17:11:22.448 D/NvOsDebugPrintf(  243): TVMR: NvMMDecTVMRDestroyParser: 4224: NvAvpClose
05-17 17:11:22.448 D/NvOsDebugPrintf(  243): TVMR: NvMMLiteTVMRDecBlockClose: 5163: Done 
05-17 17:11:22.477 D/EventLogger(16713): videoDisabled [66.19]
05-17 17:11:22.477 D/EventLogger(16713): audioDisabled [66.19]
05-17 17:11:22.784 I/chatty  (25589): uid=10268(com.suretech.playerF) Timer-48 expire 98 lines
05-17 17:11:22.850 V/KeyguardServiceDelegate(  602): onScreenTurnedOff()
05-17 17:11:22.859 I/DisplayManagerService(  602): Display device changed state: "", OFF
05-17 17:11:22.859 D/SurfaceFlinger(  199): Set power mode=0, type=0 flinger=0x72dde30000
05-17 17:11:22.859 D/hwcomposer(  199): hwc_blank: display 0: blank
05-17 17:11:22.859 D/hwcomposer(  199): hwc_blank_display: display 0: [0 -> 1]
05-17 17:11:22.861 W/LocalDisplayAdapter(  602): Unable to find color mode 0, ignoring request.
05-17 17:11:23.175 D/SurfaceControl(  602): Excessive delay in setPowerMode(): 316ms
05-17 17:11:23.181 I/ActivityManager(  602): Setting hasTopUi=true for pid=20769
05-17 17:11:23.213 D/PhoneStatusBar(20769): disable: < expand ICONS* alerts SYSTEM_INFO* back home recent clock search quick_settings >
05-17 17:11:23.215 W/FingerprintManager(20769): isFingerprintHardwareDetected(): Service not connected!
05-17 17:11:23.222 W/FingerprintManager(20769): isFingerprintHardwareDetected(): Service not connected!
05-17 17:11:23.226 W/FingerprintManager(20769): isFingerprintHardwareDetected(): Service not connected!
05-17 17:11:23.270 W/FingerprintManager(20769): isFingerprintHardwareDetected(): Service not connected!
05-17 17:11:23.270 D/PhoneStatusBar(20769): disable: < expand ICONS alerts SYSTEM_INFO back HOME* RECENT* clock SEARCH* quick_settings >
05-17 17:11:33.205 W/BroadcastQueue(  602): Timeout of broadcast BroadcastRecord{43e972f u-1 android.intent.action.SCREEN_OFF} - receiver=android.app.LoadedApk$ReceiverDispatcher$InnerReceiver@765a96a, started 10000ms ago
05-17 17:11:33.205 W/BroadcastQueue(  602): Receiver during timeout: BroadcastFilter{d8c56f8 u0 ReceiverList{1e39e5b 602 system/1000/u0 local:765a96a}}
05-17 17:13:53.645 W/Settings( 1296): Setting stay_on_while_plugged_in has moved from android.provider.Settings.System to android.provider.Settings.Global, returning read-only value.
05-17 17:13:53.687 E/BatteryStatsService(  602): power: Missing API
05-17 17:13:53.699 E/BatteryStatsService(  602): no controller energy info supplied
05-17 17:13:53.702 E/PhoneInterfaceManager(  789): [PhoneIntfMgr] queryModemActivityInfo: Empty response
05-17 17:13:53.740 E/BatteryStatsService(  602): modem info is invalid: ModemActivityInfo{ mTimestamp=0 mSleepTimeMs=0 mIdleTimeMs=0 mTxTimeMs[]=[0, 0, 0, 0, 0] mRxTimeMs=0 mEnergyUsed=0}
05-17 17:14:12.237 I/chatty  (25589): uid=10268(com.suretech.playerF) Timer-48 expire 21 lines
05-17 17:16:53.643 W/Settings( 1296): Setting stay_on_while_plugged_in has moved from android.provider.Settings.System to android.provider.Settings.Global, returning read-only value.
05-17 17:16:53.649 E/BatteryStatsService(  602): power: Missing API
05-17 17:16:53.670 E/PhoneInterfaceManager(  789): [PhoneIntfMgr] queryModemActivityInfo: Empty response
05-17 17:16:53.670 E/BatteryStatsService(  602): no controller energy info supplied
05-17 17:16:53.687 E/BatteryStatsService(  602): modem info is invalid: ModemActivityInfo{ mTimestamp=0 mSleepTimeMs=0 mIdleTimeMs=0 mTxTimeMs[]=[0, 0, 0, 0, 0] mRxTimeMs=0 mEnergyUsed=0}
05-17 17:17:43.660 I/chatty  (25589): uid=10268(com.suretech.playerF) Timer-48 expire 28 lines
05-17 17:18:53.643 E/BatteryStatsService(  602): power: Missing API
05-17 17:18:53.644 W/Settings( 1296): Setting stay_on_while_plugged_in has moved from android.provider.Settings.System to android.provider.Settings.Global, returning read-only value.
05-17 17:18:53.665 E/BatteryStatsService(  602): no controller energy info supplied
05-17 17:18:53.667 E/PhoneInterfaceManager(  789): [PhoneIntfMgr] queryModemActivityInfo: Empty response
05-17 17:18:53.684 E/BatteryStatsService(  602): modem info is invalid: ModemActivityInfo{ mTimestamp=0 mSleepTimeMs=0 mIdleTimeMs=0 mTxTimeMs[]=[0, 0, 0, 0, 0] mRxTimeMs=0 mEnergyUsed=0}
05-17 17:19:15.847 D/ConnectivityService(  602): reportNetworkConnectivity(129, true) by 10011
05-17 17:20:16.040 I/EventLogChimeraService( 1443): Opted in for usage reporting
05-17 17:20:16.041 I/EventLogChimeraService( 1443): Aggregate from 1495010871765 (log), 1495010871765 (data)
05-17 17:20:16.095 W/art     (  999): Suspending all threads took: 6.039ms
05-17 17:20:16.136 I/art     (  999): Background partial concurrent mark sweep GC freed 140903(6MB) AllocSpace objects, 45(900KB) LOS objects, 40% free, 8MB/13MB, paused 7.522ms total 131.029ms
05-17 17:20:16.709 I/chatty  (25589): uid=10268(com.suretech.playerF) Timer-48 expire 14 lines
05-17 17:20:17.703 I/ServiceDumpSys( 1443): dumping service [account]
05-17 17:21:53.636 W/Settings( 1296): Setting stay_on_while_plugged_in has moved from android.provider.Settings.System to android.provider.Settings.Global, returning read-only value.
05-17 17:21:53.657 E/BatteryStatsService(  602): power: Missing API
05-17 17:21:53.664 E/BatteryStatsService(  602): no controller energy info supplied
05-17 17:21:53.666 E/PhoneInterfaceManager(  789): [PhoneIntfMgr] queryModemActivityInfo: Empty response
05-17 17:21:53.700 E/BatteryStatsService(  602): modem info is invalid: ModemActivityInfo{ mTimestamp=0 mSleepTimeMs=0 mIdleTimeMs=0 mTxTimeMs[]=[0, 0, 0, 0, 0] mRxTimeMs=0 mEnergyUsed=0}
05-17 17:21:53.749 I/chatty  (25589): uid=10268(com.suretech.playerF) Timer-48 expire 28 lines
05-17 17:24:53.646 W/Settings( 1296): Setting stay_on_while_plugged_in has moved from android.provider.Settings.System to android.provider.Settings.Global, returning read-only value.
05-17 17:24:53.646 E/BatteryStatsService(  602): power: Missing API
05-17 17:24:53.669 E/BatteryStatsService(  602): no controller energy info supplied
05-17 17:24:53.670 E/PhoneInterfaceManager(  789): [PhoneIntfMgr] queryModemActivityInfo: Empty response
05-17 17:24:53.687 E/BatteryStatsService(  602): modem info is invalid: ModemActivityInfo{ mTimestamp=0 mSleepTimeMs=0 mIdleTimeMs=0 mTxTimeMs[]=[0, 0, 0, 0, 0] mRxTimeMs=0 mEnergyUsed=0}
05-17 17:25:23.659 W/PlatformStatsUtil( 1443): Could not retrieve Usage & Diagnostics setting. Giving up.
05-17 17:26:23.669 I/chatty  (25589): uid=10268(com.suretech.playerF) Timer-48 expire 28 lines
05-17 17:27:53.646 W/Settings( 1296): Setting stay_on_while_plugged_in has moved from android.provider.Settings.System to android.provider.Settings.Global, returning read-only value.
05-17 17:27:53.647 E/BatteryStatsService(  602): power: Missing API
05-17 17:27:53.673 E/BatteryStatsService(  602): no controller energy info supplied
05-17 17:27:53.674 E/PhoneInterfaceManager(  789): [PhoneIntfMgr] queryModemActivityInfo: Empty response
05-17 17:27:53.692 E/BatteryStatsService(  602): modem info is invalid: ModemActivityInfo{ mTimestamp=0 mSleepTimeMs=0 mIdleTimeMs=0 mTxTimeMs[]=[0, 0, 0, 0, 0] mRxTimeMs=0 mEnergyUsed=0}
05-17 17:30:53.638 W/Settings( 1296): Setting stay_on_while_plugged_in has moved from android.provider.Settings.System to android.provider.Settings.Global, returning read-only value.
05-17 17:30:53.661 E/BatteryStatsService(  602): power: Missing API
05-17 17:30:53.665 E/BatteryStatsService(  602): no controller energy info supplied
05-17 17:30:53.668 E/PhoneInterfaceManager(  789): [PhoneIntfMgr] queryModemActivityInfo: Empty response
05-17 17:30:53.688 E/BatteryStatsService(  602): modem info is invalid: ModemActivityInfo{ mTimestamp=0 mSleepTimeMs=0 mIdleTimeMs=0 mTxTimeMs[]=[0, 0, 0, 0, 0] mRxTimeMs=0 mEnergyUsed=0}
05-17 17:30:53.718 D/ConnectivityService(  602): NetworkAgentInfo [WIFI () - 129] validation failed
05-17 17:30:53.719 D/WifiStateMachine(  602): NETWORK_STATUS_UNWANTED_VALIDATION_FAILED
05-17 17:30:53.724 D/WifiNetworkHistory(  602): saving network history: "KSF"WPA_PSK gw: 00:1d:aa:c6:48:10 Network Selection-status: NETWORK_SELECTION_ENABLED ephemeral=false choice:null link:0 status:1 nid:8 hasEverConnected: true
05-17 17:30:53.724 V/WifiNetworkHistory(  602): writeKnownNetworkHistory write config "KSF"WPA_PSK
05-17 17:30:53.725 D/WifiNetworkHistory(  602): saving network history: "Suretech-QA"WPA_PSK gw: 00:0e:83:63:d2:80 Network Selection-status: NETWORK_SELECTION_ENABLED ephemeral=false choice:"Support-Wifi2"WPA_PSK link:0 status:1 nid:11 hasEverConnected: true
05-17 17:30:53.725 V/WifiNetworkHistory(  602): writeKnownNetworkHistory write config "Suretech-QA"WPA_PSK
05-17 17:30:53.725 D/WifiNetworkHistory(  602): saving network history: "STB-5G"WPA_PSK gw: 00:0e:83:63:d2:80 Network Selection-status: NETWORK_SELECTION_ENABLED ephemeral=false choice:null link:0 status:0 nid:13 hasEverConnected: true
