05-17 11:35:54.052 W/WindowManager(  602): Attempted to remove non-existing token: android.os.Binder@8651a5b
05-17 11:35:57.047 I/NotificationService(  602): cancelToast pkg=com.suretech.playerF callback=android.app.ITransientNotification$Stub$Proxy@4499e36
05-17 11:35:57.048 W/NotificationService(  602): Toast already cancelled. pkg=com.suretech.playerF callback=android.app.ITransientNotification$Stub$Proxy@4499e36
05-17 11:36:05.072 W/WindowManager(  602): Attempted to remove non-existing token: android.os.Binder@5510137
05-17 11:36:08.067 I/NotificationService(  602): cancelToast pkg=com.suretech.playerF callback=android.app.ITransientNotification$Stub$Proxy@e0967c2
05-17 11:36:08.067 W/NotificationService(  602): Toast already cancelled. pkg=com.suretech.playerF callback=android.app.ITransientNotification$Stub$Proxy@e0967c2
05-17 11:36:16.069 W/WindowManager(  602): Attempted to remove non-existing token: android.os.Binder@9aa79d3
05-17 11:36:19.061 I/NotificationService(  602): cancelToast pkg=com.suretech.playerF callback=android.app.ITransientNotification$Stub$Proxy@a0a3e0e
05-17 11:36:19.061 W/NotificationService(  602): Toast already cancelled. pkg=com.suretech.playerF callback=android.app.ITransientNotification$Stub$Proxy@a0a3e0e
05-17 11:36:27.030 W/WindowManager(  602): Attempted to remove non-existing token: android.os.Binder@218e02f
05-17 11:36:30.025 I/NotificationService(  602): cancelToast pkg=com.suretech.playerF callback=android.app.ITransientNotification$Stub$Proxy@e302d1a
05-17 11:36:30.025 W/NotificationService(  602): Toast already cancelled. pkg=com.suretech.playerF callback=android.app.ITransientNotification$Stub$Proxy@e302d1a
05-17 11:36:38.048 W/WindowManager(  602): Attempted to remove non-existing token: android.os.Binder@45d504b
05-17 11:36:41.038 I/NotificationService(  602): cancelToast pkg=com.suretech.playerF callback=android.app.ITransientNotification$Stub$Proxy@89400e6
05-17 11:36:41.038 W/NotificationService(  602): Toast already cancelled. pkg=com.suretech.playerF callback=android.app.ITransientNotification$Stub$Proxy@89400e6
05-17 11:36:49.048 W/WindowManager(  602): Attempted to remove non-existing token: android.os.Binder@72ea627
05-17 11:36:49.058 I/ProcessStatsService(  602): Prepared write state in 9ms
05-17 11:36:52.042 I/NotificationService(  602): cancelToast pkg=com.suretech.playerF callback=android.app.ITransientNotification$Stub$Proxy@bd57dc3
05-17 11:36:52.043 W/NotificationService(  602): Toast already cancelled. pkg=com.suretech.playerF callback=android.app.ITransientNotification$Stub$Proxy@bd57dc3
05-17 11:37:00.039 W/WindowManager(  602): Attempted to remove non-existing token: android.os.Binder@f8a1704
05-17 11:37:03.051 I/NotificationService(  602): cancelToast pkg=com.suretech.playerF callback=android.app.ITransientNotification$Stub$Proxy@9815db3
05-17 11:37:03.051 W/NotificationService(  602): Toast already cancelled. pkg=com.suretech.playerF callback=android.app.ITransientNotification$Stub$Proxy@9815db3
05-17 11:37:07.906 W/WindowManager(  602): Attempted to remove non-existing token: android.os.Binder@2139f70
05-17 11:37:10.898 I/NotificationService(  602): cancelToast pkg=com.suretech.playerF callback=android.app.ITransientNotification$Stub$Proxy@69f14a5
05-17 11:37:10.898 W/NotificationService(  602): Toast already cancelled. pkg=com.suretech.playerF callback=android.app.ITransientNotification$Stub$Proxy@69f14a5
05-17 11:37:19.207 D/ConnectivityService(  602): NetworkAgentInfo [WIFI () - 129] validation failed
05-17 11:37:21.581 W/WindowManager(  602): Attempted to remove non-existing token: android.os.Binder@6dda859
05-17 11:37:24.570 I/NotificationService(  602): cancelToast pkg=com.suretech.playerF callback=android.app.ITransientNotification$Stub$Proxy@d7b193
05-17 11:37:24.570 W/NotificationService(  602): Toast already cancelled. pkg=com.suretech.playerF callback=android.app.ITransientNotification$Stub$Proxy@d7b193
05-17 11:39:56.034 I/ActivityManager(  602): START u0 {flg=0x10800000 cmp=com.estrongs.android.pop/.app.InstallMonitorActivity (has extras)} from uid 10090 on display 0
05-17 11:39:56.528 W/InputMethodManagerService(  602): Window already focused, ignoring focus gain of: com.android.internal.view.IInputMethodClient$Stub$Proxy@417c7bd attribute=null, token = android.os.BinderProxy@c3b0d3c
05-17 11:39:56.820 I/ActivityManager(  602): START u0 {act=android.intent.action.MAIN cat=[android.intent.category.LAUNCHER] flg=0x10000000 cmp=com.google.android.exoplayer2.demo/.SampleChooserActivity} from uid 2000 on display 0
05-17 11:39:56.847 I/ActivityManager(  602): Start proc 30151:com.google.android.exoplayer2.demo/u0a88 for activity com.google.android.exoplayer2.demo/.SampleChooserActivity
05-17 11:39:57.780 I/ActivityManager(  602): Process .QuiptelPlayerService (pid 25619) has died
05-17 11:39:57.781 D/ActivityManager(  602): cleanUpApplicationRecord -- 25619
05-17 11:40:11.726 I/ActivityManager(  602): Force stopping com.google.android.exoplayer2.demo appid=10088 user=0: from pid 30215
05-17 11:40:11.726 I/ActivityManager(  602): Killing 30151:com.google.android.exoplayer2.demo/u0a88 (adj 0): stop com.google.android.exoplayer2.demo
05-17 11:40:11.726 D/ActivityManager(  602): cleanUpApplicationRecord -- 30151
05-17 11:40:11.727 W/ActivityManager(  602): Force removing ActivityRecord{dd661e5 u0 com.google.android.exoplayer2.demo/.SampleChooserActivity t3548}: app died, no saved state
05-17 11:40:11.782 I/ActivityManager(  602): Start proc 30228:.QuiptelPlayerService/u0a268 for service com.suretech.playerF/com.quiptel.player.QuiptelPlayerService
05-17 11:40:12.304 W/InputMethodManagerService(  602): Got RemoteException sending setActive(false) notification to pid 30151 uid 10088
05-17 11:40:14.334 W/WindowManager(  602): Attempted to remove non-existing token: android.os.Binder@d93c96c
05-17 11:40:17.330 I/NotificationService(  602): cancelToast pkg=com.suretech.playerF callback=android.app.ITransientNotification$Stub$Proxy@43a5617
05-17 11:40:17.330 W/NotificationService(  602): Toast already cancelled. pkg=com.suretech.playerF callback=android.app.ITransientNotification$Stub$Proxy@43a5617
05-17 11:40:32.890 E/BatteryStatsService(  602): no controller energy info supplied
05-17 11:40:32.903 E/BatteryStatsService(  602): modem info is invalid: ModemActivityInfo{ mTimestamp=0 mSleepTimeMs=0 mIdleTimeMs=0 mTxTimeMs[]=[0, 0, 0, 0, 0] mRxTimeMs=0 mEnergyUsed=0}
05-17 11:40:49.096 I/ActivityManager(  602): Force stopping com.google.android.exoplayer2.demo appid=10088 user=-1: installPackageLI
05-17 11:40:50.174 I/PackageManager(  602): Package com.google.android.exoplayer2.demo codePath changed from /data/app/com.google.android.exoplayer2.demo-1 to /data/app/com.google.android.exoplayer2.demo-2; Retaining data and using new
05-17 11:40:50.175 W/PackageManager(  602): Code path for com.google.android.exoplayer2.demo changing from /data/app/com.google.android.exoplayer2.demo-1 to /data/app/com.google.android.exoplayer2.demo-2
05-17 11:40:50.175 W/PackageManager(  602): Resource path for com.google.android.exoplayer2.demo changing from /data/app/com.google.android.exoplayer2.demo-1 to /data/app/com.google.android.exoplayer2.demo-2
05-17 11:40:52.074 E/NetdConnector(  602): NDC event {613 IfaceClass idle 1 151079890709355} took too long: 1500ms
05-17 11:40:52.668 D/PackageInstaller(  602): Ignoring abandon after commit relinquished control
05-17 11:40:52.687 I/ActivityManager(  602): Force stopping com.google.android.exoplayer2.demo appid=10088 user=0: pkg removed
05-17 11:40:52.791 W/ContextImpl(24393): Calling a method in the system process without a qualified user: android.app.ContextImpl.startService:1357 android.content.ContextWrapper.startService:613 android.content.ContextWrapper.startService:613 com.android.keychain.KeyChainBroadcastReceiver.onReceive:12 android.app.ActivityThread.handleReceiver:3040 
05-17 11:40:53.680 I/ActivityManager(  602): START u0 {act=android.intent.action.MAIN cat=[android.intent.category.LAUNCHER] flg=0x10000000 cmp=com.google.android.exoplayer2.demo/.SampleChooserActivity} from uid 2000 on display 0
05-17 11:40:53.705 I/ActivityManager(  602): Start proc 30436:com.google.android.exoplayer2.demo/u0a88 for activity com.google.android.exoplayer2.demo/.SampleChooserActivity
05-17 11:40:54.647 I/ActivityManager(  602): Process .QuiptelPlayerService (pid 30228) has died
05-17 11:40:54.647 D/ActivityManager(  602): cleanUpApplicationRecord -- 30228
05-17 11:40:54.729 I/ActivityManager(  602): START u0 {flg=0x10800000 cmp=com.estrongs.android.pop/.app.InstallMonitorActivity (has extras)} from uid 10090 on display 0
05-17 11:40:55.777 W/InputMethodManagerService(  602): Window already focused, ignoring focus gain of: com.android.internal.view.IInputMethodClient$Stub$Proxy@f9e8b68 attribute=null, token = android.os.BinderProxy@7fa523a
05-17 11:41:08.781 I/ActivityManager(  602): START u0 {act=com.google.android.exoplayer.demo.action.VIEW dat=http://198.255.10.2:88/... cmp=com.google.android.exoplayer2.demo/.PlayerActivity (has extras)} from uid 10088 on display 0
05-17 11:41:21.766 I/ActivityManager(  602): Setting hasTopUi=true for pid=20769
05-17 11:41:22.961 I/ActivityManager(  602): Start proc 30579:com.google.android.apps.genie.geniewidget/u0a77 for service com.google.android.apps.genie.geniewidget/.utils.GcmIntentService
05-17 11:41:23.420 D/CryptdConnector(  602): SND -> {67 cryptfs getpwtype}
05-17 11:41:23.420 D/VoldCryptCmdListener(  187): cryptfs getpwtype
05-17 11:41:23.421 D/CryptdConnector(  602): RCV <- {213 67 default}
05-17 11:41:25.529 W/InputMethodManagerService(  602): Window already focused, ignoring focus gain of: com.android.internal.view.IInputMethodClient$Stub$Proxy@c078cb1 attribute=null, token = android.os.BinderProxy@6088e61
05-17 11:41:25.544 I/ActivityManager(  602): Setting hasTopUi=false for pid=20769
05-17 11:41:38.931 I/ActivityManager(  602): START u0 {act=android.intent.action.MAIN cat=[android.intent.category.HOME] flg=0x10200000 cmp=com.google.android.googlequicksearchbox/com.google.android.launcher.GEL (has extras)} from uid 1000 on display 0
05-17 11:41:40.715 I/ActivityManager(  602): START u0 {act=android.intent.action.MAIN cat=[android.intent.category.LAUNCHER] flg=0x10200000 cmp=com.suretech.playerF/com.qflowplay.LoginActivity (has extras)} from uid 10028 on display 0
05-17 11:41:40.798 I/ActivityManager(  602): Start proc 30700:.QuiptelPlayerService/u0a268 for service com.suretech.playerF/com.quiptel.player.QuiptelPlayerService
05-17 11:41:43.362 W/WindowManager(  602): Attempted to remove non-existing token: android.os.Binder@f8accde
05-17 11:41:47.023 W/WindowManager(  602): Attempted to remove non-existing token: android.os.Binder@ab17d8d
05-17 11:41:48.356 D/ConnectivityService(  602): NetworkAgentInfo [WIFI () - 129] validation failed
05-17 11:41:50.037 I/NotificationService(  602): cancelToast pkg=com.suretech.playerF callback=android.app.ITransientNotification$Stub$Proxy@9f2298e
05-17 11:41:50.037 W/NotificationService(  602): Toast already cancelled. pkg=com.suretech.playerF callback=android.app.ITransientNotification$Stub$Proxy@9f2298e
05-17 11:41:53.497 E/ActivityThread(  999): Service com.google.android.location.places.service.PlaceDetectionAsyncService has leaked IntentReceiver amth@be57efe that was originally registered here. Are you missing a call to unregisterReceiver()?
05-17 11:41:53.497 E/ActivityThread(  999): android.app.IntentReceiverLeaked: Service com.google.android.location.places.service.PlaceDetectionAsyncService has leaked IntentReceiver amth@be57efe that was originally registered here. Are you missing a call to unregisterReceiver()?
05-17 11:41:53.497 E/ActivityThread(  999): 	at android.app.LoadedApk$ReceiverDispatcher.<init>(LoadedApk.java:1159)
05-17 11:41:53.497 E/ActivityThread(  999): 	at android.app.LoadedApk.getReceiverDispatcher(LoadedApk.java:946)
05-17 11:41:53.497 E/ActivityThread(  999): 	at android.app.ContextImpl.registerReceiverInternal(ContextImpl.java:1302)
05-17 11:41:53.497 E/ActivityThread(  999): 	at android.app.ContextImpl.registerReceiver(ContextImpl.java:1282)
05-17 11:41:53.497 E/ActivityThread(  999): 	at android.content.ContextWrapper.registerReceiver(ContextWrapper.java:593)
05-17 11:41:53.497 E/ActivityThread(  999): 	at android.content.ContextWrapper.registerReceiver(ContextWrapper.java:593)
05-17 11:41:53.497 E/ActivityThread(  999): 	at android.content.ContextWrapper.registerReceiver(ContextWrapper.java:593)
05-17 11:41:53.497 E/ActivityThread(  999): 	at android.content.ContextWrapper.registerReceiver(ContextWrapper.java:593)
05-17 11:41:53.497 E/ActivityThread(  999): 	at amrb.run(:com.google.android.gms:4414)
05-17 11:41:53.497 E/ActivityThread(  999): 	at android.os.Handler.handleCallback(Handler.java:751)
05-17 11:41:53.497 E/ActivityThread(  999): 	at android.os.Handler.dispatchMessage(Handler.java:95)
05-17 11:41:53.497 E/ActivityThread(  999): 	at android.os.Looper.loop(Looper.java:154)
05-17 11:41:53.497 E/ActivityThread(  999): 	at android.os.HandlerThread.run(HandlerThread.java:61)
05-17 11:41:53.710 E/ActivityThread(  999): Service com.google.android.location.places.service.PlaceDetectionAsyncService has leaked IntentReceiver amth@febaddf that was originally registered here. Are you missing a call to unregisterReceiver()?
05-17 11:41:53.710 E/ActivityThread(  999): android.app.IntentReceiverLeaked: Service com.google.android.location.places.service.PlaceDetectionAsyncService has leaked IntentReceiver amth@febaddf that was originally registered here. Are you missing a call to unregisterReceiver()?
05-17 11:41:53.710 E/ActivityThread(  999): 	at android.app.LoadedApk$ReceiverDispatcher.<init>(LoadedApk.java:1159)
05-17 11:41:53.710 E/ActivityThread(  999): 	at android.app.LoadedApk.getReceiverDispatcher(LoadedApk.java:946)
05-17 11:41:53.710 E/ActivityThread(  999): 	at android.app.ContextImpl.registerReceiverInternal(ContextImpl.java:1302)
05-17 11:41:53.710 E/ActivityThread(  999): 	at android.app.ContextImpl.registerReceiver(ContextImpl.java:1282)
05-17 11:41:53.710 E/ActivityThread(  999): 	at android.content.ContextWrapper.registerReceiver(ContextWrapper.java:593)
05-17 11:41:53.710 E/ActivityThread(  999): 	at android.content.ContextWrapper.registerReceiver(ContextWrapper.java:593)
05-17 11:41:53.710 E/ActivityThread(  999): 	at android.content.ContextWrapper.registerReceiver(ContextWrapper.java:593)
05-17 11:41:53.710 E/ActivityThread(  999): 	at android.content.ContextWrapper.registerReceiver(ContextWrapper.java:593)
05-17 11:41:53.710 E/ActivityThread(  999): 	at amrb.run(:com.google.android.gms:4414)
05-17 11:41:53.710 E/ActivityThread(  999): 	at android.os.Handler.handleCallback(Handler.java:751)
05-17 11:41:53.710 E/ActivityThread(  999): 	at android.os.Handler.dispatchMessage(Handler.java:95)
05-17 11:41:53.710 E/ActivityThread(  999): 	at android.os.Looper.loop(Looper.java:154)
05-17 11:41:53.710 E/ActivityThread(  999): 	at android.os.HandlerThread.run(HandlerThread.java:61)
05-17 11:42:26.254 E/BatteryStatsService(  602): no controller energy info supplied
05-17 11:42:26.271 E/BatteryStatsService(  602): modem info is invalid: ModemActivityInfo{ mTimestamp=0 mSleepTimeMs=0 mIdleTimeMs=0 mTxTimeMs[]=[0, 0, 0, 0, 0] mRxTimeMs=0 mEnergyUsed=0}
05-17 11:45:26.254 E/BatteryStatsService(  602): no controller energy info supplied
05-17 11:45:26.308 E/BatteryStatsService(  602): modem info is invalid: ModemActivityInfo{ mTimestamp=0 mSleepTimeMs=0 mIdleTimeMs=0 mTxTimeMs[]=[0, 0, 0, 0, 0] mRxTimeMs=0 mEnergyUsed=0}
05-17 11:48:26.259 E/BatteryStatsService(  602): no controller energy info supplied
05-17 11:48:26.309 E/BatteryStatsService(  602): modem info is invalid: ModemActivityInfo{ mTimestamp=0 mSleepTimeMs=0 mIdleTimeMs=0 mTxTimeMs[]=[0, 0, 0, 0, 0] mRxTimeMs=0 mEnergyUsed=0}
05-17 11:49:05.829 W/WindowManager(  602): Attempted to remove non-existing token: android.os.Binder@8dc975b
05-17 11:49:08.817 I/NotificationService(  602): cancelToast pkg=com.suretech.playerF callback=android.app.ITransientNotification$Stub$Proxy@190ff36
05-17 11:49:08.817 W/NotificationService(  602): Toast already cancelled. pkg=com.suretech.playerF callback=android.app.ITransientNotification$Stub$Proxy@190ff36
05-17 11:50:33.495 D/ConnectivityService(  602): NetworkAgentInfo [WIFI () - 129] validation failed
05-17 11:50:56.664 I/ActivityManager(  602): Killing 26710:com.google.android.inputmethod.pinyin/u0a57 (adj 906): empty for 1806s
05-17 11:50:57.672 D/ActivityManager(  602): cleanUpApplicationRecord -- 26710
05-17 11:52:26.258 E/BatteryStatsService(  602): no controller energy info supplied
05-17 11:52:26.281 E/BatteryStatsService(  602): modem info is invalid: ModemActivityInfo{ mTimestamp=0 mSleepTimeMs=0 mIdleTimeMs=0 mTxTimeMs[]=[0, 0, 0, 0, 0] mRxTimeMs=0 mEnergyUsed=0}
05-17 11:55:01.145 W/WindowManager(  602): Attempted to remove non-existing token: android.os.Binder@4271273
05-17 11:55:04.152 I/NotificationService(  602): cancelToast pkg=com.suretech.playerF callback=android.app.ITransientNotification$Stub$Proxy@a815a1d
05-17 11:55:04.152 W/NotificationService(  602): Toast already cancelled. pkg=com.suretech.playerF callback=android.app.ITransientNotification$Stub$Proxy@a815a1d
05-17 11:55:26.276 E/BatteryStatsService(  602): no controller energy info supplied
05-17 11:55:26.328 E/BatteryStatsService(  602): modem info is invalid: ModemActivityInfo{ mTimestamp=0 mSleepTimeMs=0 mIdleTimeMs=0 mTxTimeMs[]=[0, 0, 0, 0, 0] mRxTimeMs=0 mEnergyUsed=0}
05-17 11:57:18.441 I/UsageStatsService(  602): User[0] Flushing usage stats to disk
05-17 11:58:00.002 I/ActivityManager(  602): Killing 16188:com.google.android.apps.plus/u0a73 (adj 906): empty for 1825s
05-17 11:58:01.831 D/ActivityManager(  602): cleanUpApplicationRecord -- 16188
05-17 11:59:26.260 E/BatteryStatsService(  602): no controller energy info supplied
05-17 11:59:26.280 E/BatteryStatsService(  602): modem info is invalid: ModemActivityInfo{ mTimestamp=0 mSleepTimeMs=0 mIdleTimeMs=0 mTxTimeMs[]=[0, 0, 0, 0, 0] mRxTimeMs=0 mEnergyUsed=0}
05-17 12:00:06.654 D/ConnectivityService(  602): reportNetworkConnectivity(129, true) by 10011
05-17 12:00:19.751 D/ConnectivityService(  602): NetworkAgentInfo [WIFI () - 129] validation failed
05-17 12:00:33.796 D/ConnectivityService(  602): NetworkAgentInfo [WIFI () - 129] validation failed
05-17 12:00:48.823 D/ConnectivityService(  602): NetworkAgentInfo [WIFI () - 129] validation failed
05-17 12:01:05.880 D/ConnectivityService(  602): NetworkAgentInfo [WIFI () - 129] validation failed
05-17 12:01:26.939 D/ConnectivityService(  602): NetworkAgentInfo [WIFI () - 129] validation failed
05-17 12:01:56.003 D/ConnectivityService(  602): NetworkAgentInfo [WIFI () - 129] validation failed
05-17 12:02:26.260 E/BatteryStatsService(  602): no controller energy info supplied
05-17 12:02:26.273 E/BatteryStatsService(  602): modem info is invalid: ModemActivityInfo{ mTimestamp=0 mSleepTimeMs=0 mIdleTimeMs=0 mTxTimeMs[]=[0, 0, 0, 0, 0] mRxTimeMs=0 mEnergyUsed=0}
05-17 12:02:41.072 D/ConnectivityService(  602): NetworkAgentInfo [WIFI () - 129] validation failed
05-17 12:03:58.160 D/ConnectivityService(  602): NetworkAgentInfo [WIFI () - 129] validation failed
05-17 12:05:34.238 E/BatteryStatsService(  602): no controller energy info supplied
05-17 12:05:34.269 E/BatteryStatsService(  602): modem info is invalid: ModemActivityInfo{ mTimestamp=0 mSleepTimeMs=0 mIdleTimeMs=0 mTxTimeMs[]=[0, 0, 0, 0, 0] mRxTimeMs=0 mEnergyUsed=0}
05-17 12:06:15.959 W/ProcessCpuTracker(  602): Skipping unknown process pid 2440
05-17 12:06:19.299 D/ConnectivityService(  602): NetworkAgentInfo [WIFI () - 129] validation failed
05-17 12:06:26.272 E/BatteryStatsService(  602): no controller energy info supplied
05-17 12:06:26.302 E/BatteryStatsService(  602): modem info is invalid: ModemActivityInfo{ mTimestamp=0 mSleepTimeMs=0 mIdleTimeMs=0 mTxTimeMs[]=[0, 0, 0, 0, 0] mRxTimeMs=0 mEnergyUsed=0}
05-17 12:06:54.958 I/ProcessStatsService(  602): Prepared write state in 2ms
05-17 12:09:26.261 E/BatteryStatsService(  602): no controller energy info supplied
05-17 12:09:26.288 E/BatteryStatsService(  602): modem info is invalid: ModemActivityInfo{ mTimestamp=0 mSleepTimeMs=0 mIdleTimeMs=0 mTxTimeMs[]=[0, 0, 0, 0, 0] mRxTimeMs=0 mEnergyUsed=0}
05-17 12:10:48.461 D/ConnectivityService(  602): NetworkAgentInfo [WIFI () - 129] validation failed
05-17 12:11:00.005 I/ActivityManager(  602): Killing 24419:com.android.musicfx/u0a20 (adj 904): empty for 1805s
05-17 12:11:00.005 I/ActivityManager(  602): Killing 23515:com.google.android.partnersetup/u0a17 (adj 904): empty for 1805s
05-17 12:11:00.006 I/ActivityManager(  602): Killing 24393:com.android.keychain/1000 (adj 906): empty for 1807s
05-17 12:11:00.006 I/ActivityManager(  602): Killing 24305:com.android.defcontainer/u0a6 (adj 906): empty for 1807s
05-17 12:11:01.002 D/ActivityManager(  602): cleanUpApplicationRecord -- 24305
05-17 12:11:01.004 D/ActivityManager(  602): cleanUpApplicationRecord -- 23515
05-17 12:11:01.059 D/ActivityManager(  602): cleanUpApplicationRecord -- 24419
05-17 12:11:01.067 D/ActivityManager(  602): cleanUpApplicationRecord -- 24393
05-17 12:13:26.266 E/BatteryStatsService(  602): no controller energy info supplied
05-17 12:13:26.289 E/BatteryStatsService(  602): modem info is invalid: ModemActivityInfo{ mTimestamp=0 mSleepTimeMs=0 mIdleTimeMs=0 mTxTimeMs[]=[0, 0, 0, 0, 0] mRxTimeMs=0 mEnergyUsed=0}
05-17 12:16:26.258 E/BatteryStatsService(  602): no controller energy info supplied
05-17 12:16:26.282 E/BatteryStatsService(  602): modem info is invalid: ModemActivityInfo{ mTimestamp=0 mSleepTimeMs=0 mIdleTimeMs=0 mTxTimeMs[]=[0, 0, 0, 0, 0] mRxTimeMs=0 mEnergyUsed=0}
05-17 12:19:26.255 E/BatteryStatsService(  602): no controller energy info supplied
05-17 12:19:26.288 E/BatteryStatsService(  602): modem info is invalid: ModemActivityInfo{ mTimestamp=0 mSleepTimeMs=0 mIdleTimeMs=0 mTxTimeMs[]=[0, 0, 0, 0, 0] mRxTimeMs=0 mEnergyUsed=0}
05-17 12:19:33.598 D/ConnectivityService(  602): NetworkAgentInfo [WIFI () - 129] validation failed
05-17 12:23:26.256 E/BatteryStatsService(  602): no controller energy info supplied
05-17 12:23:26.274 E/BatteryStatsService(  602): modem info is invalid: ModemActivityInfo{ mTimestamp=0 mSleepTimeMs=0 mIdleTimeMs=0 mTxTimeMs[]=[0, 0, 0, 0, 0] mRxTimeMs=0 mEnergyUsed=0}
05-17 12:25:24.992 W/WindowManager(  602): Attempted to remove non-existing token: android.os.Binder@1285d9e
05-17 12:25:27.991 I/NotificationService(  602): cancelToast pkg=com.suretech.playerF callback=android.app.ITransientNotification$Stub$Proxy@8fb559b
05-17 12:25:27.991 W/NotificationService(  602): Toast already cancelled. pkg=com.suretech.playerF callback=android.app.ITransientNotification$Stub$Proxy@8fb559b
05-17 12:25:35.024 W/WindowManager(  602): Attempted to remove non-existing token: android.os.Binder@7fadd38
05-17 12:25:38.029 I/NotificationService(  602): cancelToast pkg=com.suretech.playerF callback=android.app.ITransientNotification$Stub$Proxy@a2fb077
05-17 12:25:38.030 W/NotificationService(  602): Toast already cancelled. pkg=com.suretech.playerF callback=android.app.ITransientNotification$Stub$Proxy@a2fb077
05-17 12:26:26.247 E/BatteryStatsService(  602): no controller energy info supplied
05-17 12:26:26.271 E/BatteryStatsService(  602): modem info is invalid: ModemActivityInfo{ mTimestamp=0 mSleepTimeMs=0 mIdleTimeMs=0 mTxTimeMs[]=[0, 0, 0, 0, 0] mRxTimeMs=0 mEnergyUsed=0}
05-17 12:27:35.515 I/ActivityManager(  602): Start proc 5657:com.google.android.apps.plus/u0a73 for service com.google.android.apps.plus/.service.EsSyncAdapterService
05-17 12:27:40.065 D/CryptdConnector(  602): SND -> {68 cryptfs getpwtype}
05-17 12:27:40.066 D/VoldCryptCmdListener(  187): cryptfs getpwtype
05-17 12:27:40.067 D/CryptdConnector(  602): RCV <- {213 68 default}
05-17 12:28:34.475 I/ActivityManager(  602): Killing 24518:com.google.android.apps.magazines/u0a68 (adj 906): empty for 2859s
05-17 12:28:36.347 D/ActivityManager(  602): cleanUpApplicationRecord -- 24518
05-17 12:29:06.706 D/ConnectivityService(  602): reportNetworkConnectivity(129, true) by 10011
05-17 12:29:14.620 I/ActivityManager(  602): Start proc 5942:com.google.android.youtube/u0a85 for service com.google.android.youtube/com.google.android.libraries.youtube.common.gcore.gcoreclient.gcm.impl.GcmTaskServiceDelegator
05-17 12:29:19.683 W/ActivityManager(  602): Permission Denial: Accessing service ComponentInfo{com.google.android.music/com.google.android.music.dial.DialMediaRouteProviderService} from pid=5942, uid=10085 that is not exported from uid 10067
05-17 12:29:19.822 D/ConnectivityService(  602): NetworkAgentInfo [WIFI () - 129] validation failed
05-17 12:29:28.122 D/CryptdConnector(  602): SND -> {69 cryptfs getpwtype}
05-17 12:29:28.123 D/VoldCryptCmdListener(  187): cryptfs getpwtype
05-17 12:29:28.123 D/CryptdConnector(  602): RCV <- {213 69 default}
05-17 12:29:33.856 D/ConnectivityService(  602): NetworkAgentInfo [WIFI () - 129] validation failed
05-17 12:29:48.897 D/ConnectivityService(  602): NetworkAgentInfo [WIFI () - 129] validation failed
05-17 12:30:00.013 I/ActivityManager(  602): Killing 23353:com.google.android.apps.photos/u0a71 (adj 906): empty for 2944s
05-17 12:30:00.697 D/ActivityManager(  602): cleanUpApplicationRecord -- 23353
05-17 12:30:05.941 D/ConnectivityService(  602): NetworkAgentInfo [WIFI () - 129] validation failed
05-17 12:30:26.255 E/BatteryStatsService(  602): no controller energy info supplied
05-17 12:30:26.283 E/BatteryStatsService(  602): modem info is invalid: ModemActivityInfo{ mTimestamp=0 mSleepTimeMs=0 mIdleTimeMs=0 mTxTimeMs[]=[0, 0, 0, 0, 0] mRxTimeMs=0 mEnergyUsed=0}
05-17 12:30:27.014 D/ConnectivityService(  602): NetworkAgentInfo [WIFI () - 129] validation failed
05-17 12:30:36.504 I/ActivityManager(  602): Start proc 6285:com.google.android.gms.ui/u0a11 for service com.google.android.gms/.chimera.UiIntentOperationService
05-17 12:30:56.110 D/ConnectivityService(  602): NetworkAgentInfo [WIFI () - 129] validation failed
05-17 12:31:41.195 D/ConnectivityService(  602): NetworkAgentInfo [WIFI () - 129] validation failed
05-17 12:32:31.965 W/WindowManager(  602): Attempted to remove non-existing token: android.os.Binder@c4bb812
05-17 12:32:34.959 I/NotificationService(  602): cancelToast pkg=com.suretech.playerF callback=android.app.ITransientNotification$Stub$Proxy@4848499
05-17 12:32:34.959 W/NotificationService(  602): Toast already cancelled. pkg=com.suretech.playerF callback=android.app.ITransientNotification$Stub$Proxy@4848499
05-17 12:32:58.308 D/ConnectivityService(  602): NetworkAgentInfo [WIFI () - 129] validation failed
05-17 12:34:20.002 I/ActivityManager(  602): START u0 {flg=0x10800000 cmp=com.estrongs.android.pop/.app.RemainTransitionActivity} from uid 10090 on display 0
05-17 12:34:21.224 W/InputMethodManagerService(  602): Window already focused, ignoring focus gain of: com.android.internal.view.IInputMethodClient$Stub$Proxy@fabdd6e attribute=null, token = android.os.BinderProxy@c3b0d3c
05-17 12:34:26.250 E/BatteryStatsService(  602): no controller energy info supplied
05-17 12:34:26.281 E/BatteryStatsService(  602): modem info is invalid: ModemActivityInfo{ mTimestamp=0 mSleepTimeMs=0 mIdleTimeMs=0 mTxTimeMs[]=[0, 0, 0, 0, 0] mRxTimeMs=0 mEnergyUsed=0}
05-17 12:35:19.472 D/ConnectivityService(  602): NetworkAgentInfo [WIFI () - 129] validation failed
05-17 12:35:34.264 E/BatteryStatsService(  602): no controller energy info supplied
05-17 12:35:34.283 E/BatteryStatsService(  602): modem info is invalid: ModemActivityInfo{ mTimestamp=0 mSleepTimeMs=0 mIdleTimeMs=0 mTxTimeMs[]=[0, 0, 0, 0, 0] mRxTimeMs=0 mEnergyUsed=0}
05-17 12:35:42.800 I/PowerManagerService(  602): Going to sleep due to power button (uid 1000)...
05-17 12:35:42.803 I/PowerManagerService(  602): Sleeping (uid 1000)...
05-17 12:35:43.379 I/DisplayManagerService(  602): Display device changed state: "", OFF
05-17 12:35:43.380 W/LocalDisplayAdapter(  602): Unable to find color mode 0, ignoring request.
05-17 12:35:43.725 I/ActivityManager(  602): Setting hasTopUi=true for pid=20769
05-17 12:35:44.535 I/ActivityManager(  602): Process .QuiptelPlayerService (pid 30700) has died
05-17 12:35:44.536 D/ActivityManager(  602): cleanUpApplicationRecord -- 30700
05-17 12:35:53.772 W/BroadcastQueue(  602): Timeout of broadcast BroadcastRecord{ad74500 u-1 android.intent.action.SCREEN_OFF} - receiver=android.app.LoadedApk$ReceiverDispatcher$InnerReceiver@765a96a, started 10000ms ago
05-17 12:35:53.774 W/BroadcastQueue(  602): Receiver during timeout: BroadcastFilter{d8c56f8 u0 ReceiverList{1e39e5b 602 system/1000/u0 local:765a96a}}
05-17 12:37:01.087 I/ProcessStatsService(  602): Prepared write state in 2ms
05-17 12:39:48.619 D/ConnectivityService(  602): NetworkAgentInfo [WIFI () - 129] validation failed
05-17 12:41:26.257 E/BatteryStatsService(  602): no controller energy info supplied
05-17 12:41:26.275 E/BatteryStatsService(  602): modem info is invalid: ModemActivityInfo{ mTimestamp=0 mSleepTimeMs=0 mIdleTimeMs=0 mTxTimeMs[]=[0, 0, 0, 0, 0] mRxTimeMs=0 mEnergyUsed=0}
05-17 12:43:23.441 I/ActivityManager(  602): Start proc 8384:com.google.android.apps.maps/u0a66 for service com.google.android.apps.maps/com.google.android.apps.gmm.shared.cache.glide.GlideDiskCacheExpirationService
05-17 12:43:30.818 D/CryptdConnector(  602): SND -> {70 cryptfs getpwtype}
05-17 12:43:30.819 D/VoldCryptCmdListener(  187): cryptfs getpwtype
05-17 12:43:30.820 D/CryptdConnector(  602): RCV <- {213 70 default}
05-17 12:43:51.005 I/ActivityManager(  602): Killing 24439:android.process.acore/u0a1 (adj 906): empty for 3775s
05-17 12:43:51.211 D/ActivityManager(  602): cleanUpApplicationRecord -- 24439
05-17 12:48:33.745 D/ConnectivityService(  602): NetworkAgentInfo [WIFI () - 129] validation failed
05-17 12:54:19.386 I/UsageStatsService(  602): User[0] Flushing usage stats to disk
05-17 12:55:26.258 E/BatteryStatsService(  602): no controller energy info supplied
05-17 12:55:26.279 E/BatteryStatsService(  602): modem info is invalid: ModemActivityInfo{ mTimestamp=0 mSleepTimeMs=0 mIdleTimeMs=0 mTxTimeMs[]=[0, 0, 0, 0, 0] mRxTimeMs=0 mEnergyUsed=0}
05-17 12:58:06.784 D/ConnectivityService(  602): reportNetworkConnectivity(129, true) by 10011
05-17 12:58:19.831 D/ConnectivityService(  602): NetworkAgentInfo [WIFI () - 129] validation failed
05-17 12:58:33.862 D/ConnectivityService(  602): NetworkAgentInfo [WIFI () - 129] validation failed
05-17 12:58:48.890 D/ConnectivityService(  602): NetworkAgentInfo [WIFI () - 129] validation failed
05-17 12:59:05.919 D/ConnectivityService(  602): NetworkAgentInfo [WIFI () - 129] validation failed
05-17 12:59:09.341 E/ActivityThread( 1443): Failed to find provider info for com.google.android.wearable.settings
05-17 12:59:10.239 I/ActivityManager(  602): Start proc 10936:com.google.android.gms.unstable/u0a11 for service com.google.android.gms/.droidguard.DroidGuardService
05-17 12:59:18.214 W/ActivityManager(  602): Permission Denial: Accessing service ComponentInfo{com.google.android.music/com.google.android.music.dial.DialMediaRouteProviderService} from pid=5942, uid=10085 that is not exported from uid 10067
05-17 12:59:21.853 I/ActivityManager(  602): Waited long enough for: ServiceRecord{75a1876 u0 com.google.android.gms/.checkin.CheckinService}
05-17 12:59:26.969 D/ConnectivityService(  602): NetworkAgentInfo [WIFI () - 129] validation failed
05-17 12:59:36.573 E/ActivityThread( 1443): Failed to find provider info for com.google.android.wearable.settings
05-17 12:59:47.536 W/ActivityManager(  602): Permission Denial: Accessing service ComponentInfo{com.google.android.music/com.google.android.music.dial.DialMediaRouteProviderService} from pid=5942, uid=10085 that is not exported from uid 10067
05-17 12:59:56.009 D/ConnectivityService(  602): NetworkAgentInfo [WIFI () - 129] validation failed
05-17 13:00:19.112 I/ActivityManager(  602): Killing 30579:com.google.android.apps.genie.geniewidget/u0a77 (adj 906): empty for 4735s
05-17 13:00:19.407 D/ConnectivityService(  602): ConnectivityService NetworkRequestInfo binderDied(NetworkRequest [ LISTEN id=24, [ Capabilities: NOT_RESTRICTED&TRUSTED&NOT_VPN&FOREGROUND] ], android.os.BinderProxy@f32979a)
05-17 13:00:19.407 D/ActivityManager(  602): cleanUpApplicationRecord -- 30579
05-17 13:00:19.412 E/ConnectivityService(  602): RemoteException caught trying to send a callback msg for NetworkRequest [ LISTEN id=24, [ Capabilities: NOT_RESTRICTED&TRUSTED&NOT_VPN&FOREGROUND] ]
05-17 13:00:41.066 D/ConnectivityService(  602): NetworkAgentInfo [WIFI () - 129] validation failed
05-17 13:00:51.019 I/ActivityManager(  602): Start proc 11260:com.google.android.keep/u0a76 for service com.google.android.keep/.syncadapter.KeepSyncAdapterService
05-17 13:00:52.888 W/AppOps  (  602): Bad call: specified package com.google.android.gms under uid 10076 but it is really 10011
05-17 13:00:52.888 W/AppOps  (  602): java.lang.RuntimeException: here
05-17 13:00:52.888 W/AppOps  (  602): 	at com.android.server.AppOpsService.getOpsRawLocked(AppOpsService.java:1257)
05-17 13:00:52.888 W/AppOps  (  602): 	at com.android.server.AppOpsService.checkPackage(AppOpsService.java:976)
05-17 13:00:52.888 W/AppOps  (  602): 	at com.android.internal.app.IAppOpsService$Stub.onTransact(IAppOpsService.java:169)
05-17 13:00:52.888 W/AppOps  (  602): 	at android.os.Binder.execTransact(Binder.java:565)
05-17 13:01:23.646 I/ActivityManager(  602): Killing 24319:com.android.vending/u0a21 (adj 906): empty for 4799s
05-17 13:01:24.120 D/ActivityManager(  602): cleanUpApplicationRecord -- 24319
05-17 13:01:58.160 D/ConnectivityService(  602): NetworkAgentInfo [WIFI () - 129] validation failed
05-17 13:04:19.290 D/ConnectivityService(  602): NetworkAgentInfo [WIFI () - 129] validation failed
05-17 13:05:34.294 E/BatteryStatsService(  602): no controller energy info supplied
05-17 13:05:34.316 E/BatteryStatsService(  602): modem info is invalid: ModemActivityInfo{ mTimestamp=0 mSleepTimeMs=0 mIdleTimeMs=0 mTxTimeMs[]=[0, 0, 0, 0, 0] mRxTimeMs=0 mEnergyUsed=0}
05-17 13:07:09.088 I/ProcessStatsService(  602): Prepared write state in 4ms
05-17 13:07:09.090 I/ProcessStatsService(  602): Prepared write state in 2ms
05-17 13:08:48.443 D/ConnectivityService(  602): NetworkAgentInfo [WIFI () - 129] validation failed
05-17 13:11:26.254 E/BatteryStatsService(  602): no controller energy info supplied
05-17 13:11:26.279 E/BatteryStatsService(  602): modem info is invalid: ModemActivityInfo{ mTimestamp=0 mSleepTimeMs=0 mIdleTimeMs=0 mTxTimeMs[]=[0, 0, 0, 0, 0] mRxTimeMs=0 mEnergyUsed=0}
05-17 13:17:33.573 D/ConnectivityService(  602): NetworkAgentInfo [WIFI () - 129] validation failed
05-17 13:19:21.856 I/UsageStatsService(  602): User[0] Flushing usage stats to disk
05-17 13:27:06.879 D/ConnectivityService(  602): reportNetworkConnectivity(129, true) by 10011
05-17 13:27:19.933 D/ConnectivityService(  602): NetworkAgentInfo [WIFI () - 129] validation failed
05-17 13:27:33.962 D/ConnectivityService(  602): NetworkAgentInfo [WIFI () - 129] validation failed
05-17 13:27:48.996 D/ConnectivityService(  602): NetworkAgentInfo [WIFI () - 129] validation failed
05-17 13:28:06.029 D/ConnectivityService(  602): NetworkAgentInfo [WIFI () - 129] validation failed
05-17 13:28:09.849 D/libgps  (  602): proxy_gnss_sv_status_cb: called. num_svs(0)
05-17 13:28:10.711 D/libgps  (  602): proxy_gnss_sv_status_cb: called. num_svs(1)
05-17 13:28:11.724 D/libgps  (  602): proxy_gnss_sv_status_cb: called. num_svs(1)
05-17 13:28:12.731 D/libgps  (  602): proxy_gnss_sv_status_cb: called. num_svs(2)
05-17 13:28:13.748 D/libgps  (  602): proxy_gnss_sv_status_cb: called. num_svs(3)
05-17 13:28:14.749 D/libgps  (  602): proxy_gnss_sv_status_cb: called. num_svs(5)
05-17 13:28:15.748 D/libgps  (  602): proxy_gnss_sv_status_cb: called. num_svs(5)
05-17 13:28:16.754 D/libgps  (  602): proxy_gnss_sv_status_cb: called. num_svs(5)
05-17 13:28:17.762 D/libgps  (  602): proxy_gnss_sv_status_cb: called. num_svs(6)
05-17 13:28:18.760 D/libgps  (  602): proxy_gnss_sv_status_cb: called. num_svs(7)
05-17 13:28:19.760 D/libgps  (  602): proxy_gnss_sv_status_cb: called. num_svs(7)
05-17 13:28:20.761 D/libgps  (  602): proxy_gnss_sv_status_cb: called. num_svs(7)
05-17 13:28:21.769 D/libgps  (  602): proxy_gnss_sv_status_cb: called. num_svs(7)
05-17 13:28:22.762 D/libgps  (  602): proxy_gnss_sv_status_cb: called. num_svs(7)
05-17 13:28:23.766 D/libgps  (  602): proxy_gnss_sv_status_cb: called. num_svs(7)
05-17 13:28:24.773 D/libgps  (  602): proxy_gnss_sv_status_cb: called. num_svs(7)
05-17 13:28:25.754 D/libgps  (  602): proxy_gnss_sv_status_cb: called. num_svs(6)
05-17 13:28:26.256 E/BatteryStatsService(  602): no controller energy info supplied
05-17 13:28:26.274 E/BatteryStatsService(  602): modem info is invalid: ModemActivityInfo{ mTimestamp=0 mSleepTimeMs=0 mIdleTimeMs=0 mTxTimeMs[]=[0, 0, 0, 0, 0] mRxTimeMs=0 mEnergyUsed=0}
05-17 13:28:26.758 D/libgps  (  602): proxy_gnss_sv_status_cb: called. num_svs(6)
05-17 13:28:27.063 D/ConnectivityService(  602): NetworkAgentInfo [WIFI () - 129] validation failed
05-17 13:28:27.755 D/libgps  (  602): proxy_gnss_sv_status_cb: called. num_svs(6)
05-17 13:28:28.754 D/libgps  (  602): proxy_gnss_sv_status_cb: called. num_svs(5)
05-17 13:28:29.754 D/libgps  (  602): proxy_gnss_sv_status_cb: called. num_svs(5)
05-17 13:28:30.756 D/libgps  (  602): proxy_gnss_sv_status_cb: called. num_svs(6)
05-17 13:28:31.766 D/libgps  (  602): proxy_gnss_sv_status_cb: called. num_svs(6)
05-17 13:28:32.762 D/libgps  (  602): proxy_gnss_sv_status_cb: called. num_svs(6)
05-17 13:28:33.774 D/libgps  (  602): proxy_gnss_sv_status_cb: called. num_svs(6)
05-17 13:28:34.773 D/libgps  (  602): proxy_gnss_sv_status_cb: called. num_svs(7)
05-17 13:28:35.780 D/libgps  (  602): proxy_gnss_sv_status_cb: called. num_svs(7)
05-17 13:28:36.793 D/libgps  (  602): proxy_gnss_sv_status_cb: called. num_svs(7)
05-17 13:28:56.102 D/ConnectivityService(  602): NetworkAgentInfo [WIFI () - 129] validation failed
05-17 13:29:41.163 D/ConnectivityService(  602): NetworkAgentInfo [WIFI () - 129] validation failed
05-17 13:30:58.261 D/ConnectivityService(  602): NetworkAgentInfo [WIFI () - 129] validation failed
05-17 13:33:19.387 D/ConnectivityService(  602): NetworkAgentInfo [WIFI () - 129] validation failed
05-17 13:35:34.321 E/BatteryStatsService(  602): no controller energy info supplied
05-17 13:35:34.341 E/BatteryStatsService(  602): modem info is invalid: ModemActivityInfo{ mTimestamp=0 mSleepTimeMs=0 mIdleTimeMs=0 mTxTimeMs[]=[0, 0, 0, 0, 0] mRxTimeMs=0 mEnergyUsed=0}
05-17 13:36:01.645 I/EntropyMixer(  602): Writing entropy...
05-17 13:37:21.733 I/ProcessStatsService(  602): Prepared write state in 3ms
05-17 13:37:48.551 D/ConnectivityService(  602): NetworkAgentInfo [WIFI () - 129] validation failed
05-17 13:45:26.259 E/BatteryStatsService(  602): no controller energy info supplied
05-17 13:45:26.278 E/BatteryStatsService(  602): modem info is invalid: ModemActivityInfo{ mTimestamp=0 mSleepTimeMs=0 mIdleTimeMs=0 mTxTimeMs[]=[0, 0, 0, 0, 0] mRxTimeMs=0 mEnergyUsed=0}
05-17 13:46:33.678 D/ConnectivityService(  602): NetworkAgentInfo [WIFI () - 129] validation failed
05-17 13:46:43.839 I/ActivityManager(  602): Start proc 18660:com.android.connectivity.metrics/u0a4 for service com.android.connectivity.metrics/.BluetoothJobService
05-17 13:48:15.113 I/ActivityManager(  602): Killing 6285:com.google.android.gms.ui/u0a11 (adj 906): empty for 4658s
05-17 13:48:15.881 D/ActivityManager(  602): cleanUpApplicationRecord -- 6285
05-17 13:56:06.953 D/ConnectivityService(  602): reportNetworkConnectivity(129, true) by 10011
05-17 13:56:19.992 D/ConnectivityService(  602): NetworkAgentInfo [WIFI () - 129] validation failed
05-17 13:56:34.024 D/ConnectivityService(  602): NetworkAgentInfo [WIFI () - 129] validation failed
05-17 13:56:49.056 D/ConnectivityService(  602): NetworkAgentInfo [WIFI () - 129] validation failed
05-17 13:57:06.090 D/ConnectivityService(  602): NetworkAgentInfo [WIFI () - 129] validation failed
05-17 13:57:27.127 D/ConnectivityService(  602): NetworkAgentInfo [WIFI () - 129] validation failed
05-17 13:57:56.172 D/ConnectivityService(  602): NetworkAgentInfo [WIFI () - 129] validation failed
05-17 13:58:41.233 D/ConnectivityService(  602): NetworkAgentInfo [WIFI () - 129] validation failed
05-17 13:59:58.327 D/ConnectivityService(  602): NetworkAgentInfo [WIFI () - 129] validation failed
05-17 14:02:19.459 D/ConnectivityService(  602): NetworkAgentInfo [WIFI () - 129] validation failed
05-17 14:02:26.252 E/BatteryStatsService(  602): no controller energy info supplied
05-17 14:02:26.264 E/BatteryStatsService(  602): modem info is invalid: ModemActivityInfo{ mTimestamp=0 mSleepTimeMs=0 mIdleTimeMs=0 mTxTimeMs[]=[0, 0, 0, 0, 0] mRxTimeMs=0 mEnergyUsed=0}
05-17 14:05:34.352 E/BatteryStatsService(  602): no controller energy info supplied
05-17 14:05:34.372 E/BatteryStatsService(  602): modem info is invalid: ModemActivityInfo{ mTimestamp=0 mSleepTimeMs=0 mIdleTimeMs=0 mTxTimeMs[]=[0, 0, 0, 0, 0] mRxTimeMs=0 mEnergyUsed=0}
05-17 14:06:48.675 D/ConnectivityService(  602): NetworkAgentInfo [WIFI () - 129] validation failed
05-17 14:07:22.588 I/ProcessStatsService(  602): Prepared write state in 10ms
05-17 14:07:22.588 I/ProcessStatsService(  602): Prepared write state in 0ms
05-17 14:07:24.181 I/ProcessStatsService(  602): Pruning old procstats: /data/system/procstats/state-2017-05-16-02-32-35.bin
05-17 14:11:34.281 I/PowerManagerService(  602): Waking up from sleep (uid 1000)...
05-17 14:11:34.292 I/DisplayPowerController(  602): Blocking screen on until initial contents have been drawn.
05-17 14:11:34.296 I/DisplayManagerService(  602): Display device changed state: "", ON
05-17 14:11:34.299 W/LocalDisplayAdapter(  602): Unable to find color mode 0, ignoring request.
05-17 14:11:34.590 I/DisplayPowerController(  602): Unblocked screen on after 298 ms
05-17 14:11:35.400 I/ActivityManager(  602): Start proc 22705:.QuiptelPlayerService/u0a268 for service com.suretech.playerF/com.quiptel.player.QuiptelPlayerService
05-17 14:11:35.749 I/ActivityManager(  602): Setting hasTopUi=false for pid=20769
05-17 14:11:35.975 W/InputMethodManagerService(  602): Window already focused, ignoring focus gain of: com.android.internal.view.IInputMethodClient$Stub$Proxy@66fcedd attribute=android.view.inputmethod.EditorInfo@a909a52, token = android.os.BinderProxy@c3b0d3c
05-17 14:11:37.983 W/WindowManager(  602): Attempted to remove non-existing token: android.os.Binder@c02e123
05-17 14:11:41.000 I/NotificationService(  602): cancelToast pkg=com.suretech.playerF callback=android.app.ITransientNotification$Stub$Proxy@8fe5913
05-17 14:11:41.000 W/NotificationService(  602): Toast already cancelled. pkg=com.suretech.playerF callback=android.app.ITransientNotification$Stub$Proxy@8fe5913
05-17 14:12:03.593 W/WindowManager(  602): Attempted to remove non-existing token: android.os.Binder@65c480
05-17 14:12:06.587 I/NotificationService(  602): cancelToast pkg=com.suretech.playerF callback=android.app.ITransientNotification$Stub$Proxy@f77522d
05-17 14:12:06.587 W/NotificationService(  602): Toast already cancelled. pkg=com.suretech.playerF callback=android.app.ITransientNotification$Stub$Proxy@f77522d
05-17 14:12:26.249 E/BatteryStatsService(  602): no controller energy info supplied
05-17 14:12:26.258 E/BatteryStatsService(  602): modem info is invalid: ModemActivityInfo{ mTimestamp=0 mSleepTimeMs=0 mIdleTimeMs=0 mTxTimeMs[]=[0, 0, 0, 0, 0] mRxTimeMs=0 mEnergyUsed=0}
05-17 14:14:34.107 W/WindowManager(  602): Attempted to remove non-existing token: android.os.Binder@6bcd0d3
05-17 14:14:37.110 I/NotificationService(  602): cancelToast pkg=com.suretech.playerF callback=android.app.ITransientNotification$Stub$Proxy@4c0e01a
05-17 14:14:37.110 W/NotificationService(  602): Toast already cancelled. pkg=com.suretech.playerF callback=android.app.ITransientNotification$Stub$Proxy@4c0e01a
05-17 14:15:26.272 E/BatteryStatsService(  602): no controller energy info supplied
05-17 14:15:26.306 E/BatteryStatsService(  602): modem info is invalid: ModemActivityInfo{ mTimestamp=0 mSleepTimeMs=0 mIdleTimeMs=0 mTxTimeMs[]=[0, 0, 0, 0, 0] mRxTimeMs=0 mEnergyUsed=0}
05-17 14:15:32.904 W/WindowManager(  602): Attempted to remove non-existing token: android.os.Binder@c28d93b
05-17 14:15:33.806 D/ConnectivityService(  602): NetworkAgentInfo [WIFI () - 129] validation failed
05-17 14:15:35.899 I/NotificationService(  602): cancelToast pkg=com.suretech.playerF callback=android.app.ITransientNotification$Stub$Proxy@799f204
05-17 14:15:35.899 W/NotificationService(  602): Toast already cancelled. pkg=com.suretech.playerF callback=android.app.ITransientNotification$Stub$Proxy@799f204
05-17 14:17:26.253 E/BatteryStatsService(  602): no controller energy info supplied
05-17 14:17:26.341 E/BatteryStatsService(  602): modem info is invalid: ModemActivityInfo{ mTimestamp=0 mSleepTimeMs=0 mIdleTimeMs=0 mTxTimeMs[]=[0, 0, 0, 0, 0] mRxTimeMs=0 mEnergyUsed=0}
05-17 14:18:27.575 W/WindowManager(  602): Attempted to remove non-existing token: android.os.Binder@afee9d7
05-17 14:18:30.569 I/NotificationService(  602): cancelToast pkg=com.suretech.playerF callback=android.app.ITransientNotification$Stub$Proxy@ef460e2
05-17 14:18:30.569 W/NotificationService(  602): Toast already cancelled. pkg=com.suretech.playerF callback=android.app.ITransientNotification$Stub$Proxy@ef460e2
05-17 14:20:26.264 E/BatteryStatsService(  602): no controller energy info supplied
05-17 14:20:26.319 E/BatteryStatsService(  602): modem info is invalid: ModemActivityInfo{ mTimestamp=0 mSleepTimeMs=0 mIdleTimeMs=0 mTxTimeMs[]=[0, 0, 0, 0, 0] mRxTimeMs=0 mEnergyUsed=0}
05-17 14:23:26.255 E/BatteryStatsService(  602): no controller energy info supplied
05-17 14:23:26.286 E/BatteryStatsService(  602): modem info is invalid: ModemActivityInfo{ mTimestamp=0 mSleepTimeMs=0 mIdleTimeMs=0 mTxTimeMs[]=[0, 0, 0, 0, 0] mRxTimeMs=0 mEnergyUsed=0}
05-17 14:25:07.002 D/ConnectivityService(  602): reportNetworkConnectivity(129, true) by 10011
05-17 14:25:20.056 D/ConnectivityService(  602): NetworkAgentInfo [WIFI () - 129] validation failed
05-17 14:25:33.092 I/ActivityManager(  602): Start proc 31865:com.google.android.gms:snet/u0a11 for service com.google.android.gms/.chimera.SnetIntentOperationService
05-17 14:25:34.100 D/ConnectivityService(  602): NetworkAgentInfo [WIFI () - 129] validation failed
05-17 14:25:48.099 I/ActivityManager(  602): Waited long enough for: ServiceRecord{ebee3e4 u0 com.google.android.gms/.chimera.SnetIntentOperationService}
05-17 14:25:49.144 D/ConnectivityService(  602): NetworkAgentInfo [WIFI () - 129] validation failed
05-17 14:26:06.193 D/ConnectivityService(  602): NetworkAgentInfo [WIFI () - 129] validation failed
05-17 14:26:16.064 D/CryptdConnector(  602): SND -> {71 cryptfs getpwtype}
05-17 14:26:16.064 D/VoldCryptCmdListener(  187): cryptfs getpwtype
05-17 14:26:16.065 D/CryptdConnector(  602): RCV <- {213 71 default}
05-17 14:26:16.072 V/FingerprintManager(31865): FingerprintManagerService was null
05-17 14:26:26.259 E/BatteryStatsService(  602): no controller energy info supplied
05-17 14:26:26.311 E/BatteryStatsService(  602): modem info is invalid: ModemActivityInfo{ mTimestamp=0 mSleepTimeMs=0 mIdleTimeMs=0 mTxTimeMs[]=[0, 0, 0, 0, 0] mRxTimeMs=0 mEnergyUsed=0}
05-17 14:26:27.264 D/ConnectivityService(  602): NetworkAgentInfo [WIFI () - 129] validation failed
05-17 14:26:56.332 D/ConnectivityService(  602): NetworkAgentInfo [WIFI () - 129] validation failed
05-17 14:27:34.987 W/ActivityManager(  602): Unable to start service Intent { cmp=com.google.android.gms/.security.snet.SnetLaunchIntentService } U=0: not found
05-17 14:27:38.146 I/ActivityManager(  602): Process com.google.android.gms:snet (pid 31865) has died
05-17 14:27:38.147 D/ActivityManager(  602): cleanUpApplicationRecord -- 31865
05-17 14:27:38.147 W/ActivityManager(  602): Scheduling restart of crashed service com.google.android.gms/.chimera.SnetIntentOperationService in 249758ms
05-17 14:27:41.416 D/ConnectivityService(  602): NetworkAgentInfo [WIFI () - 129] validation failed
05-17 14:28:58.533 D/ConnectivityService(  602): NetworkAgentInfo [WIFI () - 129] validation failed
05-17 14:29:26.264 E/BatteryStatsService(  602): no controller energy info supplied
05-17 14:29:26.291 E/BatteryStatsService(  602): modem info is invalid: ModemActivityInfo{ mTimestamp=0 mSleepTimeMs=0 mIdleTimeMs=0 mTxTimeMs[]=[0, 0, 0, 0, 0] mRxTimeMs=0 mEnergyUsed=0}
05-17 14:31:19.693 D/ConnectivityService(  602): NetworkAgentInfo [WIFI () - 129] validation failed
05-17 14:31:35.502 I/UsageStatsService(  602): User[0] Flushing usage stats to disk
05-17 14:31:47.948 I/ActivityManager(  602): Start proc 4817:com.google.android.gms:snet/u0a11 for service com.google.android.gms/.chimera.SnetIntentOperationService
05-17 14:32:07.580 D/CryptdConnector(  602): SND -> {72 cryptfs getpwtype}
05-17 14:32:07.581 D/VoldCryptCmdListener(  187): cryptfs getpwtype
05-17 14:32:07.581 D/CryptdConnector(  602): RCV <- {213 72 default}
05-17 14:32:07.584 V/FingerprintManager( 4817): FingerprintManagerService was null
05-17 14:33:26.250 E/BatteryStatsService(  602): no controller energy info supplied
05-17 14:33:26.282 E/BatteryStatsService(  602): modem info is invalid: ModemActivityInfo{ mTimestamp=0 mSleepTimeMs=0 mIdleTimeMs=0 mTxTimeMs[]=[0, 0, 0, 0, 0] mRxTimeMs=0 mEnergyUsed=0}
05-17 14:34:55.943 I/UsageStatsService(  602): User[0] Rolling over usage stats
05-17 14:34:55.943 I/UsageStatsService(  602): User[0] Flushing usage stats to disk
05-17 14:35:03.308 I/UsageStatsService(  602): User[0] Rollover scheduled @ 2017-05-18 14:34:55(1495089295906)
