05-17 17:30:53.725 V/WifiNetworkHistory(  602): writeKnownNetworkHistory write config "STB-5G"WPA_PSK
05-17 17:30:53.726 D/WifiNetworkHistory(  602): saving network history: "Connectify-STB"WPA_PSK gw: null Network Selection-status: NETWORK_SELECTION_ENABLED ephemeral=false choice:null link:0 status:1 nid:5 hasEverConnected: true
05-17 17:30:53.726 V/WifiNetworkHistory(  602): writeKnownNetworkHistory write config "Connectify-STB"WPA_PSK
05-17 17:30:53.726 D/WifiNetworkHistory(  602): saving network history: "STB-Limit"WPA_PSK gw: null Network Selection-status: NETWORK_SELECTION_ENABLED ephemeral=false choice:null link:0 status:1 nid:3 hasEverConnected: true
05-17 17:30:53.727 V/WifiNetworkHistory(  602): writeKnownNetworkHistory write config "STB-Limit"WPA_PSK
05-17 17:30:53.727 D/WifiNetworkHistory(  602): saving network history: "STB-Limit2"WPA_PSK gw: null Network Selection-status: NETWORK_SELECTION_ENABLED ephemeral=false choice:null link:0 status:1 nid:4 hasEverConnected: true
05-17 17:30:53.727 V/WifiNetworkHistory(  602): writeKnownNetworkHistory write config "STB-Limit2"WPA_PSK
05-17 17:30:53.727 D/WifiNetworkHistory(  602): saving network history: "Connectify-levis123"WPA_PSK gw: null Network Selection-status: NETWORK_SELECTION_ENABLED ephemeral=false choice:null link:0 status:1 nid:1 hasEverConnected: true
05-17 17:30:53.728 V/WifiNetworkHistory(  602): writeKnownNetworkHistory write config "Connectify-levis123"WPA_PSK
05-17 17:30:53.728 D/WifiNetworkHistory(  602): saving network history: "Support-WIFI2"WPA_PSK gw: null Network Selection-status: NETWORK_SELECTION_ENABLED ephemeral=false choice:null link:0 status:1 nid:6 hasEverConnected: true
05-17 17:30:53.728 V/WifiNetworkHistory(  602): writeKnownNetworkHistory write config "Support-WIFI2"WPA_PSK
05-17 17:30:53.728 D/WifiNetworkHistory(  602): saving network history: "QA-5G"WPA_PSK gw: null Network Selection-status: NETWORK_SELECTION_ENABLED ephemeral=false choice:"STB-5G"WPA_PSK link:0 status:1 nid:15 hasEverConnected: true
05-17 17:30:53.728 V/WifiNetworkHistory(  602): writeKnownNetworkHistory write config "QA-5G"WPA_PSK
05-17 17:30:53.729 D/WifiNetworkHistory(  602): saving network history: "Chromecast5784.b"NONE gw: null Network Selection-status: NETWORK_SELECTION_ENABLED ephemeral=false choice:null link:0 status:1 nid:0 hasEverConnected: false
05-17 17:30:53.729 V/WifiNetworkHistory(  602): writeKnownNetworkHistory write config "Chromecast5784.b"NONE
05-17 17:30:53.730 D/WifiNetworkHistory(  602): saving network history: "Streaming"WPA_PSK gw: null Network Selection-status: NETWORK_SELECTION_ENABLED ephemeral=false choice:"STB-5G"WPA_PSK link:0 status:1 nid:9 hasEverConnected: false
05-17 17:30:53.730 V/WifiNetworkHistory(  602): writeKnownNetworkHistory write config "Streaming"WPA_PSK
05-17 17:30:53.730 D/WifiNetworkHistory(  602): saving network history: "Support-Wifi2"WPA_PSK gw: null Network Selection-status: NETWORK_SELECTION_ENABLED ephemeral=false choice:"STB-5G"WPA_PSK link:0 status:1 nid:12 hasEverConnected: true
05-17 17:30:53.731 V/WifiNetworkHistory(  602): writeKnownNetworkHistory write config "Support-Wifi2"WPA_PSK
05-17 17:30:53.731 D/WifiNetworkHistory(  602): saving network history: "QA"WPA_PSK gw: null Network Selection-status: NETWORK_SELECTION_ENABLED ephemeral=false choice:"STB-5G"WPA_PSK link:0 status:1 nid:14 hasEverConnected: true
05-17 17:30:53.731 V/WifiNetworkHistory(  602): writeKnownNetworkHistory write config "QA"WPA_PSK
05-17 17:30:53.731 D/WifiNetworkHistory(  602): saving network history: "Suretech-QA"NONE gw: null Network Selection-status: NETWORK_SELECTION_ENABLED ephemeral=false choice:null link:0 status:1 nid:10 hasEverConnected: false
05-17 17:30:53.731 V/WifiNetworkHistory(  602): writeKnownNetworkHistory write config "Suretech-QA"NONE
05-17 17:30:53.732 D/WifiNetworkHistory(  602): saving network history: "NETGEAR-robin"WPA_PSK gw: null Network Selection-status: NETWORK_SELECTION_ENABLED ephemeral=false choice:null link:0 status:1 nid:7 hasEverConnected: true
05-17 17:30:53.732 V/WifiNetworkHistory(  602): writeKnownNetworkHistory write config "NETGEAR-robin"WPA_PSK
05-17 17:30:53.732 D/WifiNetworkHistory(  602): saving network history: "Chromecast8588.b"NONE gw: null Network Selection-status: NETWORK_SELECTION_ENABLED ephemeral=false choice:null link:0 status:1 nid:2 hasEverConnected: true
05-17 17:30:53.732 V/WifiNetworkHistory(  602): writeKnownNetworkHistory write config "Chromecast8588.b"NONE
05-17 17:32:23.709 I/chatty  (25589): uid=10268(com.suretech.playerF) Timer-48 expire 35 lines
05-17 17:32:42.919 W/PlatformStatsUtil( 1443): Could not retrieve Usage & Diagnostics setting. Giving up.
05-17 17:32:53.447 W/Settings( 1296): Setting stay_on_while_plugged_in has moved from android.provider.Settings.System to android.provider.Settings.Global, returning read-only value.
05-17 17:32:53.461 E/BatteryStatsService(  602): no controller energy info supplied
05-17 17:32:53.462 E/PhoneInterfaceManager(  789): [PhoneIntfMgr] queryModemActivityInfo: Empty response
05-17 17:32:53.463 E/BatteryStatsService(  602): power: Missing API
05-17 17:32:53.473 E/BatteryStatsService(  602): modem info is invalid: ModemActivityInfo{ mTimestamp=0 mSleepTimeMs=0 mIdleTimeMs=0 mTxTimeMs[]=[0, 0, 0, 0, 0] mRxTimeMs=0 mEnergyUsed=0}
05-17 17:33:23.620 I/chatty  (25589): uid=10268(com.suretech.playerF) Timer-48 expire 21 lines
05-17 17:34:36.410 D/DhcpClient(  602): Unicasting DHCPREQUEST ciaddr=192.168.6.100 request=0.0.0.0 serverid=null to /192.168.6.180:67
05-17 17:34:36.525 D/DhcpClient(  602): Received packet: b4:ce:f6:08:52:ff ACK: your new IP /192.168.6.100, netmask /255.255.255.0, gateways [/192.168.6.254] DNS servers: /192.168.22.118 /8.8.8.8 , lease time 7200
05-17 17:34:36.525 D/DhcpClient(  602): Renewed lease: IP address 192.168.6.100/24 Gateway 192.168.6.254  DNS servers: [ 192.168.22.118 8.8.8.8 ] Domains  DHCP server /192.168.6.180 Vendor info null lease 7200 seconds
05-17 17:34:36.530 D/DhcpClient(  602): Scheduling renewal in 3599s
05-17 17:34:36.530 D/DhcpClient(  602): Scheduling rebind in 6299s
05-17 17:34:36.530 D/DhcpClient(  602): Scheduling expiry in 7199s
05-17 17:34:37.413 I/chatty  (25589): uid=10268(com.suretech.playerF) Timer-48 expire 14 lines
05-17 17:35:53.646 W/Settings( 1296): Setting stay_on_while_plugged_in has moved from android.provider.Settings.System to android.provider.Settings.Global, returning read-only value.
05-17 17:35:53.647 E/BatteryStatsService(  602): power: Missing API
05-17 17:35:53.668 E/BatteryStatsService(  602): no controller energy info supplied
05-17 17:35:53.669 E/PhoneInterfaceManager(  789): [PhoneIntfMgr] queryModemActivityInfo: Empty response
05-17 17:35:53.676 I/chatty  (25589): uid=10268(com.suretech.playerF) Timer-48 expire 14 lines
05-17 17:35:53.688 E/BatteryStatsService(  602): modem info is invalid: ModemActivityInfo{ mTimestamp=0 mSleepTimeMs=0 mIdleTimeMs=0 mTxTimeMs[]=[0, 0, 0, 0, 0] mRxTimeMs=0 mEnergyUsed=0}
05-17 17:38:53.638 W/Settings( 1296): Setting stay_on_while_plugged_in has moved from android.provider.Settings.System to android.provider.Settings.Global, returning read-only value.
05-17 17:38:53.651 E/BatteryStatsService(  602): power: Missing API
05-17 17:38:53.665 E/BatteryStatsService(  602): no controller energy info supplied
05-17 17:38:53.668 E/PhoneInterfaceManager(  789): [PhoneIntfMgr] queryModemActivityInfo: Empty response
05-17 17:38:53.693 E/BatteryStatsService(  602): modem info is invalid: ModemActivityInfo{ mTimestamp=0 mSleepTimeMs=0 mIdleTimeMs=0 mTxTimeMs[]=[0, 0, 0, 0, 0] mRxTimeMs=0 mEnergyUsed=0}
05-17 17:38:53.732 I/chatty  (25589): uid=10268(com.suretech.playerF) Timer-48 expire 28 lines
05-17 17:40:23.660 D/ConnectivityService(  602): NetworkAgentInfo [WIFI () - 129] validation failed
05-17 17:40:23.661 D/WifiStateMachine(  602): NETWORK_STATUS_UNWANTED_VALIDATION_FAILED
05-17 17:40:23.666 D/WifiNetworkHistory(  602): saving network history: "KSF"WPA_PSK gw: 00:1d:aa:c6:48:10 Network Selection-status: NETWORK_SELECTION_ENABLED ephemeral=false choice:null link:0 status:1 nid:8 hasEverConnected: true
05-17 17:40:23.666 V/WifiNetworkHistory(  602): writeKnownNetworkHistory write config "KSF"WPA_PSK
05-17 17:40:23.667 D/WifiNetworkHistory(  602): saving network history: "Suretech-QA"WPA_PSK gw: 00:0e:83:63:d2:80 Network Selection-status: NETWORK_SELECTION_ENABLED ephemeral=false choice:"Support-Wifi2"WPA_PSK link:0 status:1 nid:11 hasEverConnected: true
05-17 17:40:23.668 V/WifiNetworkHistory(  602): writeKnownNetworkHistory write config "Suretech-QA"WPA_PSK
05-17 17:40:23.672 D/WifiNetworkHistory(  602): saving network history: "STB-5G"WPA_PSK gw: 00:0e:83:63:d2:80 Network Selection-status: NETWORK_SELECTION_ENABLED ephemeral=false choice:null link:0 status:0 nid:13 hasEverConnected: true
05-17 17:40:23.672 V/WifiNetworkHistory(  602): writeKnownNetworkHistory write config "STB-5G"WPA_PSK
05-17 17:40:23.673 D/WifiNetworkHistory(  602): saving network history: "Connectify-STB"WPA_PSK gw: null Network Selection-status: NETWORK_SELECTION_ENABLED ephemeral=false choice:null link:0 status:1 nid:5 hasEverConnected: true
05-17 17:40:23.673 V/WifiNetworkHistory(  602): writeKnownNetworkHistory write config "Connectify-STB"WPA_PSK
05-17 17:40:23.674 D/WifiNetworkHistory(  602): saving network history: "STB-Limit"WPA_PSK gw: null Network Selection-status: NETWORK_SELECTION_ENABLED ephemeral=false choice:null link:0 status:1 nid:3 hasEverConnected: true
05-17 17:40:23.674 V/WifiNetworkHistory(  602): writeKnownNetworkHistory write config "STB-Limit"WPA_PSK
05-17 17:40:23.674 D/WifiNetworkHistory(  602): saving network history: "STB-Limit2"WPA_PSK gw: null Network Selection-status: NETWORK_SELECTION_ENABLED ephemeral=false choice:null link:0 status:1 nid:4 hasEverConnected: true
05-17 17:40:23.674 V/WifiNetworkHistory(  602): writeKnownNetworkHistory write config "STB-Limit2"WPA_PSK
05-17 17:40:23.675 D/WifiNetworkHistory(  602): saving network history: "Connectify-levis123"WPA_PSK gw: null Network Selection-status: NETWORK_SELECTION_ENABLED ephemeral=false choice:null link:0 status:1 nid:1 hasEverConnected: true
05-17 17:40:23.675 V/WifiNetworkHistory(  602): writeKnownNetworkHistory write config "Connectify-levis123"WPA_PSK
05-17 17:40:23.675 D/WifiNetworkHistory(  602): saving network history: "Support-WIFI2"WPA_PSK gw: null Network Selection-status: NETWORK_SELECTION_ENABLED ephemeral=false choice:null link:0 status:1 nid:6 hasEverConnected: true
05-17 17:40:23.675 V/WifiNetworkHistory(  602): writeKnownNetworkHistory write config "Support-WIFI2"WPA_PSK
05-17 17:40:23.676 D/WifiNetworkHistory(  602): saving network history: "QA-5G"WPA_PSK gw: null Network Selection-status: NETWORK_SELECTION_ENABLED ephemeral=false choice:"STB-5G"WPA_PSK link:0 status:1 nid:15 hasEverConnected: true
05-17 17:40:23.676 V/WifiNetworkHistory(  602): writeKnownNetworkHistory write config "QA-5G"WPA_PSK
05-17 17:40:23.676 D/WifiNetworkHistory(  602): saving network history: "Chromecast5784.b"NONE gw: null Network Selection-status: NETWORK_SELECTION_ENABLED ephemeral=false choice:null link:0 status:1 nid:0 hasEverConnected: false
05-17 17:40:23.676 V/WifiNetworkHistory(  602): writeKnownNetworkHistory write config "Chromecast5784.b"NONE
05-17 17:40:23.677 D/WifiNetworkHistory(  602): saving network history: "Streaming"WPA_PSK gw: null Network Selection-status: NETWORK_SELECTION_ENABLED ephemeral=false choice:"STB-5G"WPA_PSK link:0 status:1 nid:9 hasEverConnected: false
05-17 17:40:23.677 V/WifiNetworkHistory(  602): writeKnownNetworkHistory write config "Streaming"WPA_PSK
05-17 17:40:23.677 D/WifiNetworkHistory(  602): saving network history: "Support-Wifi2"WPA_PSK gw: null Network Selection-status: NETWORK_SELECTION_ENABLED ephemeral=false choice:"STB-5G"WPA_PSK link:0 status:1 nid:12 hasEverConnected: true
05-17 17:40:23.678 V/WifiNetworkHistory(  602): writeKnownNetworkHistory write config "Support-Wifi2"WPA_PSK
05-17 17:40:23.678 D/WifiNetworkHistory(  602): saving network history: "QA"WPA_PSK gw: null Network Selection-status: NETWORK_SELECTION_ENABLED ephemeral=false choice:"STB-5G"WPA_PSK link:0 status:1 nid:14 hasEverConnected: true
05-17 17:40:23.678 V/WifiNetworkHistory(  602): writeKnownNetworkHistory write config "QA"WPA_PSK
05-17 17:40:23.678 D/WifiNetworkHistory(  602): saving network history: "Suretech-QA"NONE gw: null Network Selection-status: NETWORK_SELECTION_ENABLED ephemeral=false choice:null link:0 status:1 nid:10 hasEverConnected: false
05-17 17:40:23.678 V/WifiNetworkHistory(  602): writeKnownNetworkHistory write config "Suretech-QA"NONE
05-17 17:40:23.683 D/WifiNetworkHistory(  602): saving network history: "NETGEAR-robin"WPA_PSK gw: null Network Selection-status: NETWORK_SELECTION_ENABLED ephemeral=false choice:null link:0 status:1 nid:7 hasEverConnected: true
05-17 17:40:23.683 V/WifiNetworkHistory(  602): writeKnownNetworkHistory write config "NETGEAR-robin"WPA_PSK
05-17 17:40:23.683 D/WifiNetworkHistory(  602): saving network history: "Chromecast8588.b"NONE gw: null Network Selection-status: NETWORK_SELECTION_ENABLED ephemeral=false choice:null link:0 status:1 nid:2 hasEverConnected: true
05-17 17:40:23.684 V/WifiNetworkHistory(  602): writeKnownNetworkHistory write config "Chromecast8588.b"NONE
05-17 17:41:53.325 W/System.err( 1296): android.content.pm.PackageManager$NameNotFoundException
05-17 17:41:53.325 W/System.err( 1296): 	at android.app.ApplicationPackageManager.getPackageInfoAsUser(ApplicationPackageManager.java:147)
05-17 17:41:53.325 W/System.err( 1296): 	at android.app.ApplicationPackageManager.getPackageInfo(ApplicationPackageManager.java:132)
05-17 17:41:53.325 W/System.err( 1296): 	at com.estrongs.android.pop.app.b.ah.c(Unknown Source)
05-17 17:41:53.325 W/System.err( 1296): 	at com.estrongs.android.pop.app.b.ah.a(Unknown Source)
05-17 17:41:53.325 W/System.err( 1296): 	at com.estrongs.android.pop.app.scene.e.o.a(Unknown Source)
05-17 17:41:53.325 W/System.err( 1296): 	at com.estrongs.android.scanner.c.m.run(Unknown Source)
05-17 17:41:53.325 W/System.err( 1296): 	at java.util.concurrent.ThreadPoolExecutor.runWorker(ThreadPoolExecutor.java:1133)
05-17 17:41:53.325 W/System.err( 1296): 	at java.util.concurrent.ThreadPoolExecutor$Worker.run(ThreadPoolExecutor.java:607)
05-17 17:41:53.325 W/System.err( 1296): 	at java.lang.Thread.run(Thread.java:761)
05-17 17:41:53.449 W/Settings( 1296): Setting stay_on_while_plugged_in has moved from android.provider.Settings.System to android.provider.Settings.Global, returning read-only value.
05-17 17:41:53.461 E/BatteryStatsService(  602): no controller energy info supplied
05-17 17:41:53.462 E/PhoneInterfaceManager(  789): [PhoneIntfMgr] queryModemActivityInfo: Empty response
05-17 17:41:53.463 E/BatteryStatsService(  602): power: Missing API
05-17 17:41:53.472 E/BatteryStatsService(  602): modem info is invalid: ModemActivityInfo{ mTimestamp=0 mSleepTimeMs=0 mIdleTimeMs=0 mTxTimeMs[]=[0, 0, 0, 0, 0] mRxTimeMs=0 mEnergyUsed=0}
05-17 17:41:54.189 I/chatty  (25589): uid=10268(com.suretech.playerF) Timer-48 expire 21 lines
05-17 17:41:54.920 W/System.err( 1296): android.content.pm.PackageManager$NameNotFoundException
05-17 17:41:54.920 W/System.err( 1296): 	at android.app.ApplicationPackageManager.getPackageInfoAsUser(ApplicationPackageManager.java:147)
05-17 17:41:54.920 W/System.err( 1296): 	at android.app.ApplicationPackageManager.getPackageInfo(ApplicationPackageManager.java:132)
05-17 17:41:54.920 W/System.err( 1296): 	at com.estrongs.android.pop.app.b.ah.c(Unknown Source)
05-17 17:41:54.920 W/System.err( 1296): 	at com.estrongs.android.pop.app.b.ah.a(Unknown Source)
05-17 17:41:54.920 W/System.err( 1296): 	at com.estrongs.android.pop.app.scene.e.o.a(Unknown Source)
05-17 17:41:54.920 W/System.err( 1296): 	at com.estrongs.android.scanner.c.m.run(Unknown Source)
05-17 17:41:54.920 W/System.err( 1296): 	at java.util.concurrent.ThreadPoolExecutor.runWorker(ThreadPoolExecutor.java:1133)
05-17 17:41:54.920 W/System.err( 1296): 	at java.util.concurrent.ThreadPoolExecutor$Worker.run(ThreadPoolExecutor.java:607)
05-17 17:41:54.920 W/System.err( 1296): 	at java.lang.Thread.run(Thread.java:761)
05-17 17:44:53.642 W/Settings( 1296): Setting stay_on_while_plugged_in has moved from android.provider.Settings.System to android.provider.Settings.Global, returning read-only value.
05-17 17:44:53.653 E/BatteryStatsService(  602): power: Missing API
05-17 17:44:53.668 E/BatteryStatsService(  602): no controller energy info supplied
05-17 17:44:53.670 E/PhoneInterfaceManager(  789): [PhoneIntfMgr] queryModemActivityInfo: Empty response
05-17 17:44:53.688 E/BatteryStatsService(  602): modem info is invalid: ModemActivityInfo{ mTimestamp=0 mSleepTimeMs=0 mIdleTimeMs=0 mTxTimeMs[]=[0, 0, 0, 0, 0] mRxTimeMs=0 mEnergyUsed=0}
05-17 17:45:23.648 I/chatty  (25589): uid=10268(com.suretech.playerF) Timer-48 expire 14 lines
05-17 17:47:52.780 W/SettingsProvider(  602): You shouldn't keep your settings in the secure settings. This will soon become an error.
05-17 17:47:52.785 W/SettingsProvider(  602): You shouldn't keep your settings in the secure settings. This will soon become an error.
05-17 17:47:52.786 W/SettingsProvider(  602): You shouldn't keep your settings in the secure settings. This will soon become an error.
05-17 17:47:53.051 E/WifiService(  602): Permission denial: Need ACCESS_COARSE_LOCATION or ACCESS_FINE_LOCATION permission to get scan results
05-17 17:47:53.188 I/chatty  (25589): uid=10268(com.suretech.playerF) Timer-48 expire 28 lines
05-17 17:47:53.447 W/Settings( 1296): Setting stay_on_while_plugged_in has moved from android.provider.Settings.System to android.provider.Settings.Global, returning read-only value.
05-17 17:47:53.459 E/BatteryStatsService(  602): no controller energy info supplied
05-17 17:47:53.461 E/PhoneInterfaceManager(  789): [PhoneIntfMgr] queryModemActivityInfo: Empty response
05-17 17:47:53.461 E/BatteryStatsService(  602): power: Missing API
05-17 17:47:53.474 E/BatteryStatsService(  602): modem info is invalid: ModemActivityInfo{ mTimestamp=0 mSleepTimeMs=0 mIdleTimeMs=0 mTxTimeMs[]=[0, 0, 0, 0, 0] mRxTimeMs=0 mEnergyUsed=0}
05-17 17:48:15.892 D/ConnectivityService(  602): reportNetworkConnectivity(129, true) by 10011
05-17 17:48:16.518 I/VacuumService(  999): Vacuum at: now=1495014496518 tag=VacuumService
05-17 17:48:16.933 I/ActivityManager(  602): Start proc 17610:com.google.android.gms.unstable/u0a11 for service com.google.android.gms/.droidguard.DroidGuardService
05-17 17:48:17.075 I/chatty  (25589): uid=10268(com.suretech.playerF) Timer-48 expire 77 lines
05-17 17:48:17.365 I/LoadedApk(17610): No resource references to update in package FFFFFFFFFFFFFFFFFFFFFF
05-17 17:48:17.507 V/JNIHelp (17610): Registering com/google/android/gms/org/conscrypt/NativeCrypto's 242 native methods...
05-17 17:48:17.652 D/NetworkSecurityConfig(17610): No Network Security Config specified, using platform default
05-17 17:48:17.670 I/ProviderInstaller(17610): Installed default security provider GmsCore_OpenSSL
05-17 17:48:18.222 D/WVCdm   (  244): Instantiating CDM.
05-17 17:48:18.223 I/WVCdm   (  244): CdmEngine::OpenSession
05-17 17:48:18.223 I/WVCdm   (  244): Level3 Library 4445 Sep 10 2016 21:30:01
05-17 17:48:18.242 W/Binder:244_1(  276): type=1400 audit(0.0:102): avc: denied { read write } for name="nvmap" dev="tmpfs" ino=10378 scontext=u:r:mediadrmserver:s0 tcontext=u:object_r:gpu_device:s0 tclass=chr_file permissive=0
05-17 17:48:18.247 D/NvOsDebugPrintf(  244): 
05-17 17:48:18.247 D/NvOsDebugPrintf(  244): 
05-17 17:48:18.247 D/NvOsDebugPrintf(  244): 
05-17 17:48:18.247 D/NvOsDebugPrintf(  244): ****NvRmMemInit failed****
05-17 17:48:18.247 D/NvOsDebugPrintf(  244): 
05-17 17:48:18.247 D/NvOsDebugPrintf(  244): 
05-17 17:48:18.248 D/oemcrypto_cenc(  244): >> OEMCrypto_Initialize: modular drm 6.00
05-17 17:48:18.248 D/oemcrypto_cenc(  244): << OEMCrypto_Initialize
05-17 17:48:18.249 E/oemcrypto_cenc(  244): OEMCrypto_APIVersion: 11
05-17 17:48:18.249 D/oemcrypto_cenc(  244): >> OEMCrypto_IsKeyboxValid
05-17 17:48:18.249 D/oemcrypto_cenc(  244): << OEMCrypto_IsKeyboxValid
05-17 17:48:18.249 D/WVCdm   (  244): OEMCrypto_Initialize Level 1 success. I will use level 1.
05-17 17:48:18.249 D/oemcrypto_cenc(  244): >> OEMCrypto_OpenSession
05-17 17:48:18.249 D/oemcrypto_cenc(  244): bool AddSessionHandle(OEMCrypto_SESSION): session:0xf3612770, status: 1
05-17 17:48:18.249 D/oemcrypto_cenc(  244): << OEMCrypto_OpenSession
05-17 17:48:18.250 D/oemcrypto_cenc(  244): >> OEMCrypto_GetRandom
05-17 17:48:18.250 D/oemcrypto_cenc(  244): << OEMCrypto_GetRandom
05-17 17:48:18.250 E/oemcrypto_cenc(  244): OEMCrypto_SecurityLevel
05-17 17:48:18.252 D/oemcrypto_cenc(  244): >> OEMCrypto_LoadDeviceRSAKey
05-17 17:48:18.252 D/oemcrypto_cenc(  244): << OEMCrypto_LoadDeviceRSAKey
05-17 17:48:18.252 D/oemcrypto_cenc(  244): >> OEMCrypto_GetRandom
05-17 17:48:18.253 D/oemcrypto_cenc(  244): << OEMCrypto_GetRandom
05-17 17:48:18.253 I/WVCdm   (  244): CdmEngine::QueryKeyControlInfo
05-17 17:48:18.254 I/WVCdm   (  244): CdmEngine::GenerateKeyRequest
05-17 17:48:18.255 D/oemcrypto_cenc(  244): >> OEMCrypto_GetDeviceID
05-17 17:48:18.255 D/oemcrypto_cenc(  244): << OEMCrypto_GetDeviceID
05-17 17:48:18.256 D/oemcrypto_cenc(  244): >> OEMCrypto_SupportsUsageTable
05-17 17:48:18.277 D/oemcrypto_cenc(  244): << OEMCrypto_SupportsUsageTable
05-17 17:48:18.278 E/oemcrypto_cenc(  244): OEMCrypto_APIVersion: 11
05-17 17:48:18.278 D/oemcrypto_cenc(  244): OEMCrypto_GetHDCPCapability
05-17 17:48:18.278 D/oemcrypto_cenc(  244): >> OEMCrypto_GenerateNonce
05-17 17:48:18.278 D/oemcrypto_cenc(  244): << OEMCrypto_GenerateNonce
05-17 17:48:18.278 D/WVCdm   (  244): PrepareKeyRequest: nonce=3458674741
05-17 17:48:18.280 D/oemcrypto_cenc(  244): >> OEMCrypto_GenerateRSASignature
05-17 17:48:18.405 D/oemcrypto_cenc(  244): << OEMCrypto_GenerateRSASignature
05-17 17:48:18.406 I/WVCdm   (  244): CdmEngine::CloseSession
05-17 17:48:18.406 D/oemcrypto_cenc(  244): >> OEMCrypto_CloseSession
05-17 17:48:18.406 D/oemcrypto_cenc(  244): bool RemoveSessionHandle(OEMCrypto_SESSION): session: 0xf3612770, status: 1
05-17 17:48:18.410 D/oemcrypto_cenc(  244): << OEMCrypto_CloseSession
05-17 17:48:18.411 D/oemcrypto_cenc(  244): >> OEMCrypto_Terminate
05-17 17:48:18.411 D/oemcrypto_cenc(  244): << OEMCrypto_Terminate
05-17 17:48:18.592 W/art     (17610): Suspending all threads took: 20.685ms
05-17 17:48:19.026 W/Binder:17610_1(17621): type=1400 audit(0.0:103): avc: denied { read } for name="/" dev="tmpfs" ino=9280 scontext=u:r:priv_app:s0:c512,c768 tcontext=u:object_r:device:s0 tclass=dir permissive=0
05-17 17:48:19.086 D/ConnectivityService(  602): NetworkAgentInfo [WIFI () - 129] validation failed
05-17 17:48:19.086 D/WifiStateMachine(  602): NETWORK_STATUS_UNWANTED_VALIDATION_FAILED
05-17 17:48:19.088 D/WifiNetworkHistory(  602): saving network history: "KSF"WPA_PSK gw: 00:1d:aa:c6:48:10 Network Selection-status: NETWORK_SELECTION_ENABLED ephemeral=false choice:null link:0 status:1 nid:8 hasEverConnected: true
05-17 17:48:19.088 V/WifiNetworkHistory(  602): writeKnownNetworkHistory write config "KSF"WPA_PSK
05-17 17:48:19.089 D/WifiNetworkHistory(  602): saving network history: "Suretech-QA"WPA_PSK gw: 00:0e:83:63:d2:80 Network Selection-status: NETWORK_SELECTION_ENABLED ephemeral=false choice:"Support-Wifi2"WPA_PSK link:0 status:1 nid:11 hasEverConnected: true
05-17 17:48:19.089 V/WifiNetworkHistory(  602): writeKnownNetworkHistory write config "Suretech-QA"WPA_PSK
05-17 17:48:19.089 D/WifiNetworkHistory(  602): saving network history: "STB-5G"WPA_PSK gw: 00:0e:83:63:d2:80 Network Selection-status: NETWORK_SELECTION_ENABLED ephemeral=false choice:null link:0 status:0 nid:13 hasEverConnected: true
05-17 17:48:19.089 V/WifiNetworkHistory(  602): writeKnownNetworkHistory write config "STB-5G"WPA_PSK
05-17 17:48:19.090 D/WifiNetworkHistory(  602): saving network history: "Connectify-STB"WPA_PSK gw: null Network Selection-status: NETWORK_SELECTION_ENABLED ephemeral=false choice:null link:0 status:1 nid:5 hasEverConnected: true
05-17 17:48:19.090 V/WifiNetworkHistory(  602): writeKnownNetworkHistory write config "Connectify-STB"WPA_PSK
05-17 17:48:19.090 D/WifiNetworkHistory(  602): saving network history: "STB-Limit"WPA_PSK gw: null Network Selection-status: NETWORK_SELECTION_ENABLED ephemeral=false choice:null link:0 status:1 nid:3 hasEverConnected: true
05-17 17:48:19.090 V/WifiNetworkHistory(  602): writeKnownNetworkHistory write config "STB-Limit"WPA_PSK
05-17 17:48:19.091 D/WifiNetworkHistory(  602): saving network history: "STB-Limit2"WPA_PSK gw: null Network Selection-status: NETWORK_SELECTION_ENABLED ephemeral=false choice:null link:0 status:1 nid:4 hasEverConnected: true
05-17 17:48:19.091 V/WifiNetworkHistory(  602): writeKnownNetworkHistory write config "STB-Limit2"WPA_PSK
05-17 17:48:19.093 D/WifiNetworkHistory(  602): saving network history: "Connectify-levis123"WPA_PSK gw: null Network Selection-status: NETWORK_SELECTION_ENABLED ephemeral=false choice:null link:0 status:1 nid:1 hasEverConnected: true
05-17 17:48:19.094 V/WifiNetworkHistory(  602): writeKnownNetworkHistory write config "Connectify-levis123"WPA_PSK
05-17 17:48:19.094 D/WifiNetworkHistory(  602): saving network history: "Support-WIFI2"WPA_PSK gw: null Network Selection-status: NETWORK_SELECTION_ENABLED ephemeral=false choice:null link:0 status:1 nid:6 hasEverConnected: true
05-17 17:48:19.094 V/WifiNetworkHistory(  602): writeKnownNetworkHistory write config "Support-WIFI2"WPA_PSK
05-17 17:48:19.098 D/WifiNetworkHistory(  602): saving network history: "QA-5G"WPA_PSK gw: null Network Selection-status: NETWORK_SELECTION_ENABLED ephemeral=false choice:"STB-5G"WPA_PSK link:0 status:1 nid:15 hasEverConnected: true
05-17 17:48:19.099 V/WifiNetworkHistory(  602): writeKnownNetworkHistory write config "QA-5G"WPA_PSK
05-17 17:48:19.099 D/WifiNetworkHistory(  602): saving network history: "Chromecast5784.b"NONE gw: null Network Selection-status: NETWORK_SELECTION_ENABLED ephemeral=false choice:null link:0 status:1 nid:0 hasEverConnected: false
05-17 17:48:19.099 V/WifiNetworkHistory(  602): writeKnownNetworkHistory write config "Chromecast5784.b"NONE
05-17 17:48:19.100 D/WifiNetworkHistory(  602): saving network history: "Streaming"WPA_PSK gw: null Network Selection-status: NETWORK_SELECTION_ENABLED ephemeral=false choice:"STB-5G"WPA_PSK link:0 status:1 nid:9 hasEverConnected: false
05-17 17:48:19.100 V/WifiNetworkHistory(  602): writeKnownNetworkHistory write config "Streaming"WPA_PSK
05-17 17:48:19.101 D/WifiNetworkHistory(  602): saving network history: "Support-Wifi2"WPA_PSK gw: null Network Selection-status: NETWORK_SELECTION_ENABLED ephemeral=false choice:"STB-5G"WPA_PSK link:0 status:1 nid:12 hasEverConnected: true
05-17 17:48:19.101 V/WifiNetworkHistory(  602): writeKnownNetworkHistory write config "Support-Wifi2"WPA_PSK
05-17 17:48:19.101 D/WifiNetworkHistory(  602): saving network history: "QA"WPA_PSK gw: null Network Selection-status: NETWORK_SELECTION_ENABLED ephemeral=false choice:"STB-5G"WPA_PSK link:0 status:1 nid:14 hasEverConnected: true
05-17 17:48:19.101 V/WifiNetworkHistory(  602): writeKnownNetworkHistory write config "QA"WPA_PSK
05-17 17:48:19.102 D/WifiNetworkHistory(  602): saving network history: "Suretech-QA"NONE gw: null Network Selection-status: NETWORK_SELECTION_ENABLED ephemeral=false choice:null link:0 status:1 nid:10 hasEverConnected: false
05-17 17:48:19.102 V/WifiNetworkHistory(  602): writeKnownNetworkHistory write config "Suretech-QA"NONE
05-17 17:48:19.102 D/WifiNetworkHistory(  602): saving network history: "NETGEAR-robin"WPA_PSK gw: null Network Selection-status: NETWORK_SELECTION_ENABLED ephemeral=false choice:null link:0 status:1 nid:7 hasEverConnected: true
05-17 17:48:19.103 V/WifiNetworkHistory(  602): writeKnownNetworkHistory write config "NETGEAR-robin"WPA_PSK
05-17 17:48:19.103 D/WifiNetworkHistory(  602): saving network history: "Chromecast8588.b"NONE gw: null Network Selection-status: NETWORK_SELECTION_ENABLED ephemeral=false choice:null link:0 status:1 nid:2 hasEverConnected: true
05-17 17:48:19.104 V/WifiNetworkHistory(  602): writeKnownNetworkHistory write config "Chromecast8588.b"NONE
05-17 17:48:19.555 W/art     (17610): Suspending all threads took: 25.354ms
05-17 17:48:22.783 W/ctxmgr  (  999): [AclManager]null policy map (3) -1, clientInfo=(accnt=account#-75706295#, com.google.android.gms(10011):AccountManager, vrsn=10298446, 0, 3pPkg = null ,  3pMdlId = null)
05-17 17:48:22.783 W/ctxmgr  (  999): [AccountManager]Can't read store: account#-75706295#, 7503
05-17 17:48:22.941 W/ctxmgr  (  999): [AclManager]null policy map (3) -1, clientInfo=(accnt=account#-517948760#, com.google.android.gms(10011):AccountManager, vrsn=10298446, 0, 3pPkg = null ,  3pMdlId = null)
05-17 17:48:22.941 W/ctxmgr  (  999): [AccountManager]Can't read store: account#-517948760#, 7503
05-17 17:48:23.487 W/ctxmgr  (  999): [WorkManager]Long workInfo: pkg=com.google.android.gms, lbl=Prune-delayed, start=2017-05-17 17:48:16.748+0800, stop=2017-05-17 17:48:23.484+0800, durtn=6736ms
05-17 17:48:25.725 I/dex2oat (17641): /system/bin/dex2oat --dex-file=/data/user/0/com.google.android.gms/app_fb/f.apk --oat-fd=48 --oat-location=/data/user/0/com.google.android.gms/app_fb/f.dex --compiler-filter=speed
05-17 17:48:25.975 I/dex2oat (17641): dex2oat took 251.586ms (threads: 2) arena alloc=456KB (467120B) java alloc=58KB (60400B) native alloc=502KB (514656B) free=1545KB (1582496B)
05-17 17:48:25.992 W/System  (17610): ClassLoader referenced unknown path: 
05-17 17:48:26.268 W/Conscrypt(  999): Could not set socket write timeout: null
05-17 17:48:27.772 W/Conscrypt(  999): Could not set socket write timeout: null
05-17 17:48:28.536 W/ctxmgr  (  999): [WorkManager]Long workInfo: pkg=com.google.android.gms, lbl=NetworkManager#getAcl, start=2017-05-17 17:48:23.487+0800, stop=2017-05-17 17:48:28.536+0800, durtn=5049ms
05-17 17:48:28.539 I/ActivityManager(  602): Start proc 17649:com.google.android.videos/u0a80 for service com.google.android.videos/.service.drm.RefreshLicenseTaskService
05-17 17:48:28.589 I/chatty  (25589): uid=10268(com.suretech.playerF) Timer-48 expire 42 lines
05-17 17:48:28.634 I/art     (17649): Starting a blocking GC AddRemoveAppImageSpace
05-17 17:48:28.672 E/ctxmgr  (  999): [NetworkUtil]No active synchronizable contexts.
05-17 17:48:28.719 I/MultiDex(17649): VM with version 2.1.0 has multidex support
05-17 17:48:28.719 I/MultiDex(17649): install
05-17 17:48:28.719 I/MultiDex(17649): VM has multidex support, MultiDex support library is disabled.
05-17 17:48:28.865 I/ActivityManager(  602): Start proc 17666:com.google.android.apps.walletnfcrel/u0a83 for service com.google.android.apps.walletnfcrel/com.google.commerce.tapandpay.android.beacon.RefreshBeaconService
05-17 17:48:29.004 I/art     (17666): Starting a blocking GC AddRemoveAppImageSpace
05-17 17:48:29.026 W/System  (17666): ClassLoader referenced unknown path: /data/app/com.google.android.apps.walletnfcrel-1/lib/arm64
05-17 17:48:29.250 D/ApplicationLoaders(17666): ignored Vulkan layer search path /data/app/com.google.android.gms-2/lib/arm64:/system/fake-libs64:/data/app/com.google.android.gms-2/base.apk!/lib/arm64-v8a for namespace 0x7d397d90f0
05-17 17:48:29.320 V/JNIHelp (17666): Registering com/google/android/gms/org/conscrypt/NativeCrypto's 242 native methods...
05-17 17:48:29.362 D/NetworkSecurityConfig(17666): No Network Security Config specified, using platform default
05-17 17:48:29.365 I/ProviderInstaller(17666): Installed default security provider GmsCore_OpenSSL
05-17 17:48:29.538 W/InstanceID/Rpc(17666): Found 10011
05-17 17:48:29.565 I/GunsAppRegManager(17666): GCM Project Id: 144105662513, View Id: tapandpay
05-17 17:48:29.581 I/Finsky  (10159): [1058] com.google.android.finsky.ap.a.a(64): Will not allow first-party apps signed by test keys
05-17 17:48:29.591 I/Finsky  (10159): [1058] com.google.android.finsky.services.e.a(8): Received content filters request from com.google.android.videos
05-17 17:48:29.788 D/Primes  (17666): Package metric: registered for startup notifications
05-17 17:48:29.788 D/Primes  (17666): Battery metric disabled
05-17 17:48:29.788 D/Primes  (17666): MagicEye logging metric disabled
05-17 17:48:29.788 D/CrashMetricService(17666): onPrimesInitialize
05-17 17:48:29.805 D/CryptdConnector(  602): SND -> {76 cryptfs getpwtype}
05-17 17:48:29.807 D/VoldCryptCmdListener(  187): cryptfs getpwtype
05-17 17:48:29.807 D/CryptdConnector(  602): RCV <- {213 76 default}
05-17 17:48:29.844 I/PlayMovies(17649): RefreshLicenseTaskService.forceLicenseRefreshNow:66 Scheduled task now refresh_license_forced
05-17 17:48:29.844 I/PlayMovies(17649): 
05-17 17:48:29.875 D/PlayMovies(17649): PersistentCache.cleanup:104 Cache is below limit, no need to shrink: [size=16, limit=5242880]
05-17 17:48:29.875 D/PlayMovies(17649): 
05-17 17:48:29.875 D/PlayMovies(17649): TransferService.onCreate:64 creating transfer service
05-17 17:48:29.875 D/PlayMovies(17649): 
05-17 17:48:29.927 I/PlayMovies(17649): RefreshLicenseTaskService.onRunTask:96 On run task refresh_license
05-17 17:48:29.927 I/PlayMovies(17649): 
05-17 17:48:30.107 W/ctxmgr  (  999): [WorkManager]Long workInfo: pkg=com.google.android.gms, lbl=WorkManagerSave-delayed, start=2017-05-17 17:48:28.852+0800, stop=2017-05-17 17:48:30.107+0800, durtn=1255ms
05-17 17:48:30.203 W/Settings(17666): Setting airplane_mode_on has moved from android.provider.Settings.System to android.provider.Settings.Global, returning read-only value.
05-17 17:48:30.464 W/VideoCapabilities(17649): Unrecognized level 0 for video/x-vnd.on2.vp8
05-17 17:48:30.605 I/BeaconHelper(17666): Unsubscribing for nearby messages
05-17 17:48:30.720 I/VideoCapabilities(17649): Unsupported profile 4 for video/mp4v-es
05-17 17:48:30.734 D/NearbyMessagesClient(17666): Failed to emit client lifecycle event CLIENT_DISCONNECTED due to GmsClient being disconnected
05-17 17:48:30.735 E/BeaconHelper(17666): Connection failed
05-17 17:48:30.842 W/art     (17666): Suspending all threads took: 11.030ms
05-17 17:48:30.872 I/PlayMovies(17649): UnpinContentCleaner.startCleanUp:88 Start cleanup unpinned content
05-17 17:48:30.872 I/PlayMovies(17649): 
05-17 17:48:30.889 I/GAv4    (17666): Google Analytics 10.2.98 is starting up. To enable debug logging on a device run:
05-17 17:48:30.889 I/GAv4    (17666):   adb shell setprop log.tag.GAv4 DEBUG
05-17 17:48:30.889 I/GAv4    (17666):   adb logcat -s GAv4
05-17 17:48:30.986 W/GAv4    (17666): AnalyticsReceiver is not registered or is disabled. Register the receiver for reliable dispatching on non-Google Play devices. See http://goo.gl/8Rd3yj for instructions.
05-17 17:48:31.142 W/GAv4    (17666): AnalyticsService not registered in the app manifest. Hits might not be delivered reliably. See http://goo.gl/8Rd3yj for instructions.
05-17 17:48:31.726 I/PlayMovies(17649): RefreshLicenseTaskService.onRunTask:96 On run task refresh_license_forced
05-17 17:48:31.726 I/PlayMovies(17649): 
05-17 17:48:54.424 I/art     (  602): Background partial concurrent mark sweep GC freed 79974(4MB) AllocSpace objects, 19(448KB) LOS objects, 33% free, 16MB/24MB, paused 1.482ms total 173.305ms
05-17 17:48:54.789 I/chatty  (25589): uid=10268(com.suretech.playerF) Timer-48 expire 21 lines
05-17 17:48:55.012 E/ctxmgr  (  999): [NetworkUtil]No active synchronizable contexts.
05-17 17:48:56.094 D/ConnectivityService(  602): NetworkAgentInfo [WIFI () - 129] validation failed
05-17 17:48:56.094 D/WifiStateMachine(  602): NETWORK_STATUS_UNWANTED_VALIDATION_FAILED
05-17 17:48:56.122 D/WifiNetworkHistory(  602): saving network history: "KSF"WPA_PSK gw: 00:1d:aa:c6:48:10 Network Selection-status: NETWORK_SELECTION_ENABLED ephemeral=false choice:null link:0 status:1 nid:8 hasEverConnected: true
05-17 17:48:56.122 V/WifiNetworkHistory(  602): writeKnownNetworkHistory write config "KSF"WPA_PSK
05-17 17:48:56.122 D/WifiNetworkHistory(  602): saving network history: "Suretech-QA"WPA_PSK gw: 00:0e:83:63:d2:80 Network Selection-status: NETWORK_SELECTION_ENABLED ephemeral=false choice:"Support-Wifi2"WPA_PSK link:0 status:1 nid:11 hasEverConnected: true
05-17 17:48:56.122 V/WifiNetworkHistory(  602): writeKnownNetworkHistory write config "Suretech-QA"WPA_PSK
05-17 17:48:56.123 D/WifiNetworkHistory(  602): saving network history: "STB-5G"WPA_PSK gw: 00:0e:83:63:d2:80 Network Selection-status: NETWORK_SELECTION_ENABLED ephemeral=false choice:null link:0 status:0 nid:13 hasEverConnected: true
05-17 17:48:56.123 V/WifiNetworkHistory(  602): writeKnownNetworkHistory write config "STB-5G"WPA_PSK
05-17 17:48:56.124 D/WifiNetworkHistory(  602): saving network history: "Connectify-STB"WPA_PSK gw: null Network Selection-status: NETWORK_SELECTION_ENABLED ephemeral=false choice:null link:0 status:1 nid:5 hasEverConnected: true
05-17 17:48:56.124 V/WifiNetworkHistory(  602): writeKnownNetworkHistory write config "Connectify-STB"WPA_PSK
05-17 17:48:56.124 D/WifiNetworkHistory(  602): saving network history: "STB-Limit"WPA_PSK gw: null Network Selection-status: NETWORK_SELECTION_ENABLED ephemeral=false choice:null link:0 status:1 nid:3 hasEverConnected: true
05-17 17:48:56.124 V/WifiNetworkHistory(  602): writeKnownNetworkHistory write config "STB-Limit"WPA_PSK
05-17 17:48:56.124 D/WifiNetworkHistory(  602): saving network history: "STB-Limit2"WPA_PSK gw: null Network Selection-status: NETWORK_SELECTION_ENABLED ephemeral=false choice:null link:0 status:1 nid:4 hasEverConnected: true
05-17 17:48:56.125 V/WifiNetworkHistory(  602): writeKnownNetworkHistory write config "STB-Limit2"WPA_PSK
05-17 17:48:56.125 D/WifiNetworkHistory(  602): saving network history: "Connectify-levis123"WPA_PSK gw: null Network Selection-status: NETWORK_SELECTION_ENABLED ephemeral=false choice:null link:0 status:1 nid:1 hasEverConnected: true
05-17 17:48:56.125 V/WifiNetworkHistory(  602): writeKnownNetworkHistory write config "Connectify-levis123"WPA_PSK
05-17 17:48:56.125 D/WifiNetworkHistory(  602): saving network history: "Support-WIFI2"WPA_PSK gw: null Network Selection-status: NETWORK_SELECTION_ENABLED ephemeral=false choice:null link:0 status:1 nid:6 hasEverConnected: true
05-17 17:48:56.125 V/WifiNetworkHistory(  602): writeKnownNetworkHistory write config "Support-WIFI2"WPA_PSK
05-17 17:48:56.126 D/WifiNetworkHistory(  602): saving network history: "QA-5G"WPA_PSK gw: null Network Selection-status: NETWORK_SELECTION_ENABLED ephemeral=false choice:"STB-5G"WPA_PSK link:0 status:1 nid:15 hasEverConnected: true
05-17 17:48:56.126 V/WifiNetworkHistory(  602): writeKnownNetworkHistory write config "QA-5G"WPA_PSK
05-17 17:48:56.126 D/WifiNetworkHistory(  602): saving network history: "Chromecast5784.b"NONE gw: null Network Selection-status: NETWORK_SELECTION_ENABLED ephemeral=false choice:null link:0 status:1 nid:0 hasEverConnected: false
05-17 17:48:56.126 V/WifiNetworkHistory(  602): writeKnownNetworkHistory write config "Chromecast5784.b"NONE
05-17 17:48:56.127 D/WifiNetworkHistory(  602): saving network history: "Streaming"WPA_PSK gw: null Network Selection-status: NETWORK_SELECTION_ENABLED ephemeral=false choice:"STB-5G"WPA_PSK link:0 status:1 nid:9 hasEverConnected: false
05-17 17:48:56.127 V/WifiNetworkHistory(  602): writeKnownNetworkHistory write config "Streaming"WPA_PSK
05-17 17:48:56.127 D/WifiNetworkHistory(  602): saving network history: "Support-Wifi2"WPA_PSK gw: null Network Selection-status: NETWORK_SELECTION_ENABLED ephemeral=false choice:"STB-5G"WPA_PSK link:0 status:1 nid:12 hasEverConnected: true
05-17 17:48:56.127 V/WifiNetworkHistory(  602): writeKnownNetworkHistory write config "Support-Wifi2"WPA_PSK
05-17 17:48:56.128 D/WifiNetworkHistory(  602): saving network history: "QA"WPA_PSK gw: null Network Selection-status: NETWORK_SELECTION_ENABLED ephemeral=false choice:"STB-5G"WPA_PSK link:0 status:1 nid:14 hasEverConnected: true
05-17 17:48:56.128 V/WifiNetworkHistory(  602): writeKnownNetworkHistory write config "QA"WPA_PSK
05-17 17:48:56.128 D/WifiNetworkHistory(  602): saving network history: "Suretech-QA"NONE gw: null Network Selection-status: NETWORK_SELECTION_ENABLED ephemeral=false choice:null link:0 status:1 nid:10 hasEverConnected: false
05-17 17:48:56.128 V/WifiNetworkHistory(  602): writeKnownNetworkHistory write config "Suretech-QA"NONE
05-17 17:48:56.129 D/WifiNetworkHistory(  602): saving network history: "NETGEAR-robin"WPA_PSK gw: null Network Selection-status: NETWORK_SELECTION_ENABLED ephemeral=false choice:null link:0 status:1 nid:7 hasEverConnected: true
05-17 17:48:56.129 V/WifiNetworkHistory(  602): writeKnownNetworkHistory write config "NETGEAR-robin"WPA_PSK
05-17 17:48:56.129 D/WifiNetworkHistory(  602): saving network history: "Chromecast8588.b"NONE gw: null Network Selection-status: NETWORK_SELECTION_ENABLED ephemeral=false choice:null link:0 status:1 nid:2 hasEverConnected: true
05-17 17:48:56.129 V/WifiNetworkHistory(  602): writeKnownNetworkHistory write config "Chromecast8588.b"NONE
05-17 17:49:05.103 W/ctxmgr  (  999): [WorkManager]Long workInfo: pkg=com.google.android.gms, lbl=InterestRecordExpirationOperation, start=2017-05-17 17:48:56.782+0800, stop=2017-05-17 17:49:05.025+0800, durtn=8243ms
05-17 17:49:29.871 I/PowerManagerService(  602): Waking up from sleep (uid 1000)...
05-17 17:49:29.873 V/KeyguardServiceDelegate(  602): onStartedWakingUp()
05-17 17:49:29.876 I/DisplayPowerController(  602): Blocking screen on until initial contents have been drawn.
05-17 17:49:29.883 V/KeyguardServiceDelegate(  602): onScreenTurnedOn(showListener = com.android.server.policy.PhoneWindowManager$2@f7d0e0)
05-17 17:49:29.884 W/FingerprintManager(20769): isFingerprintHardwareDetected(): Service not connected!
05-17 17:49:29.896 I/DisplayManagerService(  602): Display device changed state: "", ON
05-17 17:49:29.909 D/SurfaceFlinger(  199): Set power mode=2, type=0 flinger=0x72dde30000
05-17 17:49:29.909 D/hwcomposer(  199): hwc_blank: display 0: unblank
05-17 17:49:29.909 D/hwcomposer(  199): hwc_blank_display: display 0: [1 -> 0]
05-17 17:49:29.909 D/hwcomposer(  199): Display 0 layer clip is 1536 x 2048
05-17 17:49:29.909 D/hwcomposer(  199): Display 0 device clip is 1536 x 2048
05-17 17:49:29.910 W/LocalDisplayAdapter(  602): Unable to find color mode 0, ignoring request.
05-17 17:49:29.914 V/KeyguardServiceDelegate(  602): **** SHOWN CALLED ****
05-17 17:49:29.954 I/WifiHAL (  602): Got channel list with 13 channels
05-17 17:49:29.955 I/WifiHAL (  602): Got channel list with 9 channels
05-17 17:49:29.956 I/WifiHAL (  602): Got channel list with 16 channels
05-17 17:49:30.057 D/BrcmNfcJni( 1029): RoutingManager::nfaEeCallback: NFA_EE_SET_TECH_CFG_EVT; status=0x0
05-17 17:49:30.063 D/BrcmNfcJni( 1029): RoutingManager::nfaEeCallback: NFA_EE_SET_PROTO_CFG_EVT; status=0x0
05-17 17:49:30.066 D/BrcmNfcJni( 1029): RoutingManager::commitRouting
05-17 17:49:30.066 D/BrcmNfcJni( 1029): RoutingManager::nfaEeCallback: NFA_EE_UPDATED_EVT
05-17 17:49:30.199 D/SurfaceControl(  602): Excessive delay in setPowerMode(): 290ms
05-17 17:49:30.204 I/CwMcuSensor(  602): CwMcuSensor::flush: fd = 240, sensors_id = 0, path = /sys/class/htc_sensorhub/sensor_hub/flush, err = 0
05-17 17:49:30.204 I/DisplayPowerController(  602): Unblocked screen on after 329 ms
05-17 17:49:30.205 V/KeyguardServiceDelegate(  602): onScreenTurnedOn()
05-17 17:49:30.314 I/chatty  (25589): uid=10268(com.suretech.playerF) Timer-48 expire 70 lines
05-17 17:49:30.838 D/PhoneStatusBar(20769): disable: < expand ICONS alerts SYSTEM_INFO back HOME RECENT clock SEARCH quick_settings >
05-17 17:49:30.845 I/ExoPlayerImpl(16713): Init 2.3.1 [flounder, Nexus 9, htc, 25]
05-17 17:49:30.846 W/ExoPlayerImplInternal(16713): Ignoring messages sent after release.
05-17 17:49:30.848 D/EventLogger(16713): state [0.00, true, I]
05-17 17:49:30.849 D/EventLogger(16713): positionDiscontinuity
05-17 17:49:30.858 D/EventLogger(16713): state [0.01, true, B]
05-17 17:49:30.865 D/PhoneStatusBar(20769): disable: < expand icons* alerts system_info* back HOME RECENT clock SEARCH quick_settings >
05-17 17:49:30.895 D/PhoneStatusBar(20769): disable: < expand icons alerts system_info back home* recent* clock search* quick_settings >
05-17 17:49:30.900 W/InputMethodManagerService(  602): Window already focused, ignoring focus gain of: com.android.internal.view.IInputMethodClient$Stub$Proxy@3df3e47 attribute=android.view.inputmethod.EditorInfo@cf15674, token = android.os.BinderProxy@bec52c8
05-17 17:49:30.910 I/Authzen ( 1443): [DeviceStateSyncManager] The server is in sync with current state. Nothing to do
05-17 17:49:30.913 I/DeviceCache( 1443): Unable to convert the the network interface's MAC Address to string. MAC address cannot be null.
05-17 17:49:30.915 I/DeviceCache( 1443): Unable to convert the the network interface's MAC Address to string. MAC address cannot be null.
05-17 17:49:30.916 I/DeviceCache( 1443): Unable to convert the the network interface's MAC Address to string. MAC address cannot be null.
05-17 17:49:31.057 E/BrcmNfcJni( 1029): nfaConnectionCallback: unknown event ????
05-17 17:49:31.057 D/BrcmNfcJni( 1029): RoutingManager::nfaEeCallback: NFA_EE_SET_TECH_CFG_EVT; status=0x0
05-17 17:49:31.057 D/BrcmNfcJni( 1029): RoutingManager::nfaEeCallback: NFA_EE_SET_PROTO_CFG_EVT; status=0x0
05-17 17:49:31.057 D/BrcmNfcJni( 1029): RoutingManager::commitRouting
05-17 17:49:31.060 D/BrcmNfcJni( 1029): RoutingManager::nfaEeCallback: NFA_EE_UPDATED_EVT
05-17 17:49:31.221 I/ActivityManager(  602): Setting hasTopUi=false for pid=20769
05-17 17:49:32.446 E/java.net.CookieManager(16713): Invalid cookie for http://192.168.22.128:8554/test4kidr/test4kidr.m3u8: 
05-17 17:49:32.465 E/java.net.CookieManager(16713): Invalid cookie for http://192.168.22.128:8554/test4kidr/stream-1-200000/index.m3u8: 
05-17 17:49:32.473 D/EventLogger(16713): sourceInfo [periodCount=1, windowCount=1
05-17 17:49:32.473 D/EventLogger(16713):   period [1079.00]
05-17 17:49:32.473 D/EventLogger(16713):   window [1079.00, true, false]
05-17 17:49:32.473 D/EventLogger(16713): ]
05-17 17:49:32.490 E/java.net.CookieManager(16713): Invalid cookie for http://192.168.22.128:8554/test4kidr/stream-1-200000/frag-8.ts: 
05-17 17:49:32.493 D/EventLogger(16713): loading [true]
05-17 17:49:32.550 D/MediaCodecInfo(16713): NoSupport [codec.profileLevel, avc1.640033, video/avc] [OMX.Nvidia.h264.decode, video/avc] [flounder, Nexus 9, htc, 25]
05-17 17:49:32.558 D/EventLogger(16713): Tracks [
05-17 17:49:32.558 D/EventLogger(16713):   Renderer:0 [
05-17 17:49:32.558 D/EventLogger(16713):     Group:0, adaptive_supported=YES [
05-17 17:49:32.558 D/EventLogger(16713):       [X] Track:0, id=0, mimeType=video/avc, bitrate=264000, res=320x240, supported=YES
05-17 17:49:32.558 D/EventLogger(16713):       [X] Track:1, id=1, mimeType=video/avc, bitrate=424000, res=480x320, supported=YES
05-17 17:49:32.558 D/EventLogger(16713):       [X] Track:2, id=2, mimeType=video/avc, bitrate=832000, res=640x360, supported=YES
05-17 17:49:32.558 D/EventLogger(16713):       [X] Track:3, id=3, mimeType=video/avc, bitrate=1064000, res=720x480, supported=YES
05-17 17:49:32.558 D/EventLogger(16713):       [X] Track:4, id=4, mimeType=video/avc, bitrate=1664000, res=1280x720, supported=YES
05-17 17:49:32.558 D/EventLogger(16713):       [X] Track:5, id=5, mimeType=video/avc, bitrate=2064000, res=1440x960, supported=YES
05-17 17:49:32.558 D/EventLogger(16713):       [X] Track:6, id=6, mimeType=video/avc, bitrate=4064000, res=1920x1080, supported=YES
05-17 17:49:32.559 D/EventLogger(16713):       [ ] Track:7, id=7, mimeType=video/avc, bitrate=5064000, res=4096x2304, supported=NO_EXCEEDS_CAPABILITIES
05-17 17:49:32.559 D/EventLogger(16713):     ]
05-17 17:49:32.559 D/EventLogger(16713):   ]
05-17 17:49:32.559 D/EventLogger(16713):   Renderer:1 [
05-17 17:49:32.559 D/EventLogger(16713):     Group:0, adaptive_supported=N/A [
05-17 17:49:32.559 D/EventLogger(16713):       [X] Track:0, id=1/15, mimeType=audio/mp4a-latm, channels=2, sample_rate=44100, supported=YES
05-17 17:49:32.559 D/EventLogger(16713):     ]
05-17 17:49:32.559 D/EventLogger(16713):   ]
05-17 17:49:32.559 D/EventLogger(16713):   Renderer:2 [
05-17 17:49:32.559 D/EventLogger(16713):     Group:0, adaptive_supported=N/A [
05-17 17:49:32.559 D/EventLogger(16713):       [ ] Track:0, id=1/8219, mimeType=application/cea-608, supported=YES
05-17 17:49:32.559 D/EventLogger(16713):     ]
05-17 17:49:32.559 D/EventLogger(16713):   ]
05-17 17:49:32.559 D/EventLogger(16713):   Renderer:3 [
05-17 17:49:32.559 D/EventLogger(16713):     Group:0, adaptive_supported=N/A [
05-17 17:49:32.559 D/EventLogger(16713):       [X] Track:0, id=1/21, mimeType=application/id3, supported=YES
05-17 17:49:32.559 D/EventLogger(16713):     ]
05-17 17:49:32.559 D/EventLogger(16713):   ]
05-17 17:49:32.559 D/EventLogger(16713): ]
05-17 17:49:32.575 D/EventLogger(16713): videoEnabled [1.73]
05-17 17:49:32.575 D/EventLogger(16713): audioEnabled [1.73]
05-17 17:49:32.586 E/java.net.CookieManager(16713): Invalid cookie for http://192.168.22.128:8554/test4kidr/stream-7-4000000/index.m3u8: 
05-17 17:49:32.619 I/MediaPlayerService(  246): MediaPlayerService::getOMX
05-17 17:49:32.621 I/OMXClient(16713): MuxOMX ctor
05-17 17:49:32.622 I/OMXMaster(  243): makeComponentInstance(OMX.Nvidia.h264.decode) in mediacodec process
05-17 17:49:32.624 I/MediaCodec(16713): [OMX.Nvidia.h264.decode] setting surface generation to 17114114
05-17 17:49:32.625 E/java.net.CookieManager(16713): Invalid cookie for http://192.168.22.128:8554/test4kidr/stream-7-4000000/frag-8.ts: 
05-17 17:49:32.629 E/OMXNodeInstance(  243): getConfig(f3005c:Nvidia.h264.decode, ConfigCommonOutputCrop(0x700000f)) ERROR: BadParameter(0x80001005)
