--------- beginning of system
05-16 14:09:22.002 I/chatty  (  602): uid=1000(system) Binder:602_9 expire 2 lines
05-16 14:09:22.052 I/chatty  (  602): uid=1000(system) Binder:602_A expire 2 lines
05-16 14:09:22.408 I/chatty  (  602): uid=1000(system) Binder:602_1 expire 3 lines
05-16 14:09:22.458 I/chatty  (  602): uid=1000(system) Binder:602_8 expire 5 lines
05-16 14:09:25.874 I/chatty  (  602): uid=1000(system) WifiStateMachin expire 2 lines
05-16 14:25:36.567 I/chatty  (  602): uid=1000(system) batterystats-sy expire 2 lines
05-16 14:39:33.758 D/VoldCryptCmdListener(  187): cryptfs getpwtype
05-16 14:39:33.758 I/chatty  (  602): uid=1000(system) CryptdConnector expire 8 lines
05-16 14:40:04.444 I/chatty  (  602): uid=1000(system) ConnectivitySer expire 22 lines
05-16 14:40:04.445 I/chatty  (  602): uid=1000(system) ActivityManager expire 10 lines
05-16 14:40:04.522 I/chatty  (  602): uid=1000(system) Binder:602_9 expire 8 lines
05-16 14:40:04.524 I/chatty  (  602): uid=1000(system) Binder:602_2 expire 8 lines
05-16 14:40:04.533 I/chatty  (  602): uid=1000(system) Binder:602_4 expire 9 lines
05-16 14:40:04.535 I/chatty  (  602): uid=1000(system) Binder:602_7 expire 8 lines
05-16 14:40:04.540 I/chatty  (  602): uid=1000(system) Binder:602_8 expire 6 lines
05-16 14:40:16.492 I/chatty  (  602): uid=1000(system) Binder:602_A expire 5 lines
05-16 14:40:16.535 I/chatty  (  602): uid=1000(system) Binder:602_6 expire 4 lines
05-16 14:44:22.655 I/chatty  (  602): uid=1000 system_server expire 16 lines
05-16 14:44:22.747 I/chatty  (  602): uid=1000(system) Binder:602_3 expire 10 lines
05-16 14:44:22.779 I/chatty  (  602): uid=1000(system) Binder:602_1 expire 8 lines
05-16 14:50:53.773 D/VoldCryptCmdListener(  187): cryptfs getpwtype
05-16 14:50:53.776 V/FingerprintManager(15057): FingerprintManagerService was null
05-16 14:57:07.660 I/chatty  (  602): uid=1000(system) Binder:602_B expire 5 lines
05-16 14:57:07.661 D/VoldCryptCmdListener(  187): cryptfs getpwtype
05-16 14:57:07.663 V/FingerprintManager(15333): FingerprintManagerService was null
05-16 14:59:48.499 I/chatty  (  602): uid=1000(system) android.bg expire 6 lines
05-16 15:13:41.070 I/chatty  (  602): uid=1000(system) batterystats-sy expire 4 lines
05-16 16:04:32.019 D/VoldCryptCmdListener(  187): cryptfs getpwtype
05-16 16:10:59.583 I/chatty  (  602): uid=1000 system_server expire 11 lines
05-16 16:16:32.557 I/chatty  (  602): uid=1000(system) AlarmManager expire 1 line
05-16 16:16:33.134 D/VoldCryptCmdListener(  187): cryptfs getpwtype
05-16 16:16:33.443 I/chatty  (  602): uid=1000(system) ConnectivitySer expire 34 lines
05-16 16:16:36.028 I/chatty  (  602): uid=1000(system) PackageManager expire 6 lines
05-16 16:16:36.288 I/chatty  (  602): uid=1000(system) Binder:602_5 expire 9 lines
05-16 16:19:03.234 W/ContextImpl(15940): Calling a method in the system process without a qualified user: android.app.ContextImpl.startService:1357 android.content.ContextWrapper.startService:613 android.content.ContextWrapper.startService:613 com.android.keychain.KeyChainBroadcastReceiver.onReceive:12 android.app.ActivityThread.handleReceiver:3040 
05-16 16:19:06.746 D/VoldCryptCmdListener(  187): cryptfs getpwtype
05-16 16:20:14.295 D/VoldCryptCmdListener(  187): cryptfs getpwtype
05-16 16:20:44.477 I/chatty  (  602): uid=1000(system) ActivityManager expire 5 lines
05-16 17:03:33.128 I/chatty  (  602): uid=1000(system) IPC Thread expire 30 lines
05-16 17:17:27.425 I/chatty  (  602): uid=1000(system) WifiStateMachin expire 1 line
05-16 17:43:54.930 D/DownloadManager(15759): Removed 0 stale downloads
05-16 17:43:55.043 D/DownloadManager(15759): Found 4 files in database
05-16 17:43:55.043 D/DownloadManager(15759): Found 0 files on disk
05-16 17:44:00.706 I/chatty  (  602): uid=1000 system_server expire 14 lines
05-16 17:45:00.267 D/VoldCryptCmdListener(  187): cryptfs getpwtype
05-16 17:45:12.525 I/chatty  (  602): uid=1000(system) ConnectivitySer expire 79 lines
05-16 18:12:16.666 I/chatty  (  602): uid=1000(system) Binder:602_8 expire 10 lines
05-16 18:12:16.666 D/VoldCryptCmdListener(  187): cryptfs getpwtype
05-16 18:12:16.667 I/chatty  (  602): uid=1000(system) CryptdConnector expire 2 lines
05-16 18:13:24.623 I/chatty  (  602): uid=1000 system_server expire 34 lines
05-16 18:13:24.632 I/chatty  (  602): uid=1000(system) backup expire 23 lines
05-16 18:13:25.696 I/chatty  (  602): uid=1000(system) ActivityManager expire 10 lines
05-16 18:13:26.065 I/chatty  (  602): uid=1000(system) Binder:602_6 expire 6 lines
05-16 18:13:27.068 I/chatty  (  602): uid=1000(system) Binder:602_9 expire 5 lines
05-16 18:25:15.594 I/chatty  (  602): uid=1000(system) Binder:602_1 expire 2 lines
05-16 18:25:15.657 I/chatty  (  602): uid=1000(system) Binder:602_4 expire 4 lines
05-16 18:41:16.640 I/chatty  (  602): uid=1000(system) Binder:602_A expire 8 lines
05-16 18:41:17.373 I/chatty  (  602): uid=1000(system) Binder:602_3 expire 4 lines
05-16 18:41:17.419 I/chatty  (  602): uid=1000(system) Binder:602_B expire 6 lines
05-16 18:53:05.536 I/chatty  (  602): uid=1000(system) Binder:602_7 expire 5 lines
05-16 19:03:55.330 I/chatty  (  602): uid=1000(system) WifiStateMachin expire 2 lines
05-16 19:29:19.691 I/chatty  (  602): uid=1000(system) onProviders.ECP expire 1 line
05-16 19:29:19.742 I/chatty  (  602): uid=1000(system) android.bg expire 7 lines
05-16 19:30:05.786 I/chatty  (  602): uid=1000(system) Binder:602_5 expire 5 lines
05-16 19:45:25.090 I/chatty  (  602): uid=1000(system) batterystats-sy expire 4 lines
05-16 21:12:39.858 D/VoldCryptCmdListener(  187): cryptfs getpwtype
05-16 21:30:10.675 I/chatty  (  602): uid=1000 system_server expire 7 lines
05-16 21:30:12.527 I/chatty  (  602): uid=1000(system) ConnectivitySer expire 16 lines
05-16 21:45:20.670 I/chatty  (  602): uid=1000 system_server expire 6 lines
05-16 21:45:36.868 I/chatty  (  602): uid=1000 system_server expire 6 lines
05-16 21:45:47.033 I/chatty  (  602): uid=1000 system_server expire 6 lines
05-16 21:50:57.674 I/chatty  (  602): uid=1000 system_server expire 1 line
05-16 21:50:57.784 I/chatty  (  602): uid=1000 system_server expire 3 lines
05-16 21:50:57.831 I/chatty  (  602): uid=1000 system_server expire 1 line
05-16 21:50:59.769 I/chatty  (  602): uid=1000 system_server expire 5 lines
05-16 21:55:00.390 I/chatty  (  602): uid=1000(system) ConnectivitySer expire 7 lines
05-16 22:00:00.137 I/chatty  (  602): uid=1000 system_server expire 34 lines
05-16 22:03:12.681 I/chatty  (  602): uid=1000 system_server expire 6 lines
05-16 22:08:23.670 I/chatty  (  602): uid=1000 system_server expire 6 lines
05-16 22:10:02.135 I/chatty  (  602): uid=1000 system_server expire 6 lines
05-16 22:10:39.727 I/chatty  (  602): uid=1000(system) Binder:602_1 expire 2 lines
05-16 22:10:39.834 I/chatty  (  602): uid=1000(system) Binder:602_5 expire 2 lines
05-16 22:10:40.080 I/chatty  (  602): uid=1000(system) Binder:602_7 expire 1 line
05-16 22:10:40.187 D/VoldCryptCmdListener(  187): cryptfs getpwtype
05-16 22:10:40.187 I/chatty  (  602): uid=1000(system) CryptdConnector expire 1 line
05-16 22:11:39.685 I/chatty  (  602): uid=1000 system_server expire 6 lines
05-16 22:11:40.324 I/chatty  (  602): uid=1000(system) IPC Thread expire 27 lines
05-16 22:11:42.277 I/chatty  (  602): uid=1000 system_server expire 6 lines
05-16 22:12:04.383 I/chatty  (  602): uid=1000(system) Binder:602_6 expire 1 line
05-16 22:13:00.661 I/chatty  (  602): uid=1000(system) Binder:602_8 expire 1 line
05-16 22:13:00.699 I/chatty  (  602): uid=1000(system) Binder:602_B expire 1 line
05-16 22:14:08.402 I/chatty  (  602): uid=1000 system_server expire 6 lines
05-16 22:15:28.690 I/chatty  (  602): uid=1000(system) backup expire 28 lines
05-16 22:15:29.438 I/chatty  (  602): uid=1000(system) Binder:602_9 expire 2 lines
05-16 22:17:53.871 I/chatty  (  602): uid=1000 system_server expire 6 lines
05-16 22:19:30.541 I/chatty  (  602): uid=1000 system_server expire 6 lines
05-16 22:20:01.370 I/chatty  (  602): uid=1000 system_server expire 6 lines
05-16 22:21:01.689 I/chatty  (  602): uid=1000 system_server expire 6 lines
05-16 22:29:10.638 I/chatty  (  602): uid=1000(system) ActivityManager expire 1 line
05-16 22:29:10.728 I/chatty  (  602): uid=1000(system) Binder:602_A expire 1 line
05-16 22:30:11.711 I/chatty  (  602): uid=1000 system_server expire 6 lines
05-16 22:32:55.845 I/chatty  (  602): uid=1000 system_server expire 6 lines
05-16 22:36:01.661 I/chatty  (  602): uid=1000 system_server expire 6 lines
05-16 22:39:39.811 I/chatty  (  602): uid=1000(system) Binder:602_4 expire 2 lines
05-16 22:40:00.644 I/chatty  (  602): uid=1000 system_server expire 6 lines
05-16 22:41:01.737 I/chatty  (  602): uid=1000 system_server expire 6 lines
05-16 22:44:01.679 I/chatty  (  602): uid=1000 system_server expire 6 lines
05-16 22:48:20.760 I/chatty  (  602): uid=1000 system_server expire 6 lines
05-16 22:50:31.918 I/chatty  (  602): uid=1000 system_server expire 6 lines
05-16 22:50:40.264 I/chatty  (  602): uid=1000 system_server expire 6 lines
05-16 22:51:45.310 I/chatty  (  602): uid=1000 system_server expire 6 lines
05-16 22:58:01.067 I/chatty  (  602): uid=1000 system_server expire 6 lines
05-16 22:59:13.914 I/chatty  (  602): uid=1000(system) Binder:602_7 expire 5 lines
05-16 22:59:14.583 I/chatty  (  602): uid=1000(system) Binder:602_5 expire 4 lines
05-16 22:59:14.584 D/VoldCryptCmdListener(  187): cryptfs getpwtype
05-16 22:59:14.585 I/chatty  (  602): uid=1000(system) CryptdConnector expire 2 lines
05-16 22:59:15.370 I/chatty  (  602): uid=1000 system_server expire 29 lines
05-16 22:59:15.372 I/chatty  (  602): uid=1000 system_server expire 6 lines
05-16 22:59:17.938 I/chatty  (  602): uid=1000 system_server expire 6 lines
05-16 22:59:20.470 I/chatty  (  602): uid=1000 system_server expire 6 lines
05-16 22:59:20.979 I/chatty  (  602): uid=1000(system) ConnectivitySer expire 24 lines
05-16 22:59:23.052 I/chatty  (  602): uid=1000 system_server expire 6 lines
05-16 22:59:25.633 I/chatty  (  602): uid=1000 system_server expire 6 lines
05-16 22:59:28.196 I/chatty  (  602): uid=1000 system_server expire 6 lines
05-16 22:59:30.759 I/chatty  (  602): uid=1000 system_server expire 6 lines
05-16 22:59:44.634 I/chatty  (  602): uid=1000(system) Binder:602_B expire 2 lines
05-16 23:00:13.801 I/chatty  (  602): uid=1000 system_server expire 6 lines
05-16 23:00:30.634 I/chatty  (  602): uid=1000 system_server expire 6 lines
05-16 23:00:41.422 I/chatty  (  602): uid=1000 system_server expire 6 lines
05-16 23:00:41.512 I/chatty  (  602): uid=1000 system_server expire 4 lines
05-16 23:00:41.677 I/chatty  (  602): uid=1000(system) Binder:602_3 expire 3 lines
05-16 23:00:41.698 I/chatty  (  602): uid=1000 system_server expire 1 line
05-16 23:00:41.722 I/chatty  (  602): uid=1000(system) Binder:602_1 expire 8 lines
05-16 23:01:07.397 I/chatty  (  602): uid=1000(system) batterystats-sy expire 4 lines
05-16 23:01:13.962 I/chatty  (  602): uid=1000 system_server expire 6 lines
05-16 23:01:14.132 I/chatty  (  602): uid=1000 system_server expire 4 lines
05-16 23:01:14.356 I/chatty  (  602): uid=1000 system_server expire 1 line
05-16 23:01:14.397 I/chatty  (  602): uid=1000(system) Binder:602_A expire 8 lines
05-16 23:02:13.926 I/chatty  (  602): uid=1000(system) ActivityManager expire 6 lines
05-16 23:02:13.945 I/chatty  (  602): uid=1000(system) android.bg expire 5 lines
05-16 23:04:14.597 I/chatty  (  602): uid=1000 system_server expire 6 lines
05-16 23:05:59.620 I/chatty  (  602): uid=1000 system_server expire 6 lines
05-16 23:08:39.888 I/chatty  (  602): uid=1000(system) Binder:602_2 expire 2 lines
05-16 23:31:21.644 I/chatty  (  602): uid=1000(system) WifiStateMachin expire 1 line
05-16 23:31:28.100 I/chatty  (  602): uid=1000(system) Binder:602_8 expire 5 lines
05-16 23:31:28.109 I/chatty  (  602): uid=1000(system) Binder:602_4 expire 3 lines
05-17 00:00:01.337 I/chatty  (  602): uid=1000(system) Binder:602_6 expire 1 line
05-17 00:00:36.900 D/ActivityThread(19158): Loading provider com.google.android.gmail.provider;com.android.mail.notifier;com.google.android.gm.email.provider;com.google.android.gm.tasks.provider;com.google.android.gm.email.notifier: com.android.email.provider.EmailProvider
05-17 00:00:39.663 E/ActivityThread(18396): Service com.android.providers.downloads.DownloadJobService has leaked ServiceConnection android.media.MediaScannerConnection@3356d46 that was originally bound here
05-17 00:00:39.663 E/ActivityThread(18396): android.app.ServiceConnectionLeaked: Service com.android.providers.downloads.DownloadJobService has leaked ServiceConnection android.media.MediaScannerConnection@3356d46 that was originally bound here
05-17 00:00:39.663 E/ActivityThread(18396): 	at android.app.LoadedApk$ServiceDispatcher.<init>(LoadedApk.java:1336)
05-17 00:00:39.663 E/ActivityThread(18396): 	at android.app.LoadedApk.getServiceDispatcher(LoadedApk.java:1231)
05-17 00:00:39.663 E/ActivityThread(18396): 	at android.app.ContextImpl.bindServiceCommon(ContextImpl.java:1450)
05-17 00:00:39.663 E/ActivityThread(18396): 	at android.app.ContextImpl.bindService(ContextImpl.java:1422)
05-17 00:00:39.663 E/ActivityThread(18396): 	at android.content.ContextWrapper.bindService(ContextWrapper.java:636)
05-17 00:00:39.663 E/ActivityThread(18396): 	at android.media.MediaScannerConnection.connect(MediaScannerConnection.java:119)
05-17 00:00:39.663 E/ActivityThread(18396): 	at com.android.providers.downloads.DownloadScanner.requestScan(DownloadScanner.java:130)
05-17 00:00:39.663 E/ActivityThread(18396): 	at com.android.providers.downloads.DownloadScanner.requestScanBlocking(DownloadScanner.java:85)
05-17 00:00:39.663 E/ActivityThread(18396): 	at com.android.providers.downloads.DownloadThread.run(DownloadThread.java:386)
05-17 00:00:46.558 I/chatty  (  602): uid=1000(system) ConnectivitySer expire 20 lines
05-17 00:32:28.691 I/chatty  (  602): uid=1000 system_server expire 12 lines
05-17 00:32:30.158 D/VoldCryptCmdListener(  187): cryptfs getpwtype
05-17 00:58:18.987 D/ConnectivityService(  602): NetworkAgentInfo [WIFI () - 118] validation failed
05-17 00:58:48.043 D/ConnectivityService(  602): NetworkAgentInfo [WIFI () - 118] validation failed
05-17 00:59:33.120 D/ConnectivityService(  602): NetworkAgentInfo [WIFI () - 118] validation failed
05-17 01:00:50.216 D/ConnectivityService(  602): NetworkAgentInfo [WIFI () - 118] validation failed
05-17 01:01:39.648 I/ActivityManager(  602): Killing 19133:com.google.process.gapps/u0a51 (adj 906): empty for 1801s
05-17 01:01:39.649 I/ActivityManager(  602): Killing 19014:com.google.android.calendar/u0a36 (adj 906): empty for 1805s
05-17 01:01:39.650 I/ActivityManager(  602): Killing 19059:com.google.android.deskclock/u0a74 (adj 906): empty for 1806s
05-17 01:01:39.651 I/ActivityManager(  602): Killing 19031:com.android.providers.calendar/u0a2 (adj 906): empty for 1806s
05-17 01:01:39.682 D/ActivityManager(  602): cleanUpApplicationRecord -- 19031
05-17 01:01:39.699 D/ActivityManager(  602): cleanUpApplicationRecord -- 19059
05-17 01:01:39.702 D/ActivityManager(  602): cleanUpApplicationRecord -- 19014
05-17 01:01:39.705 D/ActivityManager(  602): cleanUpApplicationRecord -- 19133
05-17 01:02:09.941 I/ActivityManager(  602): Killing 18396:android.process.media/u0a8 (adj 906): empty for 1830s
05-17 01:02:09.979 D/ActivityManager(  602): cleanUpApplicationRecord -- 18396
05-17 01:03:11.373 D/ConnectivityService(  602): NetworkAgentInfo [WIFI () - 118] validation failed
05-17 01:04:21.727 I/JobServiceContext(  602): Client timed out while executing (no jobFinished received). sending onStop. 1643dff #u0a66/137303610 com.google.android.apps.maps/com.google.android.apps.gmm.offline.OfflineAutoUpdateJobService
05-17 01:04:21.874 I/ActivityManager(  602): Killing 19259:com.google.android.GoogleCamera/u0a50 (adj 906): empty for 1951s
05-17 01:04:21.875 I/ActivityManager(  602): Killing 19158:com.google.android.gm/u0a75 (adj 906): empty for 1955s
05-17 01:04:21.912 D/ActivityManager(  602): cleanUpApplicationRecord -- 19259
05-17 01:04:21.915 D/ActivityManager(  602): cleanUpApplicationRecord -- 19158
05-17 01:09:38.209 D/ConnectivityService(  602): NetworkAgentInfo [WIFI () - 118] validation failed
05-17 01:14:23.219 I/ActivityManager(  602): Start proc 19795:com.google.android.youtube/u0a85 for service com.google.android.youtube/com.google.android.libraries.youtube.common.gcore.gcoreclient.gcm.impl.GcmTaskServiceDelegator
05-17 01:14:24.438 W/ActivityManager(  602): Permission Denial: Accessing service ComponentInfo{com.google.android.music/com.google.android.music.dial.DialMediaRouteProviderService} from pid=19795, uid=10085 that is not exported from uid 10067
05-17 01:14:24.458 D/CryptdConnector(  602): SND -> {57 cryptfs getpwtype}
05-17 01:14:24.458 D/VoldCryptCmdListener(  187): cryptfs getpwtype
05-17 01:14:24.459 D/CryptdConnector(  602): RCV <- {213 57 default}
05-17 01:14:55.848 I/UsageStatsService(  602): User[0] Flushing usage stats to disk
05-17 01:16:21.824 I/JobServiceContext(  602): Client timed out while executing (no jobFinished received). sending onStop. dc8c627 #u0a66/137303610 com.google.android.apps.maps/com.google.android.apps.gmm.offline.OfflineAutoUpdateJobService
05-17 01:16:21.928 I/ActivityManager(  602): Killing 18377:com.google.android.apps.photos/u0a71 (adj 906): empty for 2548s
05-17 01:16:21.968 D/ActivityManager(  602): cleanUpApplicationRecord -- 18377
05-17 01:22:51.935 E/ActivityThread( 1443): Failed to find provider info for com.google.android.wearable.settings
05-17 01:23:01.970 W/ActivityManager(  602): Permission Denial: Accessing service ComponentInfo{com.google.android.music/com.google.android.music.dial.DialMediaRouteProviderService} from pid=19795, uid=10085 that is not exported from uid 10067
05-17 01:23:02.203 I/ActivityManager(  602): Start proc 19945:com.android.printspooler/u0a78 for service com.android.printspooler/.model.PrintSpoolerService
05-17 01:23:06.705 I/ActivityManager(  602): Waited long enough for: ServiceRecord{4b73ce u0 com.google.android.gms/.checkin.CheckinService}
05-17 01:23:07.778 I/ActivityManager(  602): Start proc 19961:com.google.android.gms.unstable/u0a11 for service com.google.android.gms/.droidguard.DroidGuardService
05-17 01:23:15.351 E/ActivityThread( 1443): Failed to find provider info for com.google.android.wearable.settings
05-17 01:23:25.663 W/ActivityManager(  602): Permission Denial: Accessing service ComponentInfo{com.google.android.music/com.google.android.music.dial.DialMediaRouteProviderService} from pid=19795, uid=10085 that is not exported from uid 10067
05-17 01:24:47.072 D/ConnectivityService(  602): NetworkAgentInfo [WIFI () - 118] validation failed
05-17 01:25:58.851 D/ConnectivityService(  602): reportNetworkConnectivity(118, true) by 10011
05-17 01:26:11.893 D/ConnectivityService(  602): NetworkAgentInfo [WIFI () - 118] validation failed
05-17 01:26:25.952 D/ConnectivityService(  602): NetworkAgentInfo [WIFI () - 118] validation failed
05-17 01:26:41.013 D/ConnectivityService(  602): NetworkAgentInfo [WIFI () - 118] validation failed
05-17 01:26:58.075 D/ConnectivityService(  602): NetworkAgentInfo [WIFI () - 118] validation failed
05-17 01:27:19.147 D/ConnectivityService(  602): NetworkAgentInfo [WIFI () - 118] validation failed
05-17 01:27:48.201 D/ConnectivityService(  602): NetworkAgentInfo [WIFI () - 118] validation failed
05-17 01:28:33.259 D/ConnectivityService(  602): NetworkAgentInfo [WIFI () - 118] validation failed
05-17 01:29:50.357 D/ConnectivityService(  602): NetworkAgentInfo [WIFI () - 118] validation failed
05-17 01:30:37.040 E/BatteryStatsService(  602): no controller energy info supplied
05-17 01:30:37.054 E/BatteryStatsService(  602): modem info is invalid: ModemActivityInfo{ mTimestamp=0 mSleepTimeMs=0 mIdleTimeMs=0 mTxTimeMs[]=[0, 0, 0, 0, 0] mRxTimeMs=0 mEnergyUsed=0}
05-17 01:31:45.794 I/ProcessStatsService(  602): Prepared write state in 3ms
05-17 01:32:11.496 D/ConnectivityService(  602): NetworkAgentInfo [WIFI () - 118] validation failed
05-17 01:32:51.767 I/JobServiceContext(  602): Client timed out while executing (no jobFinished received). sending onStop. 83e54cd #u0a66/137303610 com.google.android.apps.maps/com.google.android.apps.gmm.offline.OfflineAutoUpdateJobService
05-17 01:32:51.881 I/ActivityManager(  602): Killing 18968:com.google.android.gms.ui/u0a11 (adj 906): empty for 3101s
05-17 01:32:51.882 I/ActivityManager(  602): Killing 19080:com.google.android.keep/u0a76 (adj 906): empty for 3116s
05-17 01:32:51.917 D/ActivityManager(  602): cleanUpApplicationRecord -- 19080
05-17 01:32:51.922 D/ActivityManager(  602): cleanUpApplicationRecord -- 18968
05-17 01:44:21.084 I/ActivityManager(  602): Start proc 20139:com.google.android.videos/u0a80 for service com.google.android.videos/.service.logging.FlushLogsTaskService
05-17 01:44:21.808 I/ActivityManager(  602): Start proc 20174:com.android.vending/u0a21 for service com.android.vending/com.google.android.finsky.services.ContentFiltersService
05-17 01:44:22.362 I/ActivityManager(  602): Start proc 20221:android.process.media/u0a8 for content provider com.android.providers.downloads/.DownloadProvider
05-17 01:44:22.523 D/CryptdConnector(  602): SND -> {58 cryptfs getpwtype}
05-17 01:44:22.524 D/VoldCryptCmdListener(  187): cryptfs getpwtype
05-17 01:44:22.524 D/CryptdConnector(  602): RCV <- {213 58 default}
05-17 01:44:59.918 I/ActivityManager(  602): Killing 18569:android.process.acore/u0a1 (adj 906): empty for 3198s
05-17 01:44:59.958 D/ActivityManager(  602): cleanUpApplicationRecord -- 18569
05-17 01:45:21.030 I/BackupManagerService(  602): Beginning scheduled full backup operation
05-17 01:45:21.036 I/BackupManagerService(  602): Full backup time but com.estrongs.android.pop is busy; deferring to 2017-05-17 03:00:23
05-17 01:45:21.037 I/BackupManagerService(  602): Nothing pending full backup; rescheduling +71188
05-17 01:46:32.308 I/BackupManagerService(  602): Beginning scheduled full backup operation
05-17 01:46:32.312 I/BackupManagerService(  602): Full backup time but com.google.android.gsf.login is busy; deferring to 2017-05-17 03:46:55
05-17 01:46:32.313 I/BackupManagerService(  602): Nothing pending full backup; rescheduling +1052291
05-17 01:47:04.625 D/ConnectivityService(  602): NetworkAgentInfo [WIFI () - 118] validation failed
05-17 01:53:15.805 I/UsageStatsService(  602): User[0] Flushing usage stats to disk
05-17 01:53:20.834 I/JobServiceContext(  602): Client timed out while executing (no jobFinished received). sending onStop. 5afa25e #u0a66/137303610 com.google.android.apps.maps/com.google.android.apps.gmm.offline.OfflineAutoUpdateJobService
05-17 01:53:20.903 W/ProcessCpuTracker(  602): Skipping unknown process pid 20279
05-17 01:53:20.931 I/ActivityManager(  602): Killing 12785:com.google.android.googlequicksearchbox:search/u0a28 (adj 906): empty for 3645s
05-17 01:53:20.993 D/ConnectivityService(  602): ConnectivityService NetworkRequestInfo binderDied(NetworkRequest [ LISTEN id=12, [ Capabilities: INTERNET&NOT_RESTRICTED&TRUSTED] ], android.os.BinderProxy@be83b96)
05-17 01:53:20.994 E/ConnectivityService(  602): RemoteException caught trying to send a callback msg for NetworkRequest [ LISTEN id=12, [ Capabilities: INTERNET&NOT_RESTRICTED&TRUSTED] ]
05-17 01:53:20.994 D/ActivityManager(  602): cleanUpApplicationRecord -- 12785
05-17 01:54:59.715 D/ConnectivityService(  602): reportNetworkConnectivity(118, true) by 10011
05-17 02:06:51.396 D/ConnectivityService(  602): NetworkAgentInfo [WIFI () - 118] validation failed
05-17 02:13:20.753 I/ActivityManager(  602): Start proc 20313:com.google.android.googlequicksearchbox:search/u0a28 for service com.google.android.googlequicksearchbox/com.google.android.apps.gsa.tasks.VelvetBackgroundTasksIntentService
05-17 02:13:20.777 I/BackupManagerService(  602): Beginning scheduled full backup operation
05-17 02:13:20.779 I/BackupManagerService(  602): Full backup time but com.google.android.ext.services is busy; deferring to 2017-05-17 04:07:19
05-17 02:13:20.780 I/BackupManagerService(  602): Full backup time but com.suretech.playerF is busy; deferring to 2017-05-17 04:33:32
05-17 02:13:20.782 I/BackupManagerService(  602): Nothing pending full backup; rescheduling +189305
05-17 02:13:21.684 I/ActivityManager(  602): Start proc 20350:com.google.android.partnersetup/u0a17 for content provider com.google.android.partnersetup/.RlzAppProvider
05-17 02:13:25.310 D/ConnectivityService(  602): NetworkAgentInfo [WIFI () - 118] validation failed
05-17 02:13:40.357 D/ConnectivityService(  602): NetworkAgentInfo [WIFI () - 118] validation failed
05-17 02:13:57.409 D/ConnectivityService(  602): NetworkAgentInfo [WIFI () - 118] validation failed
05-17 02:14:18.454 D/ConnectivityService(  602): NetworkAgentInfo [WIFI () - 118] validation failed
05-17 02:14:21.774 I/ActivityManager(  602): Start proc 20413:com.google.android.music:main/u0a67 for service com.google.android.music/.sync.google.MusicGcmTaskService
05-17 02:14:21.820 I/ActivityManager(  602): Start proc 20426:com.google.android.apps.walletnfcrel/u0a83 for service com.google.android.apps.walletnfcrel/com.google.commerce.tapandpay.android.valuable.SyncValuablesTaskService
05-17 02:14:22.479 D/CryptdConnector(  602): SND -> {59 cryptfs getpwtype}
05-17 02:14:22.480 D/VoldCryptCmdListener(  187): cryptfs getpwtype
05-17 02:14:22.481 D/CryptdConnector(  602): RCV <- {213 59 default}
05-17 02:14:47.507 D/ConnectivityService(  602): NetworkAgentInfo [WIFI () - 118] validation failed
05-17 02:14:57.857 I/ActivityManager(  602): Start proc 20515:android.process.acore/u0a1 for content provider com.android.providers.contacts/.ContactsProvider2
05-17 02:15:32.550 D/ConnectivityService(  602): NetworkAgentInfo [WIFI () - 118] validation failed
05-17 02:16:30.250 I/BackupManagerService(  602): Beginning scheduled full backup operation
05-17 02:16:30.252 I/BackupManagerService(  602): Full backup time but com.google.android.backuptransport is busy; deferring to 2017-05-17 03:26:46
05-17 02:16:30.253 I/BackupManagerService(  602): Nothing pending full backup; rescheduling +2632888
05-17 02:16:49.617 D/ConnectivityService(  602): NetworkAgentInfo [WIFI () - 118] validation failed
05-17 02:19:10.766 D/ConnectivityService(  602): NetworkAgentInfo [WIFI () - 118] validation failed
05-17 02:20:48.864 I/ActivityManager(  602): Killing 19795:com.google.android.youtube/u0a85 (adj 906): empty for 1801s
05-17 02:20:48.919 D/ConnectivityService(  602): ConnectivityService NetworkRequestInfo binderDied(NetworkRequest [ LISTEN id=18, [ Capabilities: INTERNET&NOT_RESTRICTED&TRUSTED] ], android.os.BinderProxy@b4a39b4)
05-17 02:20:48.920 D/ActivityManager(  602): cleanUpApplicationRecord -- 19795
05-17 02:20:48.920 E/ConnectivityService(  602): RemoteException caught trying to send a callback msg for NetworkRequest [ LISTEN id=18, [ Capabilities: INTERNET&NOT_RESTRICTED&TRUSTED] ]
05-17 02:22:59.241 V/BackupManagerService(  602): Scheduling immediate backup pass
05-17 02:22:59.245 V/BackupManagerService(  602): Running a backup pass
05-17 02:22:59.248 V/BackupManagerService(  602): clearing pending backups
05-17 02:22:59.249 V/PerformBackupTask(  602): Beginning backup of 3 targets
05-17 02:22:59.258 D/PerformBackupTask(  602): invokeAgentForBackup on @pm@
05-17 02:22:59.282 I/BackupRestoreController(  602): Getting widget state for user: 0
05-17 02:22:59.290 D/PerformBackupTask(  602): starting key/value backup of BackupRequest{pkg=com.android.providers.settings}
05-17 02:22:59.294 D/BackupManagerService(  602): awaiting agent for ApplicationInfo{194d34d com.android.providers.settings}
05-17 02:22:59.295 D/BackupManagerService(  602): agentConnected pkg=com.android.providers.settings agent=android.app.backup.BackupAgent$BackupServiceBinder@f0d8dfe
05-17 02:22:59.295 I/BackupManagerService(  602): got agent android.app.backup.BackupAgent$BackupServiceBinder@f0d8dfe
05-17 02:22:59.296 D/PerformBackupTask(  602): invokeAgentForBackup on com.android.providers.settings
05-17 02:22:59.439 I/BackupRestoreController(  602): Getting widget state for user: 0
05-17 02:22:59.440 D/PerformBackupTask(  602): starting key/value backup of BackupRequest{pkg=com.google.android.music}
05-17 02:22:59.443 D/BackupManagerService(  602): awaiting agent for ApplicationInfo{64b3df7 com.google.android.music}
05-17 02:22:59.451 D/BackupManagerService(  602): agentConnected pkg=com.google.android.music agent=android.os.BinderProxy@f7e9262
05-17 02:22:59.451 I/BackupManagerService(  602): got agent android.app.IBackupAgent$Stub$Proxy@34a5ff3
05-17 02:22:59.451 D/PerformBackupTask(  602): invokeAgentForBackup on com.google.android.music
05-17 02:22:59.470 I/BackupRestoreController(  602): Getting widget state for user: 0
05-17 02:23:00.138 D/PerformBackupTask(  602): starting key/value backup of BackupRequest{pkg=com.google.android.inputmethod.pinyin}
05-17 02:23:00.173 I/ActivityManager(  602): Start proc 20577:com.google.android.inputmethod.pinyin/u0a57 for backup com.google.android.inputmethod.pinyin/com.google.android.apps.inputmethod.libs.framework.core.BackupAgent
05-17 02:23:00.177 D/BackupManagerService(  602): awaiting agent for ApplicationInfo{c91610f com.google.android.inputmethod.pinyin}
05-17 02:23:00.440 D/BackupManagerService(  602): agentConnected pkg=com.google.android.inputmethod.pinyin agent=android.os.BinderProxy@6ded76a
05-17 02:23:00.440 I/BackupManagerService(  602): got agent android.app.IBackupAgent$Stub$Proxy@880345b
05-17 02:23:00.440 D/PerformBackupTask(  602): invokeAgentForBackup on com.google.android.inputmethod.pinyin
05-17 02:23:00.447 I/BackupRestoreController(  602): Getting widget state for user: 0
05-17 02:23:01.072 I/BackupManagerService(  602): K/V backup pass finished.
05-17 02:23:20.859 I/JobServiceContext(  602): Client timed out while executing (no jobFinished received). sending onStop. 12fdab1 #u0a66/137303610 com.google.android.apps.maps/com.google.android.apps.gmm.offline.OfflineAutoUpdateJobService
05-17 02:23:20.936 I/ActivityManager(  602): Killing 19961:com.google.android.gms.unstable/u0a11 (adj 906): empty for 1800s
05-17 02:23:20.986 D/ActivityManager(  602): cleanUpApplicationRecord -- 19961
05-17 02:23:59.813 D/ConnectivityService(  602): reportNetworkConnectivity(118, true) by 10011
05-17 02:29:01.668 I/ActivityManager(  602): Killing 19945:com.android.printspooler/u0a78 (adj 906): empty for 1801s
05-17 02:29:01.704 D/ActivityManager(  602): cleanUpApplicationRecord -- 19945
05-17 02:31:28.698 I/ActivityManager(  602): Start proc 20632:com.android.connectivity.metrics/u0a4 for service com.android.connectivity.metrics/.BluetoothJobService
05-17 02:31:29.085 D/ConnectivityService(  602): NetworkAgentInfo [WIFI () - 118] validation failed
05-17 02:48:20.640 D/ConnectivityService(  602): NetworkAgentInfo [WIFI () - 118] validation failed
05-17 02:52:59.897 D/ConnectivityService(  602): reportNetworkConnectivity(118, true) by 10011
05-17 02:53:00.009 I/ActivityManager(  602): Start proc 20684:com.google.android.gms:snet/u0a11 for service com.google.android.gms/.chimera.SnetIntentOperationService
05-17 02:55:23.212 V/KeyValueBackupJob(  602): Scheduling k/v pass in 249 minutes
05-17 02:55:26.284 D/ConnectivityService(  602): NetworkAgentInfo [WIFI () - 118] validation failed
05-17 02:55:43.329 D/ConnectivityService(  602): NetworkAgentInfo [WIFI () - 118] validation failed
05-17 02:56:04.377 D/ConnectivityService(  602): NetworkAgentInfo [WIFI () - 118] validation failed
05-17 02:56:33.435 D/ConnectivityService(  602): NetworkAgentInfo [WIFI () - 118] validation failed
05-17 02:57:18.490 D/ConnectivityService(  602): NetworkAgentInfo [WIFI () - 118] validation failed
05-17 02:58:35.618 D/ConnectivityService(  602): NetworkAgentInfo [WIFI () - 118] validation failed
05-17 02:59:56.165 I/ActivityManager(  602): Idle maintenance over +9h55m44s717ms low RAM for +6m53s641ms
05-17 02:59:56.167 I/MountService(  602): Running fstrim idle maintenance
05-17 02:59:56.168 D/VoldConnector(  602): SND -> {8 fstrim dotrim}
05-17 02:59:56.181 D/VoldConnector(  602): RCV <- {200 8 Command succeeded}
05-17 02:59:56.182 I/MountServiceIdler(  602): Got mount service completion callback
05-17 02:59:56.185 D/vold    (  187): Starting trim of /cache
05-17 02:59:56.191 I/vold    (  187): Trimmed 0 bytes on /cache in 5ms
05-17 02:59:56.192 D/vold    (  187): Starting trim of /data
05-17 02:59:56.195 D/VoldConnector(  602): RCV <- {662 /cache 0 5924668}
05-17 03:00:06.245 W/BroadcastQueue(  602): Timeout of broadcast BroadcastRecord{464270a u-1 android.intent.action.TIME_TICK} - receiver=android.os.BinderProxy@7367c74, started 10000ms ago
05-17 03:00:06.251 W/BroadcastQueue(  602): Receiver during timeout: BroadcastFilter{97aea12 u0 ReceiverList{1d6859d 688 com.android.systemui/10026/u0 remote:7367c74}}
05-17 03:00:08.344 I/vold    (  187): Trimmed 8204058624 bytes on /data in 12151ms
05-17 03:00:08.345 D/VoldConnector(  602): RCV <- {662 /data 8204058624 12151965879}
05-17 03:00:08.369 E/VoldConnector(  602): NDC event {662 /cache 0 5924668} took too long: 12169ms
05-17 03:00:08.679 E/ActivityManager(  602): ANR in com.android.systemui
05-17 03:00:08.679 E/ActivityManager(  602): PID: 688
05-17 03:00:08.679 E/ActivityManager(  602): Reason: Broadcast of Intent { act=android.intent.action.TIME_TICK flg=0x50000014 (has extras) }
05-17 03:00:08.679 E/ActivityManager(  602): Load: 0.0 / 0.0 / 0.0
05-17 03:00:08.679 E/ActivityManager(  602): CPU usage from 858338ms to 0ms ago (2017-05-17 02:14:27.329 to 2017-05-17 03:00:08.355) with 31% awake:
05-17 03:00:08.679 E/ActivityManager(  602):   1.2% 602/system_server: 0.5% user + 0.7% kernel / faults: 3278 minor 17 major
05-17 03:00:08.679 E/ActivityManager(  602):   0.8% 3200/com.suretech.playerF: 0.6% user + 0.1% kernel / faults: 248 minor
05-17 03:00:08.679 E/ActivityManager(  602):   0.3% 999/com.google.android.gms.persistent: 0.2% user + 0.1% kernel / faults: 2184 minor
05-17 03:00:08.679 E/ActivityManager(  602):   0.1% 123/irq/77-tegra_mo: 0% user + 0.1% kernel
05-17 03:00:08.679 E/ActivityManager(  602):   0.1% 1443/com.google.android.gms: 0.1% user + 0% kernel / faults: 5295 minor 5 major
05-17 03:00:08.679 E/ActivityManager(  602):   0.1% 103/mmcqd/0: 0% user + 0.1% kernel
05-17 03:00:08.679 E/ActivityManager(  602):   0.1% 688/com.android.systemui: 0.1% user + 0% kernel / faults: 360 minor
05-17 03:00:08.679 E/ActivityManager(  602):   0.1% 129/ueventd: 0% user + 0% kernel / faults: 375 minor
05-17 03:00:08.679 E/ActivityManager(  602):   0% 176/logd: 0% user + 0% kernel / faults: 15 minor
05-17 03:00:08.679 E/ActivityManager(  602):   0% 19362/com.google.android.apps.maps: 0% user + 0% kernel / faults: 465 minor
05-17 03:00:08.679 E/ActivityManager(  602):   0% 126/dhd_dpc: 0% user + 0% kernel
05-17 03:00:08.679 E/ActivityManager(  602):   0% 20426/com.google.android.apps.walletnfcrel: 0% user + 0% kernel / faults: 166 minor 5 major
05-17 03:00:08.679 E/ActivityManager(  602):   0% 19221/kworker/u5:0: 0% user + 0% kernel
05-17 03:00:08.679 E/ActivityManager(  602):   0% 20413/com.google.android.music:main: 0% user + 0% kernel / faults: 1571 minor
05-17 03:00:08.679 E/ActivityManager(  602):   0% 1296/com.estrongs.android.pop: 0% user + 0% kernel / faults: 308 minor
05-17 03:00:08.679 E/ActivityManager(  602):   0% 19789/kworker/u5:2: 0% user + 0% kernel
05-17 03:00:08.679 E/ActivityManager(  602):   0% 247/netd: 0% user + 0% kernel / faults: 599 minor
05-17 03:00:08.679 E/ActivityManager(  602):   0% 187/vold: 0% user + 0% kernel / faults: 66 minor 3 major
05-17 03:00:08.679 E/ActivityManager(  602):   0% 196/healthd: 0% user + 0% kernel / faults: 44 minor
05-17 03:00:08.679 E/ActivityManager(  602):   0% 197/lmkd: 0% user + 0% kernel / faults: 1 minor
05-17 03:00:08.679 E/ActivityManager(  602):   0% 122/irq/77-tegra_ac: 0% user + 0% kernel
05-17 03:00:08.679 E/ActivityManager(  602):   0% 19787/kworker/1:0: 0% user + 0% kernel
05-17 03:00:08.679 E/ActivityManager(  602):   0% 20266/kworker/1:1: 0% user + 0% kernel
05-17 03:00:08.679 E/ActivityManager(  602):   0% 8/rcu_preempt: 0% user + 0% kernel
05-17 03:00:08.679 E/ActivityManager(  602):   0% 125/dhd_watchdog_th: 0% user + 0% kernel
05-17 03:00:08.679 E/ActivityManager(  602):   0% 121/irq/77-tegra_ac: 0% user + 0% kernel
05-17 03:00:08.679 E/ActivityManager(  602):   0% 198/servicemanager: 0% user + 0% kernel / faults: 422 minor
05-17 03:00:08.679 E/ActivityManager(  602):   0% 20292/kworker/u4:7: 0% user + 0% kernel
05-17 03:00:08.679 E/ActivityManager(  602):   0% 21/irq/80-soctherm: 0% user + 0% kernel
05-17 03:00:08.679 E/ActivityManager(  602):   0% 99/cfinteractive: 0% user + 0% kernel
05-17 03:00:08.679 E/ActivityManager(  602):   0% 1074/com.google.process.gapps: 0% user + 0% kernel / faults: 117 minor
05-17 03:00:08.679 E/ActivityManager(  602):   0% 20283/kworker/u4:3: 0% user + 0% kernel
05-17 03:00:08.679 E/ActivityManager(  602):   0% 199/surfaceflinger: 0% user + 0% kernel / faults: 3 minor
05-17 03:00:08.679 E/ActivityManager(  602):   0% 16188/com.google.android.apps.plus: 0% user + 0% kernel / faults: 101 minor
05-17 03:00:08.679 E/ActivityManager(  602):   0% 230/f2fs_gc-253:2: 0% user + 0% kernel
05-17 03:00:08.679 E/ActivityManager(  602):   0% 27/khubd: 0% user + 0% kernel
05-17 03:00:08.679 E/ActivityManager(  602):   0% 28/irq/118-4-0058: 0% user + 0% kernel
05-17 03:00:08.679 E/ActivityManager(  602):   0% 236/zygote64: 0% user + 0% kernel / faults: 574 minor
05-17 03:00:08.679 E/ActivityManager(  602):   0% 789/com.android.phone: 0% user + 0% kernel / faults: 11 minor
05-17 03:00:08.679 E/ActivityManager(  602):   0% 20221/android.process.media: 0% user + 0% kernel / faults: 256 minor
05-17 03:00:08.679 E/ActivityManager(  602):   0% 7/migration/0: 0% user + 0% kernel
05-17 03:00:08.679 E/ActivityManager(  602):   0% 13/migration/1: 0% user + 0% kernel
05-17 03:00:08.679 E/ActivityManager(  602):   0% 49/kswapd0: 0% user + 0% kernel
05-17 03:00:08.679 E/ActivityManager(  602):   0% 227/dmcrypt_write: 0% user + 0% kernel
05-17 03:00:08.679 E/ActivityManager(  602):   0% 1587/.esfm: 0% user + 0% kernel / faults: 35 minor
05-17 03:00:08.679 E/ActivityManager(  602):   0% 185/debuggerd: 0% user + 0% kernel
05-17 03:00:08.679 E/ActivityManager(  602):   0% 77/irq/189-gk20a_s: 0% user + 0% kernel
05-17 03:00:08.679 E/ActivityManager(  602):   0% 127/dhd_rxf: 0% user + 0% kernel
05-17 03:00:08.679 E/ActivityManager(  602):   0% 746/wpa_supplicant: 0% user + 0% kernel / faults: 26 minor
05-17 03:00:08.679 E/ActivityManager(  602):   0% 12/watchdog/1: 0% user + 0% kernel
05-17 03:00:08.679 E/ActivityManager(  602):   0% 244/mediadrmserver: 0% user + 0% kernel / faults: 847 minor
05-17 03:00:08.679 E/ActivityManager(  602):   0% 3/ksoftirqd/0: 0% user + 0% kernel
05-17 03:00:08.679 E/ActivityManager(  602):   0% 14/ksoftirqd/1: 0% user + 0% kernel
05-17 03:00:08.679 E/ActivityManager(  602):   0% 694/sdcard: 0% user + 0% kernel / faults: 6 minor
05-17 03:00:08.679 E/ActivityManager(  602):   0% 1029/com.android.nfc: 0% user + 0% kernel / faults: 1 minor
05-17 03:00:08.679 E/ActivityManager(  602):   0% 10/rcu_sched: 0% user + 0% kernel
05-17 03:00:08.679 E/ActivityManager(  602):   0% 11/watchdog/0: 0% user + 0% kernel
05-17 03:00:08.679 E/ActivityManager(  602):   0% 16/kworker/1:0H: 0% user + 0% kernel
05-17 03:00:08.679 E/ActivityManager(  602):   0% 81/spi2: 0% user + 0% kernel
05-17 03:00:08.679 E/ActivityManager(  602):   0% 138/watchdogd: 0% user + 0% kernel
05-17 03:00:08.679 E/ActivityManager(  602):   0% 186/debuggerd64: 0% user + 0% kernel
05-17 03:00:08.679 E/ActivityManager(  602):   0% 189/debuggerd64:signaller: 0% user + 0% kernel
05-17 03:00:08.679 E/ActivityManager(  602):   0% 235/tlk_daemon: 0% user + 0% kernel
05-17 03:00:08.679 E/ActivityManager(  602):   0% 663/adbd: 0% user + 0% kernel
05-17 03:00:08.679 E/ActivityManager(  602):   0% 1015/com.google.android.googlequicksearchbox:interactor: 0% user + 0% kernel / faults: 59 minor 4 major
05-17 03:00:08.679 E/ActivityManager(  602):   0% 1439/libestool2.so: 0% user + 0% kernel
05-17 03:00:08.679 E/ActivityManager(  602):   0% 16382/irq/475-CwMcuSe: 0% user + 0% kernel
05-17 03:00:08.679 E/ActivityManager(  602):   0% 20139/com.google.android.videos: 0% user + 0% kernel / faults: 15 minor
05-17 03:00:08.679 E/ActivityManager(  602):   0% 20174/com.android.vending: 0% user + 0% kernel / faults: 8 minor
05-17 03:00:08.679 E/ActivityManager(  602):   0% 
05-17 03:00:08.685 I/ActivityManager(  602): Killing 688:com.android.systemui/u0a26 (adj -800): bg anr
05-17 03:00:08.751 D/WifiService(  602): Client connection lost with reason: 4
05-17 03:00:08.753 I/StatusBarManagerService(  602): binder died for pkg=com.android.systemui
05-17 03:00:08.753 I/WindowManager(  602): WIN DEATH: Window{2cd440b u0 DockedStackDivider}
05-17 03:00:08.758 D/ConnectivityService(  602): ConnectivityService NetworkRequestInfo binderDied(NetworkRequest [ LISTEN id=4, [] ], android.os.BinderProxy@dc21cc8)
05-17 03:00:08.761 W/WallpaperManagerService(  602): Wallpaper service gone: ComponentInfo{com.android.systemui/com.android.systemui.ImageWallpaper}
05-17 03:00:08.762 I/ActivityManager(  602): Process com.android.systemui (pid 688) has died
05-17 03:00:08.763 E/ConnectivityService(  602): RemoteException caught trying to send a callback msg for NetworkRequest [ LISTEN id=4, [] ]
05-17 03:00:08.768 D/ActivityManager(  602): cleanUpApplicationRecord -- 688
05-17 03:00:08.768 W/ActivityManager(  602): Scheduling restart of crashed service com.android.systemui/.keyguard.KeyguardService in 0ms
05-17 03:00:08.774 W/ActivityManager(  602): Scheduling restart of crashed service com.android.systemui/.SystemUIService in 0ms
05-17 03:00:08.774 W/ActivityManager(  602): Scheduling restart of crashed service com.android.systemui/.ImageWallpaper in 0ms
05-17 03:00:08.783 W/ActivityManager(  602): Re-adding persistent process ProcessRecord{54b9864 688:com.android.systemui/u0a26}
05-17 03:00:08.785 I/WindowManager(  602): WIN DEATH: Window{5e3eb39 u0 AssistPreviewPanel}
05-17 03:00:08.790 I/WindowManager(  602): WIN DEATH: Window{93eac98 u0 com.android.systemui.ImageWallpaper}
05-17 03:00:08.793 I/WindowManager(  602): WIN DEATH: Window{25b33dd u0 StatusBar}
05-17 03:00:08.797 W/LocalDisplayAdapter(  602): Unable to find color mode 0, ignoring request.
05-17 03:00:08.806 I/ActivityManager(  602): Start proc 20769:com.android.systemui/u0a26 for restart com.android.systemui
05-17 03:00:08.815 I/WindowManager(  602): WIN DEATH: Window{fbb7a05 u0 NavigationBar}
05-17 03:00:08.853 W/LocalDisplayAdapter(  602): Unable to find color mode 0, ignoring request.
05-17 03:00:08.872 I/ActivityManager(  602): Config changes=480 {1.0 ?mcc?mnc [zh_CN_#Hans] ldltr sw768dp w768dp h952dp 320dpi xlrg port finger -keyb/v/h -nav/h s.7}
05-17 03:00:09.218 W/libprocessgroup(  602): failed to open /acct/uid_10026/pid_688/cgroup.procs: No such file or directory
05-17 03:00:09.230 D/TrustManagerService(  602): Removing dead TrustListener.
05-17 03:00:09.232 V/FingerprintManager(20769): FingerprintManagerService was null
05-17 03:00:09.657 W/LocalDisplayAdapter(  602): Unable to find color mode 0, ignoring request.
05-17 03:00:10.206 I/StatusBarManagerService(  602): registerStatusBar bar=com.android.internal.statusbar.IStatusBar$Stub$Proxy@3aa7e34
05-17 03:00:10.784 D/BluetoothManagerService(  602): Message: 20
05-17 03:00:10.784 D/BluetoothManagerService(  602): Added callback: android.bluetooth.IBluetoothManagerCallback$Stub$Proxy@303dc64:true
05-17 03:00:10.792 D/BluetoothManagerService(  602): Message: 30
05-17 03:00:10.796 D/BluetoothManagerService(  602): Message: 30
05-17 03:00:10.801 D/BluetoothManagerService(  602): Message: 30
05-17 03:00:10.804 D/BluetoothManagerService(  602): Message: 30
05-17 03:00:11.076 W/LocalDisplayAdapter(  602): Unable to find color mode 0, ignoring request.
05-17 03:00:11.099 W/LocalDisplayAdapter(  602): Unable to find color mode 0, ignoring request.
05-17 03:00:11.410 W/LocalDisplayAdapter(  602): Unable to find color mode 0, ignoring request.
05-17 03:00:11.542 W/LocalDisplayAdapter(  602): Unable to find color mode 0, ignoring request.
05-17 03:00:11.645 D/WifiService(  602): New client listening to asynchronous messages
05-17 03:00:23.201 I/BackupManagerService(  602): Beginning scheduled full backup operation
05-17 03:00:23.204 I/BackupManagerService(  602): Full backup time but com.estrongs.android.pop is busy; deferring to 2017-05-17 04:26:10
05-17 03:00:23.205 I/BackupManagerService(  602): Nothing pending full backup; rescheduling +1583149
05-17 03:00:56.751 D/ConnectivityService(  602): NetworkAgentInfo [WIFI () - 118] validation failed
05-17 03:02:00.340 E/BatteryStatsService(  602): no controller energy info supplied
05-17 03:02:00.366 E/BatteryStatsService(  602): modem info is invalid: ModemActivityInfo{ mTimestamp=0 mSleepTimeMs=0 mIdleTimeMs=0 mTxTimeMs[]=[0, 0, 0, 0, 0] mRxTimeMs=0 mEnergyUsed=0}
05-17 03:03:10.175 I/ProcessStatsService(  602): Prepared write state in 10ms
05-17 03:03:10.199 I/ProcessStatsService(  602): Pruning old procstats: /data/system/procstats/state-2017-05-15-01-10-05.bin
05-17 03:04:43.869 I/UsageStatsService(  602): User[0] Flushing usage stats to disk
05-17 03:05:21.697 I/JobServiceContext(  602): Client timed out while executing (no jobFinished received). sending onStop. 92ba8a4 #u0a66/137303610 com.google.android.apps.maps/com.google.android.apps.gmm.offline.OfflineAutoUpdateJobService
05-17 03:05:21.785 I/ActivityManager(  602): Killing 20139:com.google.android.videos/u0a80 (adj 906): empty for 1800s
05-17 03:05:21.830 D/ActivityManager(  602): cleanUpApplicationRecord -- 20139
05-17 03:08:54.139 I/ActivityManager(  602): Killing 20174:com.android.vending/u0a21 (adj 906): empty for 1800s
05-17 03:08:54.194 D/ActivityManager(  602): cleanUpApplicationRecord -- 20174
05-17 03:14:00.656 D/ConnectivityService(  602): NetworkAgentInfo [WIFI () - 118] validation failed
05-17 03:22:00.005 D/ConnectivityService(  602): reportNetworkConnectivity(118, true) by 10011
05-17 03:23:01.241 D/libgps  (  602): proxy_gnss_sv_status_cb: called. num_svs(0)
05-17 03:23:02.165 D/libgps  (  602): proxy_gnss_sv_status_cb: called. num_svs(1)
05-17 03:23:03.214 D/libgps  (  602): proxy_gnss_sv_status_cb: called. num_svs(3)
05-17 03:23:04.224 D/libgps  (  602): proxy_gnss_sv_status_cb: called. num_svs(6)
05-17 03:23:05.215 D/libgps  (  602): proxy_gnss_sv_status_cb: called. num_svs(7)
05-17 03:23:06.216 D/libgps  (  602): proxy_gnss_sv_status_cb: called. num_svs(7)
05-17 03:23:07.225 D/libgps  (  602): proxy_gnss_sv_status_cb: called. num_svs(7)
05-17 03:23:08.225 D/libgps  (  602): proxy_gnss_sv_status_cb: called. num_svs(7)
05-17 03:23:09.228 D/libgps  (  602): proxy_gnss_sv_status_cb: called. num_svs(7)
05-17 03:23:10.237 D/libgps  (  602): proxy_gnss_sv_status_cb: called. num_svs(7)
05-17 03:23:11.250 D/libgps  (  602): proxy_gnss_sv_status_cb: called. num_svs(7)
05-17 03:23:11.746 D/ConnectivityService(  602): NetworkAgentInfo [WIFI () - 118] validation failed
05-17 03:23:12.243 D/libgps  (  602): proxy_gnss_sv_status_cb: called. num_svs(7)
05-17 03:23:13.246 D/libgps  (  602): proxy_gnss_sv_status_cb: called. num_svs(7)
05-17 03:23:14.250 D/libgps  (  602): proxy_gnss_sv_status_cb: called. num_svs(7)
05-17 03:23:15.255 D/libgps  (  602): proxy_gnss_sv_status_cb: called. num_svs(8)
05-17 03:23:16.286 D/libgps  (  602): proxy_gnss_sv_status_cb: called. num_svs(9)
05-17 03:23:17.234 D/libgps  (  602): proxy_gnss_sv_status_cb: called. num_svs(8)
05-17 03:23:18.251 D/libgps  (  602): proxy_gnss_sv_status_cb: called. num_svs(8)
05-17 03:23:19.258 D/libgps  (  602): proxy_gnss_sv_status_cb: called. num_svs(8)
05-17 03:23:20.237 D/libgps  (  602): proxy_gnss_sv_status_cb: called. num_svs(8)
05-17 03:23:21.234 D/libgps  (  602): proxy_gnss_sv_status_cb: called. num_svs(8)
05-17 03:23:22.239 D/libgps  (  602): proxy_gnss_sv_status_cb: called. num_svs(8)
05-17 03:23:23.245 D/libgps  (  602): proxy_gnss_sv_status_cb: called. num_svs(9)
05-17 03:23:24.244 D/libgps  (  602): proxy_gnss_sv_status_cb: called. num_svs(9)
05-17 03:23:25.314 D/libgps  (  602): proxy_gnss_sv_status_cb: called. num_svs(11)
05-17 03:23:25.789 D/ConnectivityService(  602): NetworkAgentInfo [WIFI () - 118] validation failed
05-17 03:23:26.318 D/libgps  (  602): proxy_gnss_sv_status_cb: called. num_svs(11)
05-17 03:23:27.321 D/libgps  (  602): proxy_gnss_sv_status_cb: called. num_svs(12)
05-17 03:23:28.313 D/libgps  (  602): proxy_gnss_sv_status_cb: called. num_svs(12)
05-17 03:23:29.320 D/libgps  (  602): proxy_gnss_sv_status_cb: called. num_svs(12)
05-17 03:23:30.322 D/libgps  (  602): proxy_gnss_sv_status_cb: called. num_svs(12)
05-17 03:32:30.666 I/BackupManagerService(  602): Beginning scheduled full backup operation
05-17 03:32:30.669 I/BackupManagerService(  602): Full backup time but com.google.android.backuptransport is busy; deferring to 2017-05-17 05:00:39
05-17 03:32:30.670 I/BackupManagerService(  602): Nothing pending full backup; rescheduling +864617
05-17 03:32:30.766 D/ConnectivityService(  602): NetworkAgentInfo [WIFI () - 118] validation failed
05-17 03:48:21.669 I/BackupManagerService(  602): Beginning scheduled full backup operation
05-17 03:48:21.671 I/BackupManagerService(  602): Full backup time but com.google.android.gsf.login is busy; deferring to 2017-05-17 05:26:27
05-17 03:48:21.672 I/BackupManagerService(  602): Nothing pending full backup; rescheduling +1137828
05-17 03:51:00.726 D/ConnectivityService(  602): reportNetworkConnectivity(118, true) by 10011
05-17 03:52:01.671 D/ConnectivityService(  602): NetworkAgentInfo [WIFI () - 118] validation failed
05-17 04:13:52.672 I/BackupManagerService(  602): Beginning scheduled full backup operation
